The command could not be loaded, possibly because:
  * You intended to execute a .NET application:
      The application 'build' does not exist.
  * You intended to execute a .NET SDK command:
      A compatible .NET SDK was not found.

Requested SDK version: 9.0.0
global.json file: /mnt/c/programming/L4HProject/global.json

Installed SDKs:

Install the [9.0.0] .NET SDK or update [/mnt/c/programming/L4HProject/global.json] to match an installed SDK.

Learn about SDK resolution:
https://aka.ms/dotnet/sdk-not-found
8.0.119 [/var/snap/dotnet/common/dotnet/sdk]
