  L4H.UI.Wrap.Tests -> C:\programming\L4HProject\tests\ui.wrap\bin\Release\net9.0\L4H.UI.Wrap.Tests.dll
  L4H.Shared -> C:\programming\L4HProject\src\shared\bin\Release\net9.0\L4H.Shared.dll
  L4H.UploadGateway -> C:\programming\L4HProject\src\upload-gateway\bin\Debug\net9.0\L4H.UploadGateway.dll
  L4H.UploadGateway.Tests -> C:\programming\L4HProject\tests\upload-gateway.tests\bin\Release\net9.0\L4H.UploadGateway.Tests.dll
C:\programming\L4HProject\src\infrastructure\Entities\UserNotificationPreference.cs(11,17): warning CS8618: Non-nullable property 'User' must contain a non-null value when exiting constructor. Consider adding the 'required' modifier or declaring the property as nullable. [C:\programming\L4HProject\src\infrastructure\L4H.Infrastructure.csproj]
C:\programming\L4HProject\src\infrastructure\Services\MailService.cs(29,34): warning CS8604: Possible null reference argument for parameter 's' in 'int int.Parse(string s, IFormatProvider? provider)'. [C:\programming\L4HProject\src\infrastructure\L4H.Infrastructure.csproj]
C:\programming\L4HProject\src\infrastructure\Services\MailService.cs(39,47): warning CS8604: Possible null reference argument for parameter 'from' in 'MailMessage.MailMessage(string from, string to, string? subject, string? body)'. [C:\programming\L4HProject\src\infrastructure\L4H.Infrastructure.csproj]
C:\programming\L4HProject\src\infrastructure\Services\NotificationService.cs(36,24): warning CS8603: Possible null reference return. [C:\programming\L4HProject\src\infrastructure\L4H.Infrastructure.csproj]
C:\programming\L4HProject\src\infrastructure\Entities\NotificationTemplate.cs(11,19): warning CS8618: Non-nullable property 'Name' must contain a non-null value when exiting constructor. Consider adding the 'required' modifier or declaring the property as nullable. [C:\programming\L4HProject\src\infrastructure\L4H.Infrastructure.csproj]
C:\programming\L4HProject\src\infrastructure\Entities\NotificationTemplate.cs(18,19): warning CS8618: Non-nullable property 'SubjectTemplate' must contain a non-null value when exiting constructor. Consider adding the 'required' modifier or declaring the property as nullable. [C:\programming\L4HProject\src\infrastructure\L4H.Infrastructure.csproj]
C:\programming\L4HProject\src\infrastructure\Entities\NotificationTemplate.cs(22,19): warning CS8618: Non-nullable property 'BodyTemplate' must contain a non-null value when exiting constructor. Consider adding the 'required' modifier or declaring the property as nullable. [C:\programming\L4HProject\src\infrastructure\L4H.Infrastructure.csproj]
C:\programming\L4HProject\src\infrastructure\Entities\Notification.cs(11,17): warning CS8618: Non-nullable property 'User' must contain a non-null value when exiting constructor. Consider adding the 'required' modifier or declaring the property as nullable. [C:\programming\L4HProject\src\infrastructure\L4H.Infrastructure.csproj]
C:\programming\L4HProject\src\infrastructure\Entities\Notification.cs(15,19): warning CS8618: Non-nullable property 'Title' must contain a non-null value when exiting constructor. Consider adding the 'required' modifier or declaring the property as nullable. [C:\programming\L4HProject\src\infrastructure\L4H.Infrastructure.csproj]
C:\programming\L4HProject\src\infrastructure\Entities\Notification.cs(19,19): warning CS8618: Non-nullable property 'Message' must contain a non-null value when exiting constructor. Consider adding the 'required' modifier or declaring the property as nullable. [C:\programming\L4HProject\src\infrastructure\L4H.Infrastructure.csproj]
C:\programming\L4HProject\src\infrastructure\Services\RateLimitingService.cs(45,17): warning CS8602: Dereference of a possibly null reference. [C:\programming\L4HProject\src\infrastructure\L4H.Infrastructure.csproj]
C:\programming\L4HProject\src\infrastructure\Services\RateLimitingService.cs(33,37): warning CS1998: This async method lacks 'await' operators and will run synchronously. Consider using the 'await' operator to await non-blocking API calls, or 'await Task.Run(...)' to do CPU-bound work on a background thread. [C:\programming\L4HProject\src\infrastructure\L4H.Infrastructure.csproj]
C:\programming\L4HProject\src\infrastructure\Services\FileUploadService.cs(145,29): warning CS1998: This async method lacks 'await' operators and will run synchronously. Consider using the 'await' operator to await non-blocking API calls, or 'await Task.Run(...)' to do CPU-bound work on a background thread. [C:\programming\L4HProject\src\infrastructure\L4H.Infrastructure.csproj]
C:\programming\L4HProject\src\infrastructure\Services\FileUploadService.cs(365,29): warning CS1998: This async method lacks 'await' operators and will run synchronously. Consider using the 'await' operator to await non-blocking API calls, or 'await Task.Run(...)' to do CPU-bound work on a background thread. [C:\programming\L4HProject\src\infrastructure\L4H.Infrastructure.csproj]
  L4H.Infrastructure -> C:\programming\L4HProject\src\infrastructure\bin\Release\net9.0\L4H.Infrastructure.dll
Resources\Shared.es-ES.resx : warning MSB3568: Duplicate resource name "Workflow.LookupNotFound" is not allowed, ignored. [C:\programming\L4HProject\src\api\L4H.Api.csproj]
Resources\Shared.es-ES.resx : warning MSB3568: Duplicate resource name "Workflow.LookupOk" is not allowed, ignored. [C:\programming\L4HProject\src\api\L4H.Api.csproj]
C:\programming\L4HProject\src\scraper\Worker.cs(120,45): warning CS1998: This async method lacks 'await' operators and will run synchronously. Consider using the 'await' operator to await non-blocking API calls, or 'await Task.Run(...)' to do CPU-bound work on a background thread. [C:\programming\L4HProject\src\scraper\L4H.ScraperWorker.csproj]
  L4H.ScraperWorker -> C:\programming\L4HProject\src\scraper\bin\Release\net9.0\L4H.ScraperWorker.dll
C:\programming\L4HProject\tests\Infra.Tests\AdaptiveInterviewServiceEdgeCaseTests.cs(473,33): warning CS8625: Cannot convert null literal to non-nullable reference type. [C:\programming\L4HProject\tests\Infra.Tests\L4H.Infra.Tests.csproj]
  L4H.Infra.Tests -> C:\programming\L4HProject\tests\Infra.Tests\bin\Release\net9.0\L4H.Infra.Tests.dll
C:\programming\L4HProject\src\api\Controllers\AuthController.cs(115,74): warning CS8602: Dereference of a possibly null reference. [C:\programming\L4HProject\src\api\L4H.Api.csproj]
C:\programming\L4HProject\src\api\Controllers\AuthController.cs(115,74): warning CS8629: Nullable value type may be null. [C:\programming\L4HProject\src\api\L4H.Api.csproj]
C:\programming\L4HProject\src\api\Controllers\PricingController.cs(108,24): warning CS8601: Possible null reference assignment. [C:\programming\L4HProject\src\api\L4H.Api.csproj]
C:\programming\L4HProject\src\api\Controllers\PricingController.cs(116,55): warning CS1998: This async method lacks 'await' operators and will run synchronously. Consider using the 'await' operator to await non-blocking API calls, or 'await Task.Run(...)' to do CPU-bound work on a background thread. [C:\programming\L4HProject\src\api\L4H.Api.csproj]
C:\programming\L4HProject\src\api\Controllers\PublicController.cs(32,35): warning CS8601: Possible null reference assignment. [C:\programming\L4HProject\src\api\L4H.Api.csproj]
  L4H.Scraper.Tests -> C:\programming\L4HProject\tests\scraper.tests\bin\Release\net9.0\L4H.Scraper.Tests.dll
  L4H.Api -> C:\programming\L4HProject\src\api\bin\Release\net9.0\L4H.Api.dll
  L4H.UI.E2E.Tests -> C:\programming\L4HProject\tests\ui.e2e\bin\Release\net9.0\L4H.UI.E2E.Tests.dll
  L4H.Api.Tests -> C:\programming\L4HProject\tests\api.tests\bin\Release\net9.0\L4H.Api.Tests.dll

Build succeeded.

C:\programming\L4HProject\src\infrastructure\Entities\UserNotificationPreference.cs(11,17): warning CS8618: Non-nullable property 'User' must contain a non-null value when exiting constructor. Consider adding the 'required' modifier or declaring the property as nullable. [C:\programming\L4HProject\src\infrastructure\L4H.Infrastructure.csproj]
C:\programming\L4HProject\src\infrastructure\Services\MailService.cs(29,34): warning CS8604: Possible null reference argument for parameter 's' in 'int int.Parse(string s, IFormatProvider? provider)'. [C:\programming\L4HProject\src\infrastructure\L4H.Infrastructure.csproj]
C:\programming\L4HProject\src\infrastructure\Services\MailService.cs(39,47): warning CS8604: Possible null reference argument for parameter 'from' in 'MailMessage.MailMessage(string from, string to, string? subject, string? body)'. [C:\programming\L4HProject\src\infrastructure\L4H.Infrastructure.csproj]
C:\programming\L4HProject\src\infrastructure\Services\NotificationService.cs(36,24): warning CS8603: Possible null reference return. [C:\programming\L4HProject\src\infrastructure\L4H.Infrastructure.csproj]
C:\programming\L4HProject\src\infrastructure\Entities\NotificationTemplate.cs(11,19): warning CS8618: Non-nullable property 'Name' must contain a non-null value when exiting constructor. Consider adding the 'required' modifier or declaring the property as nullable. [C:\programming\L4HProject\src\infrastructure\L4H.Infrastructure.csproj]
C:\programming\L4HProject\src\infrastructure\Entities\NotificationTemplate.cs(18,19): warning CS8618: Non-nullable property 'SubjectTemplate' must contain a non-null value when exiting constructor. Consider adding the 'required' modifier or declaring the property as nullable. [C:\programming\L4HProject\src\infrastructure\L4H.Infrastructure.csproj]
C:\programming\L4HProject\src\infrastructure\Entities\NotificationTemplate.cs(22,19): warning CS8618: Non-nullable property 'BodyTemplate' must contain a non-null value when exiting constructor. Consider adding the 'required' modifier or declaring the property as nullable. [C:\programming\L4HProject\src\infrastructure\L4H.Infrastructure.csproj]
C:\programming\L4HProject\src\infrastructure\Entities\Notification.cs(11,17): warning CS8618: Non-nullable property 'User' must contain a non-null value when exiting constructor. Consider adding the 'required' modifier or declaring the property as nullable. [C:\programming\L4HProject\src\infrastructure\L4H.Infrastructure.csproj]
C:\programming\L4HProject\src\infrastructure\Entities\Notification.cs(15,19): warning CS8618: Non-nullable property 'Title' must contain a non-null value when exiting constructor. Consider adding the 'required' modifier or declaring the property as nullable. [C:\programming\L4HProject\src\infrastructure\L4H.Infrastructure.csproj]
C:\programming\L4HProject\src\infrastructure\Entities\Notification.cs(19,19): warning CS8618: Non-nullable property 'Message' must contain a non-null value when exiting constructor. Consider adding the 'required' modifier or declaring the property as nullable. [C:\programming\L4HProject\src\infrastructure\L4H.Infrastructure.csproj]
C:\programming\L4HProject\src\infrastructure\Services\RateLimitingService.cs(45,17): warning CS8602: Dereference of a possibly null reference. [C:\programming\L4HProject\src\infrastructure\L4H.Infrastructure.csproj]
C:\programming\L4HProject\src\infrastructure\Services\RateLimitingService.cs(33,37): warning CS1998: This async method lacks 'await' operators and will run synchronously. Consider using the 'await' operator to await non-blocking API calls, or 'await Task.Run(...)' to do CPU-bound work on a background thread. [C:\programming\L4HProject\src\infrastructure\L4H.Infrastructure.csproj]
C:\programming\L4HProject\src\infrastructure\Services\FileUploadService.cs(145,29): warning CS1998: This async method lacks 'await' operators and will run synchronously. Consider using the 'await' operator to await non-blocking API calls, or 'await Task.Run(...)' to do CPU-bound work on a background thread. [C:\programming\L4HProject\src\infrastructure\L4H.Infrastructure.csproj]
C:\programming\L4HProject\src\infrastructure\Services\FileUploadService.cs(365,29): warning CS1998: This async method lacks 'await' operators and will run synchronously. Consider using the 'await' operator to await non-blocking API calls, or 'await Task.Run(...)' to do CPU-bound work on a background thread. [C:\programming\L4HProject\src\infrastructure\L4H.Infrastructure.csproj]
Resources\Shared.es-ES.resx : warning MSB3568: Duplicate resource name "Workflow.LookupNotFound" is not allowed, ignored. [C:\programming\L4HProject\src\api\L4H.Api.csproj]
Resources\Shared.es-ES.resx : warning MSB3568: Duplicate resource name "Workflow.LookupOk" is not allowed, ignored. [C:\programming\L4HProject\src\api\L4H.Api.csproj]
C:\programming\L4HProject\src\scraper\Worker.cs(120,45): warning CS1998: This async method lacks 'await' operators and will run synchronously. Consider using the 'await' operator to await non-blocking API calls, or 'await Task.Run(...)' to do CPU-bound work on a background thread. [C:\programming\L4HProject\src\scraper\L4H.ScraperWorker.csproj]
C:\programming\L4HProject\tests\Infra.Tests\AdaptiveInterviewServiceEdgeCaseTests.cs(473,33): warning CS8625: Cannot convert null literal to non-nullable reference type. [C:\programming\L4HProject\tests\Infra.Tests\L4H.Infra.Tests.csproj]
C:\programming\L4HProject\src\api\Controllers\AuthController.cs(115,74): warning CS8602: Dereference of a possibly null reference. [C:\programming\L4HProject\src\api\L4H.Api.csproj]
C:\programming\L4HProject\src\api\Controllers\AuthController.cs(115,74): warning CS8629: Nullable value type may be null. [C:\programming\L4HProject\src\api\L4H.Api.csproj]
C:\programming\L4HProject\src\api\Controllers\PricingController.cs(108,24): warning CS8601: Possible null reference assignment. [C:\programming\L4HProject\src\api\L4H.Api.csproj]
C:\programming\L4HProject\src\api\Controllers\PricingController.cs(116,55): warning CS1998: This async method lacks 'await' operators and will run synchronously. Consider using the 'await' operator to await non-blocking API calls, or 'await Task.Run(...)' to do CPU-bound work on a background thread. [C:\programming\L4HProject\src\api\L4H.Api.csproj]
C:\programming\L4HProject\src\api\Controllers\PublicController.cs(32,35): warning CS8601: Possible null reference assignment. [C:\programming\L4HProject\src\api\L4H.Api.csproj]
    23 Warning(s)
    0 Error(s)

Time Elapsed 00:00:21.68

Workload updates are available. Run `dotnet workload list` for more information.
