  Determining projects to restore...
  All projects are up-to-date for restore.
  L4H.UI.Wrap.Tests -> C:\programming\L4HProject\tests\ui.wrap\bin\Debug\net9.0\L4H.UI.Wrap.Tests.dll
Test run for C:\programming\L4HProject\tests\ui.wrap\bin\Debug\net9.0\L4H.UI.Wrap.Tests.dll (.NETCoreApp,Version=v9.0)
VSTest version 17.14.1 (x64)

Starting test execution, please wait...
A total of 1 test files matched the specified pattern.
  L4H.UploadGateway -> C:\programming\L4HProject\src\upload-gateway\bin\Debug\net9.0\L4H.UploadGateway.dll
  L4H.Shared -> C:\programming\L4HProject\src\shared\bin\Debug\net9.0\L4H.Shared.dll
  L4H.Infrastructure -> C:\programming\L4HProject\src\infrastructure\bin\Debug\net9.0\L4H.Infrastructure.dll

Passed!  - Failed:     0, Passed:     3, Skipped:     0, Total:     3, Duration: 21 ms - L4H.UI.Wrap.Tests.dll (net9.0)
  L4H.UploadGateway.Tests -> C:\programming\L4HProject\tests\upload-gateway.tests\bin\Debug\net9.0\L4H.UploadGateway.Tests.dll
Test run for C:\programming\L4HProject\tests\upload-gateway.tests\bin\Debug\net9.0\L4H.UploadGateway.Tests.dll (.NETCoreApp,Version=v9.0)
VSTest version 17.14.1 (x64)

  L4H.ScraperWorker -> C:\programming\L4HProject\src\scraper\bin\Debug\net9.0\L4H.ScraperWorker.dll
  L4H.Infra.Tests -> C:\programming\L4HProject\tests\Infra.Tests\bin\Debug\net9.0\L4H.Infra.Tests.dll
Test run for C:\programming\L4HProject\tests\Infra.Tests\bin\Debug\net9.0\L4H.Infra.Tests.dll (.NETCoreApp,Version=v9.0)
Starting test execution, please wait...
A total of 1 test files matched the specified pattern.
VSTest version 17.14.1 (x64)

Starting test execution, please wait...
A total of 1 test files matched the specified pattern.
  L4H.Api -> C:\programming\L4HProject\src\api\bin\Debug\net9.0\L4H.Api.dll
  L4H.Scraper.Tests -> C:\programming\L4HProject\tests\scraper.tests\bin\Debug\net9.0\L4H.Scraper.Tests.dll
Test run for C:\programming\L4HProject\tests\scraper.tests\bin\Debug\net9.0\L4H.Scraper.Tests.dll (.NETCoreApp,Version=v9.0)
VSTest version 17.14.1 (x64)

Starting test execution, please wait...
A total of 1 test files matched the specified pattern.
  L4H.Api.Tests -> C:\programming\L4HProject\tests\api.tests\bin\Debug\net9.0\L4H.Api.Tests.dll
[xUnit.net 00:00:00.45]     L4H.Infra.Tests.CaddyfileValidates.Caddyfile_ShouldValidateWithCaddy [SKIP]
Test run for C:\programming\L4HProject\tests\api.tests\bin\Debug\net9.0\L4H.Api.Tests.dll (.NETCoreApp,Version=v9.0)
  Skipped L4H.Infra.Tests.CaddyfileValidates.Caddyfile_ShouldValidateWithCaddy [1 ms]
  L4H.UI.E2E.Tests -> C:\programming\L4HProject\tests\ui.e2e\bin\Debug\net9.0\L4H.UI.E2E.Tests.dll
Test run for C:\programming\L4HProject\tests\ui.e2e\bin\Debug\net9.0\L4H.UI.E2E.Tests.dll (.NETCoreApp,Version=v9.0)
VSTest version 17.14.1 (x64)

VSTest version 17.14.1 (x64)

Starting test execution, please wait...

Passed!  - Failed:     0, Passed:    17, Skipped:     0, Total:    17, Duration: 779 ms - L4H.UploadGateway.Tests.dll (net9.0)
A total of 1 test files matched the specified pattern.
Starting test execution, please wait...
A total of 1 test files matched the specified pattern.

Passed!  - Failed:     0, Passed:    93, Skipped:     1, Total:    94, Duration: 2 s - L4H.Infra.Tests.dll (net9.0)

Passed!  - Failed:     0, Passed:     6, Skipped:     0, Total:     6, Duration: 3 s - L4H.Scraper.Tests.dll (net9.0)
[xUnit.net 00:00:06.72]     L4H.UI.E2E.Tests.L4H_E2E_Tests.L4H_Login_Shows_Dashboard [SKIP]
[xUnit.net 00:00:06.73]     L4H.UI.E2E.Tests.L4H_E2E_Tests.Cannlaw_Login_Shows_Schedule [SKIP]
  Skipped L4H.UI.E2E.Tests.L4H_E2E_Tests.L4H_Login_Shows_Dashboard [1 ms]
  Skipped L4H.UI.E2E.Tests.L4H_E2E_Tests.Cannlaw_Login_Shows_Schedule [1 ms]
  Failed 🇺🇸→🇬🇹 US Citizen Adopting Guatemalan Child (IR-3) [12 s]
  Error Message:
   System.TimeoutException : Timeout 10000ms exceeded.
Call log:
  - waiting for Locator("input[name='email']") to be visible
  Stack Trace:
     at Microsoft.Playwright.Transport.Connection.InnerSendMessageToServerAsync[T](ChannelOwnerBase object, String method, Dictionary`2 dictionary, Boolean keepNulls) in /_/src/Playwright/Transport/Connection.cs:line 209
   at Microsoft.Playwright.Transport.Connection.WrapApiCallAsync[T](Func`1 action, Boolean isInternal) in /_/src/Playwright/Transport/Connection.cs:line 535
   at Microsoft.Playwright.Core.Frame.WaitForSelectorAsync(String selector, FrameWaitForSelectorOptions options) in /_/src/Playwright/Core/Frame.cs:line 527
   at L4H.UI.E2E.Tests.AdoptionWorkflowTests.RegisterUSCitizen(IPage page, String email, String firstName, String lastName) in C:\programming\L4HProject\tests\ui.e2e\AdoptionWorkflowTests.cs:line 44
   at L4H.UI.E2E.Tests.AdoptionWorkflowTests.USCitizen_IR3_Guatemalan_Child_Adoption_Test() in C:\programming\L4HProject\tests\ui.e2e\AdoptionWorkflowTests.cs:line 259
   at L4H.UI.E2E.Tests.AdoptionWorkflowTests.USCitizen_IR3_Guatemalan_Child_Adoption_Test() in C:\programming\L4HProject\tests\ui.e2e\AdoptionWorkflowTests.cs:line 290
--- End of stack trace from previous location ---
  Standard Output Messages:
 Registering US Citizen for adoption: ir3-guatemala-feeed256@testing.com
 CONSOLE [debug]: [vite] connecting...
 CONSOLE [debug]: [vite] connected.
 CONSOLE [info]: %cDownload the React DevTools for a better development experience: https://reactjs.org/link/react-devtools font-weight:bold
 CONSOLE [warning]: i18next::languageUtils: rejecting language code not found in supportedLngs: en
 CONSOLE [warning]: i18next::languageUtils: rejecting language code not found in supportedLngs: en-US
 CONSOLE [warning]: i18next::languageUtils: rejecting language code not found in supportedLngs: en
 CONSOLE [warning]: i18next::languageUtils: rejecting language code not found in supportedLngs: en-US
 CONSOLE [warning]: i18next::languageUtils: rejecting language code not found in supportedLngs: en
 CONSOLE [warning]: i18next::languageUtils: rejecting language code not found in supportedLngs: en-US
 CONSOLE [warning]: i18next::languageUtils: rejecting language code not found in supportedLngs: en
 CONSOLE [warning]: i18next::languageUtils: rejecting language code not found in supportedLngs: en-US
 CONSOLE [warning]: i18next::languageUtils: rejecting language code not found in supportedLngs: en
 CONSOLE [warning]: i18next::languageUtils: rejecting language code not found in supportedLngs: en-US
 CONSOLE [info]: Language changed to: en-US
 CONSOLE [info]: Language changed to: en-US
 CONSOLE [log]: i18next: languageChanged en-US
 CONSOLE [log]: i18next: initialized {debug: true, initImmediate: true, ns: Array(1), defaultNS: common, fallbackLng: Array(1)}
 CONSOLE [info]: i18next initialized with options: {debug: true, initImmediate: true, ns: Array(1), defaultNS: common, fallbackLng: Array(1)}
 CONSOLE [info]: i18next initialized with language: en-US
 CONSOLE [warning]: i18next::languageUtils: rejecting language code not found in supportedLngs: en
 CONSOLE [warning]: i18next::languageUtils: rejecting language code not found in supportedLngs: en-US
 CONSOLE [warning]: i18next::languageUtils: rejecting language code not found in supportedLngs: en
 CONSOLE [warning]: i18next::languageUtils: rejecting language code not found in supportedLngs: en-US
 CONSOLE [warning]: i18next::languageUtils: rejecting language code not found in supportedLngs: en
 CONSOLE [warning]: i18next::languageUtils: rejecting language code not found in supportedLngs: en-US
 CONSOLE [warning]: i18next::languageUtils: rejecting language code not found in supportedLngs: en
 CONSOLE [warning]: i18next::languageUtils: rejecting language code not found in supportedLngs: en-US
 CONSOLE [info]: Language changed to: en-US
 CONSOLE [info]: Language changed to: en-US
 CONSOLE [log]: i18next: languageChanged en-US
 CONSOLE [warning]: i18next: init: i18next is already initialized. You should call init just once!
 CONSOLE [log]: i18next: initialized {debug: true, initImmediate: true, ns: Array(1), defaultNS: common, fallbackLng: Array(1)}
 CONSOLE [info]: i18next initialized with options: {debug: true, initImmediate: true, ns: Array(1), defaultNS: common, fallbackLng: Array(1)}
 CONSOLE [warning]: <Router basename="/law4hire"> is not able to match the URL "/register" because it does not start with the basename, so the <Router> won't render anything.
 CONSOLE [warning]: <Router basename="/law4hire"> is not able to match the URL "/register" because it does not start with the basename, so the <Router> won't render anything.
 CONSOLE [warning]: ⚠️ React Router Future Flag Warning: React Router will begin wrapping state updates in `React.startTransition` in v7. You can use the `v7_startTransition` future flag to opt-in early. For more information, see https://reactrouter.com/v6/upgrading/future#v7_starttransition.
 CONSOLE [warning]: ⚠️ React Router Future Flag Warning: Relative route resolution within Splat routes is changing in v7. You can use the `v7_relativeSplatPath` future flag to opt-in early. For more information, see https://reactrouter.com/v6/upgrading/future#v7_relativesplatpath.


  Failed 🇩🇪 German (de-DE) Localization Test [13 s]
  Error Message:
   System.TimeoutException : Timeout 10000ms exceeded.
Call log:
  - waiting for Locator("input[name='email']") to be visible
  Stack Trace:
     at Microsoft.Playwright.Transport.Connection.InnerSendMessageToServerAsync[T](ChannelOwnerBase object, String method, Dictionary`2 dictionary, Boolean keepNulls) in /_/src/Playwright/Transport/Connection.cs:line 209
   at Microsoft.Playwright.Transport.Connection.WrapApiCallAsync[T](Func`1 action, Boolean isInternal) in /_/src/Playwright/Transport/Connection.cs:line 535
   at Microsoft.Playwright.Core.Frame.WaitForSelectorAsync(String selector, FrameWaitForSelectorOptions options) in /_/src/Playwright/Core/Frame.cs:line 527
   at L4H.UI.E2E.Tests.LocalizationComprehensiveTests.RegisterUserForLanguage(IPage page, String languageCode, LanguageInfo langInfo) in C:\programming\L4HProject\tests\ui.e2e\LocalizationComprehensiveTests.cs:line 73
   at L4H.UI.E2E.Tests.LocalizationComprehensiveTests.German_Localization_Test() in C:\programming\L4HProject\tests\ui.e2e\LocalizationComprehensiveTests.cs:line 303
   at L4H.UI.E2E.Tests.LocalizationComprehensiveTests.German_Localization_Test() in C:\programming\L4HProject\tests\ui.e2e\LocalizationComprehensiveTests.cs:line 314
--- End of stack trace from previous location ---
  Standard Output Messages:
 Registering user for German (de-DE): de-DE-test-129056e5@testing.com
 CONSOLE [debug]: [vite] connecting...
 CONSOLE [debug]: [vite] connected.
 CONSOLE [info]: %cDownload the React DevTools for a better development experience: https://reactjs.org/link/react-devtools font-weight:bold
 CONSOLE [warning]: i18next::languageUtils: rejecting language code not found in supportedLngs: en
 CONSOLE [warning]: i18next::languageUtils: rejecting language code not found in supportedLngs: en-US
 CONSOLE [warning]: i18next::languageUtils: rejecting language code not found in supportedLngs: en
 CONSOLE [warning]: i18next::languageUtils: rejecting language code not found in supportedLngs: en-US
 CONSOLE [warning]: i18next::languageUtils: rejecting language code not found in supportedLngs: en
 CONSOLE [warning]: i18next::languageUtils: rejecting language code not found in supportedLngs: en-US
 CONSOLE [warning]: i18next::languageUtils: rejecting language code not found in supportedLngs: en
 CONSOLE [warning]: i18next::languageUtils: rejecting language code not found in supportedLngs: en-US
 CONSOLE [warning]: i18next::languageUtils: rejecting language code not found in supportedLngs: en
 CONSOLE [warning]: i18next::languageUtils: rejecting language code not found in supportedLngs: en-US
 CONSOLE [info]: Language changed to: en-US
 CONSOLE [info]: Language changed to: en-US
 CONSOLE [log]: i18next: languageChanged en-US
 CONSOLE [log]: i18next: initialized {debug: true, initImmediate: true, ns: Array(1), defaultNS: common, fallbackLng: Array(1)}
 CONSOLE [info]: i18next initialized with options: {debug: true, initImmediate: true, ns: Array(1), defaultNS: common, fallbackLng: Array(1)}
 CONSOLE [info]: i18next initialized with language: en-US
 CONSOLE [warning]: i18next::languageUtils: rejecting language code not found in supportedLngs: en
 CONSOLE [warning]: i18next::languageUtils: rejecting language code not found in supportedLngs: en-US
 CONSOLE [warning]: i18next::languageUtils: rejecting language code not found in supportedLngs: en
 CONSOLE [warning]: i18next::languageUtils: rejecting language code not found in supportedLngs: en-US
 CONSOLE [warning]: i18next::languageUtils: rejecting language code not found in supportedLngs: en
 CONSOLE [warning]: i18next::languageUtils: rejecting language code not found in supportedLngs: en-US
 CONSOLE [warning]: i18next::languageUtils: rejecting language code not found in supportedLngs: en
 CONSOLE [warning]: i18next::languageUtils: rejecting language code not found in supportedLngs: en-US
 CONSOLE [info]: Language changed to: en-US
 CONSOLE [info]: Language changed to: en-US
 CONSOLE [log]: i18next: languageChanged en-US
 CONSOLE [warning]: i18next: init: i18next is already initialized. You should call init just once!
 CONSOLE [log]: i18next: initialized {debug: true, initImmediate: true, ns: Array(1), defaultNS: common, fallbackLng: Array(1)}
 CONSOLE [info]: i18next initialized with options: {debug: true, initImmediate: true, ns: Array(1), defaultNS: common, fallbackLng: Array(1)}
 CONSOLE [warning]: <Router basename="/law4hire"> is not able to match the URL "/register" because it does not start with the basename, so the <Router> won't render anything.
 CONSOLE [warning]: <Router basename="/law4hire"> is not able to match the URL "/register" because it does not start with the basename, so the <Router> won't render anything.
 CONSOLE [warning]: ⚠️ React Router Future Flag Warning: React Router will begin wrapping state updates in `React.startTransition` in v7. You can use the `v7_startTransition` future flag to opt-in early. For more information, see https://reactrouter.com/v6/upgrading/future#v7_starttransition.
 CONSOLE [warning]: ⚠️ React Router Future Flag Warning: Relative route resolution within Splat routes is changing in v7. You can use the `v7_relativeSplatPath` future flag to opt-in early. For more information, see https://reactrouter.com/v6/upgrading/future#v7_relativesplatpath.


  Failed 🇵🇭 Philippines → IR-1 Spouse of US Citizen [11 s]
  Error Message:
   System.TimeoutException : Timeout 10000ms exceeded.
Call log:
  - waiting for Locator("input[name='email']") to be visible
  Stack Trace:
     at Microsoft.Playwright.Transport.Connection.InnerSendMessageToServerAsync[T](ChannelOwnerBase object, String method, Dictionary`2 dictionary, Boolean keepNulls) in /_/src/Playwright/Transport/Connection.cs:line 209
   at Microsoft.Playwright.Transport.Connection.WrapApiCallAsync[T](Func`1 action, Boolean isInternal)
   at Microsoft.Playwright.Core.Frame.WaitForSelectorAsync(String selector, FrameWaitForSelectorOptions options) in /_/src/Playwright/Core/Frame.cs:line 527
   at L4H.UI.E2E.Tests.ComprehensiveVisualStudioUITests.RegisterUser(IPage page, String email, String firstName, String lastName, String nationality, String dateOfBirth) in C:\programming\L4HProject\tests\ui.e2e\ComprehensiveVisualStudioUITests.cs:line 51
   at L4H.UI.E2E.Tests.ComprehensiveVisualStudioUITests.Philippines_IR1_Spouse_Test() in C:\programming\L4HProject\tests\ui.e2e\ComprehensiveVisualStudioUITests.cs:line 481
   at L4H.UI.E2E.Tests.ComprehensiveVisualStudioUITests.Philippines_IR1_Spouse_Test() in C:\programming\L4HProject\tests\ui.e2e\ComprehensiveVisualStudioUITests.cs:line 498
--- End of stack trace from previous location ---
  Standard Output Messages:
 Registering user: ir1-philippines-4239c97e@testing.com
 CONSOLE [debug]: [vite] connecting...
 CONSOLE [debug]: [vite] connected.
 CONSOLE [info]: %cDownload the React DevTools for a better development experience: https://reactjs.org/link/react-devtools font-weight:bold
 CONSOLE [warning]: i18next::languageUtils: rejecting language code not found in supportedLngs: en
 CONSOLE [warning]: i18next::languageUtils: rejecting language code not found in supportedLngs: en-US
 CONSOLE [warning]: i18next::languageUtils: rejecting language code not found in supportedLngs: en
 CONSOLE [warning]: i18next::languageUtils: rejecting language code not found in supportedLngs: en-US
 CONSOLE [warning]: i18next::languageUtils: rejecting language code not found in supportedLngs: en
 CONSOLE [warning]: i18next::languageUtils: rejecting language code not found in supportedLngs: en-US
 CONSOLE [warning]: i18next::languageUtils: rejecting language code not found in supportedLngs: en
 CONSOLE [warning]: i18next::languageUtils: rejecting language code not found in supportedLngs: en-US
 CONSOLE [warning]: i18next::languageUtils: rejecting language code not found in supportedLngs: en
 CONSOLE [warning]: i18next::languageUtils: rejecting language code not found in supportedLngs: en-US
 CONSOLE [info]: Language changed to: en-US
 CONSOLE [info]: Language changed to: en-US
 CONSOLE [log]: i18next: languageChanged en-US
 CONSOLE [log]: i18next: initialized {debug: true, initImmediate: true, ns: Array(1), defaultNS: common, fallbackLng: Array(1)}
 CONSOLE [info]: i18next initialized with options: {debug: true, initImmediate: true, ns: Array(1), defaultNS: common, fallbackLng: Array(1)}
 CONSOLE [info]: i18next initialized with language: en-US
 CONSOLE [warning]: i18next::languageUtils: rejecting language code not found in supportedLngs: en
 CONSOLE [warning]: i18next::languageUtils: rejecting language code not found in supportedLngs: en-US
 CONSOLE [warning]: i18next::languageUtils: rejecting language code not found in supportedLngs: en
 CONSOLE [warning]: i18next::languageUtils: rejecting language code not found in supportedLngs: en-US
 CONSOLE [warning]: i18next::languageUtils: rejecting language code not found in supportedLngs: en
 CONSOLE [warning]: i18next::languageUtils: rejecting language code not found in supportedLngs: en-US
 CONSOLE [warning]: i18next::languageUtils: rejecting language code not found in supportedLngs: en
 CONSOLE [warning]: i18next::languageUtils: rejecting language code not found in supportedLngs: en-US
 CONSOLE [info]: Language changed to: en-US
 CONSOLE [info]: Language changed to: en-US
 CONSOLE [log]: i18next: languageChanged en-US
 CONSOLE [warning]: i18next: init: i18next is already initialized. You should call init just once!
 CONSOLE [log]: i18next: initialized {debug: true, initImmediate: true, ns: Array(1), defaultNS: common, fallbackLng: Array(1)}
 CONSOLE [info]: i18next initialized with options: {debug: true, initImmediate: true, ns: Array(1), defaultNS: common, fallbackLng: Array(1)}
 CONSOLE [warning]: <Router basename="/law4hire"> is not able to match the URL "/register" because it does not start with the basename, so the <Router> won't render anything.
 CONSOLE [warning]: <Router basename="/law4hire"> is not able to match the URL "/register" because it does not start with the basename, so the <Router> won't render anything.
 CONSOLE [warning]: ⚠️ React Router Future Flag Warning: React Router will begin wrapping state updates in `React.startTransition` in v7. You can use the `v7_startTransition` future flag to opt-in early. For more information, see https://reactrouter.com/v6/upgrading/future#v7_starttransition.
 CONSOLE [warning]: ⚠️ React Router Future Flag Warning: Relative route resolution within Splat routes is changing in v7. You can use the `v7_relativeSplatPath` future flag to opt-in early. For more information, see https://reactrouter.com/v6/upgrading/future#v7_relativesplatpath.


  Failed 🇮🇳→🇺🇸 Indian Permanent Resident → N-400 Naturalization (5 Year Rule) [12 s]
  Error Message:
   System.TimeoutException : Timeout 10000ms exceeded.
Call log:
  - waiting for Locator("input[name='email']") to be visible
  Stack Trace:
     at Microsoft.Playwright.Transport.Connection.InnerSendMessageToServerAsync[T](ChannelOwnerBase object, String method, Dictionary`2 dictionary, Boolean keepNulls) in /_/src/Playwright/Transport/Connection.cs:line 209
   at Microsoft.Playwright.Transport.Connection.WrapApiCallAsync[T](Func`1 action, Boolean isInternal)
   at Microsoft.Playwright.Core.Frame.WaitForSelectorAsync(String selector, FrameWaitForSelectorOptions options) in /_/src/Playwright/Core/Frame.cs:line 527
   at L4H.UI.E2E.Tests.CitizenshipNaturalizationTests.RegisterPermanentResident(IPage page, String email, String firstName, String lastName, String nationality) in C:\programming\L4HProject\tests\ui.e2e\CitizenshipNaturalizationTests.cs:line 47
   at L4H.UI.E2E.Tests.CitizenshipNaturalizationTests.Indian_PermanentResident_N400_FiveYear_Test() in C:\programming\L4HProject\tests\ui.e2e\CitizenshipNaturalizationTests.cs:line 276
   at L4H.UI.E2E.Tests.CitizenshipNaturalizationTests.Indian_PermanentResident_N400_FiveYear_Test() in C:\programming\L4HProject\tests\ui.e2e\CitizenshipNaturalizationTests.cs:line 311
--- End of stack trace from previous location ---
  Standard Output Messages:
 Registering Permanent Resident for citizenship: n400-india-5year-54f3993f@testing.com
 CONSOLE [debug]: [vite] connecting...
 CONSOLE [debug]: [vite] connected.
 CONSOLE [info]: %cDownload the React DevTools for a better development experience: https://reactjs.org/link/react-devtools font-weight:bold
 CONSOLE [warning]: i18next::languageUtils: rejecting language code not found in supportedLngs: en
 CONSOLE [warning]: i18next::languageUtils: rejecting language code not found in supportedLngs: en-US
 CONSOLE [warning]: i18next::languageUtils: rejecting language code not found in supportedLngs: en
 CONSOLE [warning]: i18next::languageUtils: rejecting language code not found in supportedLngs: en-US
 CONSOLE [warning]: i18next::languageUtils: rejecting language code not found in supportedLngs: en
 CONSOLE [warning]: i18next::languageUtils: rejecting language code not found in supportedLngs: en-US
 CONSOLE [warning]: i18next::languageUtils: rejecting language code not found in supportedLngs: en
 CONSOLE [warning]: i18next::languageUtils: rejecting language code not found in supportedLngs: en-US
 CONSOLE [warning]: i18next::languageUtils: rejecting language code not found in supportedLngs: en
 CONSOLE [warning]: i18next::languageUtils: rejecting language code not found in supportedLngs: en-US
 CONSOLE [info]: Language changed to: en-US
 CONSOLE [info]: Language changed to: en-US
 CONSOLE [log]: i18next: languageChanged en-US
 CONSOLE [log]: i18next: initialized {debug: true, initImmediate: true, ns: Array(1), defaultNS: common, fallbackLng: Array(1)}
 CONSOLE [info]: i18next initialized with options: {debug: true, initImmediate: true, ns: Array(1), defaultNS: common, fallbackLng: Array(1)}
 CONSOLE [info]: i18next initialized with language: en-US
 CONSOLE [warning]: i18next::languageUtils: rejecting language code not found in supportedLngs: en
 CONSOLE [warning]: i18next::languageUtils: rejecting language code not found in supportedLngs: en-US
 CONSOLE [warning]: i18next::languageUtils: rejecting language code not found in supportedLngs: en
 CONSOLE [warning]: i18next::languageUtils: rejecting language code not found in supportedLngs: en-US
 CONSOLE [warning]: i18next::languageUtils: rejecting language code not found in supportedLngs: en
 CONSOLE [warning]: i18next::languageUtils: rejecting language code not found in supportedLngs: en-US
 CONSOLE [warning]: i18next::languageUtils: rejecting language code not found in supportedLngs: en
 CONSOLE [warning]: i18next::languageUtils: rejecting language code not found in supportedLngs: en-US
 CONSOLE [info]: Language changed to: en-US
 CONSOLE [info]: Language changed to: en-US
 CONSOLE [log]: i18next: languageChanged en-US
 CONSOLE [warning]: i18next: init: i18next is already initialized. You should call init just once!
 CONSOLE [log]: i18next: initialized {debug: true, initImmediate: true, ns: Array(1), defaultNS: common, fallbackLng: Array(1)}
 CONSOLE [info]: i18next initialized with options: {debug: true, initImmediate: true, ns: Array(1), defaultNS: common, fallbackLng: Array(1)}
 CONSOLE [warning]: <Router basename="/law4hire"> is not able to match the URL "/register" because it does not start with the basename, so the <Router> won't render anything.
 CONSOLE [warning]: <Router basename="/law4hire"> is not able to match the URL "/register" because it does not start with the basename, so the <Router> won't render anything.
 CONSOLE [warning]: ⚠️ React Router Future Flag Warning: React Router will begin wrapping state updates in `React.startTransition` in v7. You can use the `v7_startTransition` future flag to opt-in early. For more information, see https://reactrouter.com/v6/upgrading/future#v7_starttransition.
 CONSOLE [warning]: ⚠️ React Router Future Flag Warning: Relative route resolution within Splat routes is changing in v7. You can use the `v7_relativeSplatPath` future flag to opt-in early. For more information, see https://reactrouter.com/v6/upgrading/future#v7_relativesplatpath.


  Failed L4H.UI.E2E.Tests.Comprehensive_Visa_E2E_Tests.K3_Visa_Spouse_Test [12 s]
  Error Message:
   System.TimeoutException : Timeout 10000ms exceeded.
Call log:
  - waiting for Locator("input[name='email']") to be visible
  Stack Trace:
     at Microsoft.Playwright.Transport.Connection.InnerSendMessageToServerAsync[T](ChannelOwnerBase object, String method, Dictionary`2 dictionary, Boolean keepNulls) in /_/src/Playwright/Transport/Connection.cs:line 209
   at Microsoft.Playwright.Transport.Connection.WrapApiCallAsync[T](Func`1 action, Boolean isInternal)
   at Microsoft.Playwright.Core.Frame.WaitForSelectorAsync(String selector, FrameWaitForSelectorOptions options) in /_/src/Playwright/Core/Frame.cs:line 527
   at L4H.UI.E2E.Tests.Comprehensive_Visa_E2E_Tests.RegisterUser(IPage page, String email, String firstName, String lastName) in C:\programming\L4HProject\tests\ui.e2e\Comprehensive_Visa_E2E_Tests.cs:line 36
   at L4H.UI.E2E.Tests.Comprehensive_Visa_E2E_Tests.K3_Visa_Spouse_Test() in C:\programming\L4HProject\tests\ui.e2e\Comprehensive_Visa_E2E_Tests.cs:line 647
   at L4H.UI.E2E.Tests.Comprehensive_Visa_E2E_Tests.K3_Visa_Spouse_Test() in C:\programming\L4HProject\tests\ui.e2e\Comprehensive_Visa_E2E_Tests.cs:line 666
--- End of stack trace from previous location ---
  Failed 🇺🇸→🇷🇺 US Citizen Adopting Russian Child (IR-4) [11 s]
  Error Message:
   System.TimeoutException : Timeout 10000ms exceeded.
Call log:
  - waiting for Locator("input[name='email']") to be visible
  Stack Trace:
     at Microsoft.Playwright.Transport.Connection.InnerSendMessageToServerAsync[T](ChannelOwnerBase object, String method, Dictionary`2 dictionary, Boolean keepNulls) in /_/src/Playwright/Transport/Connection.cs:line 209
   at Microsoft.Playwright.Transport.Connection.WrapApiCallAsync[T](Func`1 action, Boolean isInternal)
   at Microsoft.Playwright.Core.Frame.WaitForSelectorAsync(String selector, FrameWaitForSelectorOptions options) in /_/src/Playwright/Core/Frame.cs:line 527
   at L4H.UI.E2E.Tests.AdoptionWorkflowTests.RegisterUSCitizen(IPage page, String email, String firstName, String lastName) in C:\programming\L4HProject\tests\ui.e2e\AdoptionWorkflowTests.cs:line 44
   at L4H.UI.E2E.Tests.AdoptionWorkflowTests.USCitizen_IR4_Russian_Child_Adoption_Test() in C:\programming\L4HProject\tests\ui.e2e\AdoptionWorkflowTests.cs:line 304
   at L4H.UI.E2E.Tests.AdoptionWorkflowTests.USCitizen_IR4_Russian_Child_Adoption_Test() in C:\programming\L4HProject\tests\ui.e2e\AdoptionWorkflowTests.cs:line 337
--- End of stack trace from previous location ---
  Standard Output Messages:
 Registering US Citizen for adoption: ir4-russia-c2316490@law4hire.com
 CONSOLE [debug]: [vite] connecting...
 CONSOLE [debug]: [vite] connected.
 CONSOLE [info]: %cDownload the React DevTools for a better development experience: https://reactjs.org/link/react-devtools font-weight:bold
 CONSOLE [warning]: i18next::languageUtils: rejecting language code not found in supportedLngs: en
 CONSOLE [warning]: i18next::languageUtils: rejecting language code not found in supportedLngs: en-US
 CONSOLE [warning]: i18next::languageUtils: rejecting language code not found in supportedLngs: en
 CONSOLE [warning]: i18next::languageUtils: rejecting language code not found in supportedLngs: en-US
 CONSOLE [warning]: i18next::languageUtils: rejecting language code not found in supportedLngs: en
 CONSOLE [warning]: i18next::languageUtils: rejecting language code not found in supportedLngs: en-US
 CONSOLE [warning]: i18next::languageUtils: rejecting language code not found in supportedLngs: en
 CONSOLE [warning]: i18next::languageUtils: rejecting language code not found in supportedLngs: en-US
 CONSOLE [warning]: i18next::languageUtils: rejecting language code not found in supportedLngs: en
 CONSOLE [warning]: i18next::languageUtils: rejecting language code not found in supportedLngs: en-US
 CONSOLE [info]: Language changed to: en-US
 CONSOLE [info]: Language changed to: en-US
 CONSOLE [log]: i18next: languageChanged en-US
 CONSOLE [log]: i18next: initialized {debug: true, initImmediate: true, ns: Array(1), defaultNS: common, fallbackLng: Array(1)}
 CONSOLE [info]: i18next initialized with options: {debug: true, initImmediate: true, ns: Array(1), defaultNS: common, fallbackLng: Array(1)}
 CONSOLE [info]: i18next initialized with language: en-US
 CONSOLE [warning]: i18next::languageUtils: rejecting language code not found in supportedLngs: en
 CONSOLE [warning]: i18next::languageUtils: rejecting language code not found in supportedLngs: en-US
 CONSOLE [warning]: i18next::languageUtils: rejecting language code not found in supportedLngs: en
 CONSOLE [warning]: i18next::languageUtils: rejecting language code not found in supportedLngs: en-US
 CONSOLE [warning]: i18next::languageUtils: rejecting language code not found in supportedLngs: en
 CONSOLE [warning]: i18next::languageUtils: rejecting language code not found in supportedLngs: en-US
 CONSOLE [warning]: i18next::languageUtils: rejecting language code not found in supportedLngs: en
 CONSOLE [warning]: i18next::languageUtils: rejecting language code not found in supportedLngs: en-US
 CONSOLE [info]: Language changed to: en-US
 CONSOLE [info]: Language changed to: en-US
 CONSOLE [log]: i18next: languageChanged en-US
 CONSOLE [warning]: i18next: init: i18next is already initialized. You should call init just once!
 CONSOLE [log]: i18next: initialized {debug: true, initImmediate: true, ns: Array(1), defaultNS: common, fallbackLng: Array(1)}
 CONSOLE [info]: i18next initialized with options: {debug: true, initImmediate: true, ns: Array(1), defaultNS: common, fallbackLng: Array(1)}
 CONSOLE [warning]: <Router basename="/law4hire"> is not able to match the URL "/register" because it does not start with the basename, so the <Router> won't render anything.
 CONSOLE [warning]: <Router basename="/law4hire"> is not able to match the URL "/register" because it does not start with the basename, so the <Router> won't render anything.
 CONSOLE [warning]: ⚠️ React Router Future Flag Warning: React Router will begin wrapping state updates in `React.startTransition` in v7. You can use the `v7_startTransition` future flag to opt-in early. For more information, see https://reactrouter.com/v6/upgrading/future#v7_starttransition.
 CONSOLE [warning]: ⚠️ React Router Future Flag Warning: Relative route resolution within Splat routes is changing in v7. You can use the `v7_relativeSplatPath` future flag to opt-in early. For more information, see https://reactrouter.com/v6/upgrading/future#v7_relativesplatpath.


  Failed 🇯🇵 Japanese (ja-JP) Localization Test [11 s]
  Error Message:
   System.TimeoutException : Timeout 10000ms exceeded.
Call log:
  - waiting for Locator("input[name='email']") to be visible
  Stack Trace:
     at Microsoft.Playwright.Transport.Connection.InnerSendMessageToServerAsync[T](ChannelOwnerBase object, String method, Dictionary`2 dictionary, Boolean keepNulls) in /_/src/Playwright/Transport/Connection.cs:line 209
   at Microsoft.Playwright.Transport.Connection.WrapApiCallAsync[T](Func`1 action, Boolean isInternal)
   at Microsoft.Playwright.Core.Frame.WaitForSelectorAsync(String selector, FrameWaitForSelectorOptions options) in /_/src/Playwright/Core/Frame.cs:line 527
   at L4H.UI.E2E.Tests.LocalizationComprehensiveTests.RegisterUserForLanguage(IPage page, String languageCode, LanguageInfo langInfo) in C:\programming\L4HProject\tests\ui.e2e\LocalizationComprehensiveTests.cs:line 73
   at L4H.UI.E2E.Tests.LocalizationComprehensiveTests.Japanese_Localization_Test() in C:\programming\L4HProject\tests\ui.e2e\LocalizationComprehensiveTests.cs:line 430
   at L4H.UI.E2E.Tests.LocalizationComprehensiveTests.Japanese_Localization_Test() in C:\programming\L4HProject\tests\ui.e2e\LocalizationComprehensiveTests.cs:line 442
--- End of stack trace from previous location ---
  Standard Output Messages:
 Registering user for Japanese (ja-JP): ja-JP-test-48325404@testing.com
 CONSOLE [debug]: [vite] connecting...
 CONSOLE [debug]: [vite] connected.
 CONSOLE [info]: %cDownload the React DevTools for a better development experience: https://reactjs.org/link/react-devtools font-weight:bold
 CONSOLE [warning]: i18next::languageUtils: rejecting language code not found in supportedLngs: en
 CONSOLE [warning]: i18next::languageUtils: rejecting language code not found in supportedLngs: en-US
 CONSOLE [warning]: i18next::languageUtils: rejecting language code not found in supportedLngs: en
 CONSOLE [warning]: i18next::languageUtils: rejecting language code not found in supportedLngs: en-US
 CONSOLE [warning]: i18next::languageUtils: rejecting language code not found in supportedLngs: en
 CONSOLE [warning]: i18next::languageUtils: rejecting language code not found in supportedLngs: en-US
 CONSOLE [warning]: i18next::languageUtils: rejecting language code not found in supportedLngs: en
 CONSOLE [warning]: i18next::languageUtils: rejecting language code not found in supportedLngs: en-US
 CONSOLE [warning]: i18next::languageUtils: rejecting language code not found in supportedLngs: en
 CONSOLE [warning]: i18next::languageUtils: rejecting language code not found in supportedLngs: en-US
 CONSOLE [info]: Language changed to: en-US
 CONSOLE [info]: Language changed to: en-US
 CONSOLE [log]: i18next: languageChanged en-US
 CONSOLE [log]: i18next: initialized {debug: true, initImmediate: true, ns: Array(1), defaultNS: common, fallbackLng: Array(1)}
 CONSOLE [info]: i18next initialized with options: {debug: true, initImmediate: true, ns: Array(1), defaultNS: common, fallbackLng: Array(1)}
 CONSOLE [info]: i18next initialized with language: en-US
 CONSOLE [warning]: i18next::languageUtils: rejecting language code not found in supportedLngs: en
 CONSOLE [warning]: i18next::languageUtils: rejecting language code not found in supportedLngs: en-US
 CONSOLE [warning]: i18next::languageUtils: rejecting language code not found in supportedLngs: en
 CONSOLE [warning]: i18next::languageUtils: rejecting language code not found in supportedLngs: en-US
 CONSOLE [warning]: i18next::languageUtils: rejecting language code not found in supportedLngs: en
 CONSOLE [warning]: i18next::languageUtils: rejecting language code not found in supportedLngs: en-US
 CONSOLE [warning]: i18next::languageUtils: rejecting language code not found in supportedLngs: en
 CONSOLE [warning]: i18next::languageUtils: rejecting language code not found in supportedLngs: en-US
 CONSOLE [info]: Language changed to: en-US
 CONSOLE [info]: Language changed to: en-US
 CONSOLE [log]: i18next: languageChanged en-US
 CONSOLE [warning]: i18next: init: i18next is already initialized. You should call init just once!
 CONSOLE [log]: i18next: initialized {debug: true, initImmediate: true, ns: Array(1), defaultNS: common, fallbackLng: Array(1)}
 CONSOLE [info]: i18next initialized with options: {debug: true, initImmediate: true, ns: Array(1), defaultNS: common, fallbackLng: Array(1)}
 CONSOLE [warning]: <Router basename="/law4hire"> is not able to match the URL "/register" because it does not start with the basename, so the <Router> won't render anything.
 CONSOLE [warning]: <Router basename="/law4hire"> is not able to match the URL "/register" because it does not start with the basename, so the <Router> won't render anything.
 CONSOLE [warning]: ⚠️ React Router Future Flag Warning: React Router will begin wrapping state updates in `React.startTransition` in v7. You can use the `v7_startTransition` future flag to opt-in early. For more information, see https://reactrouter.com/v6/upgrading/future#v7_starttransition.
 CONSOLE [warning]: ⚠️ React Router Future Flag Warning: Relative route resolution within Splat routes is changing in v7. You can use the `v7_relativeSplatPath` future flag to opt-in early. For more information, see https://reactrouter.com/v6/upgrading/future#v7_relativesplatpath.


  Failed 🔄 Language Switching During Interview [11 s]
  Error Message:
   System.TimeoutException : Timeout 10000ms exceeded.
Call log:
  - waiting for Locator("input[name='email']") to be visible
  Stack Trace:
     at Microsoft.Playwright.Transport.Connection.InnerSendMessageToServerAsync[T](ChannelOwnerBase object, String method, Dictionary`2 dictionary, Boolean keepNulls) in /_/src/Playwright/Transport/Connection.cs:line 209
   at Microsoft.Playwright.Transport.Connection.WrapApiCallAsync[T](Func`1 action, Boolean isInternal)
   at Microsoft.Playwright.Core.Frame.WaitForSelectorAsync(String selector, FrameWaitForSelectorOptions options) in /_/src/Playwright/Core/Frame.cs:line 527
   at L4H.UI.E2E.Tests.ComprehensiveVisualStudioUITests.RegisterUser(IPage page, String email, String firstName, String lastName, String nationality, String dateOfBirth) in C:\programming\L4HProject\tests\ui.e2e\ComprehensiveVisualStudioUITests.cs:line 51
   at L4H.UI.E2E.Tests.ComprehensiveVisualStudioUITests.Language_Switching_During_Interview_Test() in C:\programming\L4HProject\tests\ui.e2e\ComprehensiveVisualStudioUITests.cs:line 953
   at L4H.UI.E2E.Tests.ComprehensiveVisualStudioUITests.Language_Switching_During_Interview_Test() in C:\programming\L4HProject\tests\ui.e2e\ComprehensiveVisualStudioUITests.cs:line 975
--- End of stack trace from previous location ---
  Standard Output Messages:
 Registering user: lang-switch-f6176082@testing.com
 CONSOLE [debug]: [vite] connecting...
 CONSOLE [debug]: [vite] connected.
 CONSOLE [info]: %cDownload the React DevTools for a better development experience: https://reactjs.org/link/react-devtools font-weight:bold
 CONSOLE [warning]: i18next::languageUtils: rejecting language code not found in supportedLngs: en
 CONSOLE [warning]: i18next::languageUtils: rejecting language code not found in supportedLngs: en-US
 CONSOLE [warning]: i18next::languageUtils: rejecting language code not found in supportedLngs: en
 CONSOLE [warning]: i18next::languageUtils: rejecting language code not found in supportedLngs: en-US
 CONSOLE [warning]: i18next::languageUtils: rejecting language code not found in supportedLngs: en
 CONSOLE [warning]: i18next::languageUtils: rejecting language code not found in supportedLngs: en-US
 CONSOLE [warning]: i18next::languageUtils: rejecting language code not found in supportedLngs: en
 CONSOLE [warning]: i18next::languageUtils: rejecting language code not found in supportedLngs: en-US
 CONSOLE [warning]: i18next::languageUtils: rejecting language code not found in supportedLngs: en
 CONSOLE [warning]: i18next::languageUtils: rejecting language code not found in supportedLngs: en-US
 CONSOLE [info]: Language changed to: en-US
 CONSOLE [info]: Language changed to: en-US
 CONSOLE [log]: i18next: languageChanged en-US
 CONSOLE [log]: i18next: initialized {debug: true, initImmediate: true, ns: Array(1), defaultNS: common, fallbackLng: Array(1)}
 CONSOLE [info]: i18next initialized with options: {debug: true, initImmediate: true, ns: Array(1), defaultNS: common, fallbackLng: Array(1)}
 CONSOLE [info]: i18next initialized with language: en-US
 CONSOLE [warning]: i18next::languageUtils: rejecting language code not found in supportedLngs: en
 CONSOLE [warning]: i18next::languageUtils: rejecting language code not found in supportedLngs: en-US
 CONSOLE [warning]: i18next::languageUtils: rejecting language code not found in supportedLngs: en
 CONSOLE [warning]: i18next::languageUtils: rejecting language code not found in supportedLngs: en-US
 CONSOLE [warning]: i18next::languageUtils: rejecting language code not found in supportedLngs: en
 CONSOLE [warning]: i18next::languageUtils: rejecting language code not found in supportedLngs: en-US
 CONSOLE [warning]: i18next::languageUtils: rejecting language code not found in supportedLngs: en
 CONSOLE [warning]: i18next::languageUtils: rejecting language code not found in supportedLngs: en-US
 CONSOLE [info]: Language changed to: en-US
 CONSOLE [info]: Language changed to: en-US
 CONSOLE [log]: i18next: languageChanged en-US
 CONSOLE [warning]: i18next: init: i18next is already initialized. You should call init just once!
 CONSOLE [log]: i18next: initialized {debug: true, initImmediate: true, ns: Array(1), defaultNS: common, fallbackLng: Array(1)}
 CONSOLE [info]: i18next initialized with options: {debug: true, initImmediate: true, ns: Array(1), defaultNS: common, fallbackLng: Array(1)}
 CONSOLE [warning]: <Router basename="/law4hire"> is not able to match the URL "/register" because it does not start with the basename, so the <Router> won't render anything.
 CONSOLE [warning]: <Router basename="/law4hire"> is not able to match the URL "/register" because it does not start with the basename, so the <Router> won't render anything.
 CONSOLE [warning]: ⚠️ React Router Future Flag Warning: React Router will begin wrapping state updates in `React.startTransition` in v7. You can use the `v7_startTransition` future flag to opt-in early. For more information, see https://reactrouter.com/v6/upgrading/future#v7_starttransition.
 CONSOLE [warning]: ⚠️ React Router Future Flag Warning: Relative route resolution within Splat routes is changing in v7. You can use the `v7_relativeSplatPath` future flag to opt-in early. For more information, see https://reactrouter.com/v6/upgrading/future#v7_relativesplatpath.


  Failed L4H.UI.E2E.Tests.Comprehensive_Visa_E2E_Tests.B1_Visa_Business_Test [11 s]
  Error Message:
   System.TimeoutException : Timeout 10000ms exceeded.
Call log:
  - waiting for Locator("input[name='email']") to be visible
  Stack Trace:
     at Microsoft.Playwright.Transport.Connection.InnerSendMessageToServerAsync[T](ChannelOwnerBase object, String method, Dictionary`2 dictionary, Boolean keepNulls) in /_/src/Playwright/Transport/Connection.cs:line 209
   at Microsoft.Playwright.Transport.Connection.WrapApiCallAsync[T](Func`1 action, Boolean isInternal)
   at Microsoft.Playwright.Core.Frame.WaitForSelectorAsync(String selector, FrameWaitForSelectorOptions options) in /_/src/Playwright/Core/Frame.cs:line 527
   at L4H.UI.E2E.Tests.Comprehensive_Visa_E2E_Tests.RegisterUser(IPage page, String email, String firstName, String lastName) in C:\programming\L4HProject\tests\ui.e2e\Comprehensive_Visa_E2E_Tests.cs:line 36
   at L4H.UI.E2E.Tests.Comprehensive_Visa_E2E_Tests.B1_Visa_Business_Test() in C:\programming\L4HProject\tests\ui.e2e\Comprehensive_Visa_E2E_Tests.cs:line 335
   at L4H.UI.E2E.Tests.Comprehensive_Visa_E2E_Tests.B1_Visa_Business_Test() in C:\programming\L4HProject\tests\ui.e2e\Comprehensive_Visa_E2E_Tests.cs:line 351
--- End of stack trace from previous location ---
  Failed 📋 Citizenship Documentation Requirements Test [11 s]
  Error Message:
   System.TimeoutException : Timeout 10000ms exceeded.
Call log:
  - waiting for Locator("input[name='email']") to be visible
  Stack Trace:
     at Microsoft.Playwright.Transport.Connection.InnerSendMessageToServerAsync[T](ChannelOwnerBase object, String method, Dictionary`2 dictionary, Boolean keepNulls) in /_/src/Playwright/Transport/Connection.cs:line 209
   at Microsoft.Playwright.Transport.Connection.WrapApiCallAsync[T](Func`1 action, Boolean isInternal)
   at Microsoft.Playwright.Core.Frame.WaitForSelectorAsync(String selector, FrameWaitForSelectorOptions options) in /_/src/Playwright/Core/Frame.cs:line 527
   at L4H.UI.E2E.Tests.CitizenshipNaturalizationTests.RegisterPermanentResident(IPage page, String email, String firstName, String lastName, String nationality) in C:\programming\L4HProject\tests\ui.e2e\CitizenshipNaturalizationTests.cs:line 47
   at L4H.UI.E2E.Tests.CitizenshipNaturalizationTests.Citizenship_Documentation_Requirements_Test() in C:\programming\L4HProject\tests\ui.e2e\CitizenshipNaturalizationTests.cs:line 640
   at L4H.UI.E2E.Tests.CitizenshipNaturalizationTests.Citizenship_Documentation_Requirements_Test() in C:\programming\L4HProject\tests\ui.e2e\CitizenshipNaturalizationTests.cs:line 674
--- End of stack trace from previous location ---
  Standard Output Messages:
 Registering Permanent Resident for citizenship: citizenship-docs-99596982@testing.com
 CONSOLE [debug]: [vite] connecting...
 CONSOLE [debug]: [vite] connected.
 CONSOLE [info]: %cDownload the React DevTools for a better development experience: https://reactjs.org/link/react-devtools font-weight:bold
 CONSOLE [warning]: i18next::languageUtils: rejecting language code not found in supportedLngs: en
 CONSOLE [warning]: i18next::languageUtils: rejecting language code not found in supportedLngs: en-US
 CONSOLE [warning]: i18next::languageUtils: rejecting language code not found in supportedLngs: en
 CONSOLE [warning]: i18next::languageUtils: rejecting language code not found in supportedLngs: en-US
 CONSOLE [warning]: i18next::languageUtils: rejecting language code not found in supportedLngs: en
 CONSOLE [warning]: i18next::languageUtils: rejecting language code not found in supportedLngs: en-US
 CONSOLE [warning]: i18next::languageUtils: rejecting language code not found in supportedLngs: en
 CONSOLE [warning]: i18next::languageUtils: rejecting language code not found in supportedLngs: en-US
 CONSOLE [warning]: i18next::languageUtils: rejecting language code not found in supportedLngs: en
 CONSOLE [warning]: i18next::languageUtils: rejecting language code not found in supportedLngs: en-US
 CONSOLE [info]: Language changed to: en-US
 CONSOLE [info]: Language changed to: en-US
 CONSOLE [log]: i18next: languageChanged en-US
 CONSOLE [log]: i18next: initialized {debug: true, initImmediate: true, ns: Array(1), defaultNS: common, fallbackLng: Array(1)}
 CONSOLE [info]: i18next initialized with options: {debug: true, initImmediate: true, ns: Array(1), defaultNS: common, fallbackLng: Array(1)}
 CONSOLE [info]: i18next initialized with language: en-US
 CONSOLE [warning]: i18next::languageUtils: rejecting language code not found in supportedLngs: en
 CONSOLE [warning]: i18next::languageUtils: rejecting language code not found in supportedLngs: en-US
 CONSOLE [warning]: i18next::languageUtils: rejecting language code not found in supportedLngs: en
 CONSOLE [warning]: i18next::languageUtils: rejecting language code not found in supportedLngs: en-US
 CONSOLE [warning]: i18next::languageUtils: rejecting language code not found in supportedLngs: en
 CONSOLE [warning]: i18next::languageUtils: rejecting language code not found in supportedLngs: en-US
 CONSOLE [warning]: i18next::languageUtils: rejecting language code not found in supportedLngs: en
 CONSOLE [warning]: i18next::languageUtils: rejecting language code not found in supportedLngs: en-US
 CONSOLE [info]: Language changed to: en-US
 CONSOLE [info]: Language changed to: en-US
 CONSOLE [log]: i18next: languageChanged en-US
 CONSOLE [warning]: i18next: init: i18next is already initialized. You should call init just once!
 CONSOLE [log]: i18next: initialized {debug: true, initImmediate: true, ns: Array(1), defaultNS: common, fallbackLng: Array(1)}
 CONSOLE [info]: i18next initialized with options: {debug: true, initImmediate: true, ns: Array(1), defaultNS: common, fallbackLng: Array(1)}
 CONSOLE [warning]: <Router basename="/law4hire"> is not able to match the URL "/register" because it does not start with the basename, so the <Router> won't render anything.
 CONSOLE [warning]: <Router basename="/law4hire"> is not able to match the URL "/register" because it does not start with the basename, so the <Router> won't render anything.
 CONSOLE [warning]: ⚠️ React Router Future Flag Warning: React Router will begin wrapping state updates in `React.startTransition` in v7. You can use the `v7_startTransition` future flag to opt-in early. For more information, see https://reactrouter.com/v6/upgrading/future#v7_starttransition.
 CONSOLE [warning]: ⚠️ React Router Future Flag Warning: Relative route resolution within Splat routes is changing in v7. You can use the `v7_relativeSplatPath` future flag to opt-in early. For more information, see https://reactrouter.com/v6/upgrading/future#v7_relativesplatpath.


  Failed L4H.UI.E2E.Tests.L4H_E2E_Tests.L4H_Visa_Library_Page_Localization_Test [32 s]
  Error Message:
   System.TimeoutException : Timeout 30000ms exceeded.
Call log:
  - waiting for Locator("body") to be visible
  -   locator resolved to hidden <body>…</body>
  -   locator resolved to hidden <body>…</body>
  -   locator resolved to hidden <body>…</body>
  -   locator resolved to hidden <body>…</body>
  -   locator resolved to hidden <body>…</body>
  -   locator resolved to hidden <body>…</body>
  -   locator resolved to hidden <body>…</body>
  -   locator resolved to hidden <body>…</body>
  -   locator resolved to hidden <body>…</body>
  -   locator resolved to hidden <body>…</body>
  -   locator resolved to hidden <body>…</body>
  -   locator resolved to hidden <body>…</body>
  -   locator resolved to hidden <body>…</body>
  -   locator resolved to hidden <body>…</body>
  -   locator resolved to hidden <body>…</body>
  -   locator resolved to hidden <body>…</body>
  -   locator resolved to hidden <body>…</body>
  -   locator resolved to hidden <body>…</body>
  -   locator resolved to hidden <body>…</body>
  -   locator resolved to hidden <body>…</body>
  -   locator resolved to hidden <body>…</body>
  -   locator resolved to hidden <body>…</body>
  -   locator resolved to hidden <body>…</body>
  -   locator resolved to hidden <body>…</body>
  -   locator resolved to hidden <body>…</body>
  -   locator resolved to hidden <body>…</body>
  -   locator resolved to hidden <body>…</body>
  -   locator resolved to hidden <body>…</body>
  -   locator resolved to hidden <body>…</body>
  -   locator resolved to hidden <body>…</body>
  -   locator resolved to hidden <body>…</body>
  -   locator resolved to hidden <body>…</body>
  -   locator resolved to hidden <body>…</body>
  -   locator resolved to hidden <body>…</body>
  -   locator resolved to hidden <body>…</body>
  -   locator resolved to hidden <body>…</body>
  -   locator resolved to hidden <body>…</body>
  -   locator resolved to hidden <body>…</body>
  -   locator resolved to hidden <body>…</body>
  -   locator resolved to hidden <body>…</body>
  -   locator resolved to hidden <body>…</body>
  -   locator resolved to hidden <body>…</body>
  -   locator resolved to hidden <body>…</body>
  -   locator resolved to hidden <body>…</body>
  -   locator resolved to hidden <body>…</body>
  -   locator resolved to hidden <body>…</body>
  -   locator resolved to hidden <body>…</body>
  -   locator resolved to hidden <body>…</body>
  -   locator resolved to hidden <body>…</body>
  -   locator resolved to hidden <body>…</body>
  -   locator resolved to hidden <body>…</body>
  -   locator resolved to hidden <body>…</body>
  -   locator resolved to hidden <body>…</body>
  -   locator resolved to hidden <body>…</body>
  -   locator resolved to hidden <body>…</body>
  -   locator resolved to hidden <body>…</body>
  -   locator resolved to hidden <body>…</body>
  -   locator resolved to hidden <body>…</body>
  -   locator resolved to hidden <body>…</body>
  -   locator resolved to hidden <body>…</body>
  -   locator resolved to hidden <body>…</body>
  -   locator resolved to hidden <body>…</body>
  Stack Trace:
     at Microsoft.Playwright.Transport.Connection.InnerSendMessageToServerAsync[T](ChannelOwnerBase object, String method, Dictionary`2 dictionary, Boolean keepNulls) in /_/src/Playwright/Transport/Connection.cs:line 209
   at Microsoft.Playwright.Transport.Connection.WrapApiCallAsync[T](Func`1 action, Boolean isInternal)
   at Microsoft.Playwright.Core.Frame.WaitForSelectorAsync(String selector, FrameWaitForSelectorOptions options) in /_/src/Playwright/Core/Frame.cs:line 527
   at L4H.UI.E2E.Tests.L4H_E2E_Tests.TestPageLocalization(IPage page, String url, String pageName, String[] expectedTranslationKeys) in C:\programming\L4HProject\tests\ui.e2e\L4H_E2E_Tests.cs:line 181
   at L4H.UI.E2E.Tests.L4H_E2E_Tests.L4H_Visa_Library_Page_Localization_Test() in C:\programming\L4HProject\tests\ui.e2e\L4H_E2E_Tests.cs:line 104
   at L4H.UI.E2E.Tests.L4H_E2E_Tests.L4H_Visa_Library_Page_Localization_Test() in C:\programming\L4HProject\tests\ui.e2e\L4H_E2E_Tests.cs:line 112
--- End of stack trace from previous location ---
  Failed L4H.UI.E2E.Tests.O1_Visa_E2E_Test.O1_Visa_Full_Workflow_Test [33 s]
  Error Message:
   System.TimeoutException : Timeout 30000ms exceeded.
Call log:
  - waiting for Locator("input[name='firstName']")
  Stack Trace:
     at Microsoft.Playwright.Transport.Connection.InnerSendMessageToServerAsync[T](ChannelOwnerBase object, String method, Dictionary`2 dictionary, Boolean keepNulls) in /_/src/Playwright/Transport/Connection.cs:line 209
   at Microsoft.Playwright.Transport.Connection.WrapApiCallAsync[T](Func`1 action, Boolean isInternal) in /_/src/Playwright/Transport/Connection.cs:line 535
   at L4H.UI.E2E.Tests.O1_Visa_E2E_Test.O1_Visa_Full_Workflow_Test() in C:\programming\L4HProject\tests\ui.e2e\O1_Visa_E2E_Test.cs:line 29
   at L4H.UI.E2E.Tests.O1_Visa_E2E_Test.O1_Visa_Full_Workflow_Test() in C:\programming\L4HProject\tests\ui.e2e\O1_Visa_E2E_Test.cs:line 85
--- End of stack trace from previous location ---
  Failed 🇺🇸→🇺🇦 US Citizen Adopting Ukrainian Special Needs Child (IR-4) [11 s]
  Error Message:
   System.TimeoutException : Timeout 10000ms exceeded.
Call log:
  - waiting for Locator("input[name='email']") to be visible
  Stack Trace:
     at Microsoft.Playwright.Transport.Connection.InnerSendMessageToServerAsync[T](ChannelOwnerBase object, String method, Dictionary`2 dictionary, Boolean keepNulls) in /_/src/Playwright/Transport/Connection.cs:line 209
   at Microsoft.Playwright.Transport.Connection.WrapApiCallAsync[T](Func`1 action, Boolean isInternal)
   at Microsoft.Playwright.Core.Frame.WaitForSelectorAsync(String selector, FrameWaitForSelectorOptions options) in /_/src/Playwright/Core/Frame.cs:line 527
   at L4H.UI.E2E.Tests.AdoptionWorkflowTests.RegisterUSCitizen(IPage page, String email, String firstName, String lastName) in C:\programming\L4HProject\tests\ui.e2e\AdoptionWorkflowTests.cs:line 44
   at L4H.UI.E2E.Tests.AdoptionWorkflowTests.USCitizen_IR4_Ukrainian_SpecialNeeds_Child_Test() in C:\programming\L4HProject\tests\ui.e2e\AdoptionWorkflowTests.cs:line 441
   at L4H.UI.E2E.Tests.AdoptionWorkflowTests.USCitizen_IR4_Ukrainian_SpecialNeeds_Child_Test() in C:\programming\L4HProject\tests\ui.e2e\AdoptionWorkflowTests.cs:line 478
--- End of stack trace from previous location ---
  Standard Output Messages:
 Registering US Citizen for adoption: ir4-ukraine-special-288a31a1@testing.com
 CONSOLE [debug]: [vite] connecting...
 CONSOLE [debug]: [vite] connected.
 CONSOLE [info]: %cDownload the React DevTools for a better development experience: https://reactjs.org/link/react-devtools font-weight:bold
 CONSOLE [warning]: i18next::languageUtils: rejecting language code not found in supportedLngs: en
 CONSOLE [warning]: i18next::languageUtils: rejecting language code not found in supportedLngs: en-US
 CONSOLE [warning]: i18next::languageUtils: rejecting language code not found in supportedLngs: en
 CONSOLE [warning]: i18next::languageUtils: rejecting language code not found in supportedLngs: en-US
 CONSOLE [warning]: i18next::languageUtils: rejecting language code not found in supportedLngs: en
 CONSOLE [warning]: i18next::languageUtils: rejecting language code not found in supportedLngs: en-US
 CONSOLE [warning]: i18next::languageUtils: rejecting language code not found in supportedLngs: en
 CONSOLE [warning]: i18next::languageUtils: rejecting language code not found in supportedLngs: en-US
 CONSOLE [warning]: i18next::languageUtils: rejecting language code not found in supportedLngs: en
 CONSOLE [warning]: i18next::languageUtils: rejecting language code not found in supportedLngs: en-US
 CONSOLE [info]: Language changed to: en-US
 CONSOLE [info]: Language changed to: en-US
 CONSOLE [log]: i18next: languageChanged en-US
 CONSOLE [log]: i18next: initialized {debug: true, initImmediate: true, ns: Array(1), defaultNS: common, fallbackLng: Array(1)}
 CONSOLE [info]: i18next initialized with options: {debug: true, initImmediate: true, ns: Array(1), defaultNS: common, fallbackLng: Array(1)}
 CONSOLE [info]: i18next initialized with language: en-US
 CONSOLE [warning]: i18next::languageUtils: rejecting language code not found in supportedLngs: en
 CONSOLE [warning]: i18next::languageUtils: rejecting language code not found in supportedLngs: en-US
 CONSOLE [warning]: i18next::languageUtils: rejecting language code not found in supportedLngs: en
 CONSOLE [warning]: i18next::languageUtils: rejecting language code not found in supportedLngs: en-US
 CONSOLE [warning]: i18next::languageUtils: rejecting language code not found in supportedLngs: en
 CONSOLE [warning]: i18next::languageUtils: rejecting language code not found in supportedLngs: en-US
 CONSOLE [warning]: i18next::languageUtils: rejecting language code not found in supportedLngs: en
 CONSOLE [warning]: i18next::languageUtils: rejecting language code not found in supportedLngs: en-US
 CONSOLE [info]: Language changed to: en-US
 CONSOLE [info]: Language changed to: en-US
 CONSOLE [log]: i18next: languageChanged en-US
 CONSOLE [warning]: i18next: init: i18next is already initialized. You should call init just once!
 CONSOLE [log]: i18next: initialized {debug: true, initImmediate: true, ns: Array(1), defaultNS: common, fallbackLng: Array(1)}
 CONSOLE [info]: i18next initialized with options: {debug: true, initImmediate: true, ns: Array(1), defaultNS: common, fallbackLng: Array(1)}
 CONSOLE [warning]: <Router basename="/law4hire"> is not able to match the URL "/register" because it does not start with the basename, so the <Router> won't render anything.
 CONSOLE [warning]: <Router basename="/law4hire"> is not able to match the URL "/register" because it does not start with the basename, so the <Router> won't render anything.
 CONSOLE [warning]: ⚠️ React Router Future Flag Warning: React Router will begin wrapping state updates in `React.startTransition` in v7. You can use the `v7_startTransition` future flag to opt-in early. For more information, see https://reactrouter.com/v6/upgrading/future#v7_starttransition.
 CONSOLE [warning]: ⚠️ React Router Future Flag Warning: Relative route resolution within Splat routes is changing in v7. You can use the `v7_relativeSplatPath` future flag to opt-in early. For more information, see https://reactrouter.com/v6/upgrading/future#v7_relativesplatpath.


  Failed 🔄 RTL Layout Validation Test [11 s]
  Error Message:
   System.TimeoutException : Timeout 10000ms exceeded.
Call log:
  - waiting for Locator("input[name='email']") to be visible
  Stack Trace:
     at Microsoft.Playwright.Transport.Connection.InnerSendMessageToServerAsync[T](ChannelOwnerBase object, String method, Dictionary`2 dictionary, Boolean keepNulls) in /_/src/Playwright/Transport/Connection.cs:line 209
   at Microsoft.Playwright.Transport.Connection.WrapApiCallAsync[T](Func`1 action, Boolean isInternal)
   at Microsoft.Playwright.Core.Frame.WaitForSelectorAsync(String selector, FrameWaitForSelectorOptions options) in /_/src/Playwright/Core/Frame.cs:line 527
   at L4H.UI.E2E.Tests.LocalizationComprehensiveTests.RegisterUserForLanguage(IPage page, String languageCode, LanguageInfo langInfo) in C:\programming\L4HProject\tests\ui.e2e\LocalizationComprehensiveTests.cs:line 73
   at L4H.UI.E2E.Tests.LocalizationComprehensiveTests.RTL_Layout_Validation_Test() in C:\programming\L4HProject\tests\ui.e2e\LocalizationComprehensiveTests.cs:line 599
   at L4H.UI.E2E.Tests.LocalizationComprehensiveTests.RTL_Layout_Validation_Test() in C:\programming\L4HProject\tests\ui.e2e\LocalizationComprehensiveTests.cs:line 627
--- End of stack trace from previous location ---
  Standard Output Messages:
 Testing RTL layout for Arabic
 Registering user for Arabic (ar-SA): ar-SA-test-e8fc2eae@testing.com
 CONSOLE [debug]: [vite] connecting...
 CONSOLE [debug]: [vite] connected.
 CONSOLE [info]: %cDownload the React DevTools for a better development experience: https://reactjs.org/link/react-devtools font-weight:bold
 CONSOLE [warning]: i18next::languageUtils: rejecting language code not found in supportedLngs: en
 CONSOLE [warning]: i18next::languageUtils: rejecting language code not found in supportedLngs: en-US
 CONSOLE [warning]: i18next::languageUtils: rejecting language code not found in supportedLngs: en
 CONSOLE [warning]: i18next::languageUtils: rejecting language code not found in supportedLngs: en-US
 CONSOLE [warning]: i18next::languageUtils: rejecting language code not found in supportedLngs: en
 CONSOLE [warning]: i18next::languageUtils: rejecting language code not found in supportedLngs: en-US
 CONSOLE [warning]: i18next::languageUtils: rejecting language code not found in supportedLngs: en
 CONSOLE [warning]: i18next::languageUtils: rejecting language code not found in supportedLngs: en-US
 CONSOLE [warning]: i18next::languageUtils: rejecting language code not found in supportedLngs: en
 CONSOLE [warning]: i18next::languageUtils: rejecting language code not found in supportedLngs: en-US
 CONSOLE [info]: Language changed to: en-US
 CONSOLE [info]: Language changed to: en-US
 CONSOLE [log]: i18next: languageChanged en-US
 CONSOLE [log]: i18next: initialized {debug: true, initImmediate: true, ns: Array(1), defaultNS: common, fallbackLng: Array(1)}
 CONSOLE [info]: i18next initialized with options: {debug: true, initImmediate: true, ns: Array(1), defaultNS: common, fallbackLng: Array(1)}
 CONSOLE [info]: i18next initialized with language: en-US
 CONSOLE [warning]: i18next::languageUtils: rejecting language code not found in supportedLngs: en
 CONSOLE [warning]: i18next::languageUtils: rejecting language code not found in supportedLngs: en-US
 CONSOLE [warning]: i18next::languageUtils: rejecting language code not found in supportedLngs: en
 CONSOLE [warning]: i18next::languageUtils: rejecting language code not found in supportedLngs: en-US
 CONSOLE [warning]: i18next::languageUtils: rejecting language code not found in supportedLngs: en
 CONSOLE [warning]: i18next::languageUtils: rejecting language code not found in supportedLngs: en-US
 CONSOLE [warning]: i18next::languageUtils: rejecting language code not found in supportedLngs: en
 CONSOLE [warning]: i18next::languageUtils: rejecting language code not found in supportedLngs: en-US
 CONSOLE [info]: Language changed to: en-US
 CONSOLE [info]: Language changed to: en-US
 CONSOLE [log]: i18next: languageChanged en-US
 CONSOLE [warning]: i18next: init: i18next is already initialized. You should call init just once!
 CONSOLE [log]: i18next: initialized {debug: true, initImmediate: true, ns: Array(1), defaultNS: common, fallbackLng: Array(1)}
 CONSOLE [info]: i18next initialized with options: {debug: true, initImmediate: true, ns: Array(1), defaultNS: common, fallbackLng: Array(1)}
 CONSOLE [warning]: <Router basename="/law4hire"> is not able to match the URL "/register" because it does not start with the basename, so the <Router> won't render anything.
 CONSOLE [warning]: <Router basename="/law4hire"> is not able to match the URL "/register" because it does not start with the basename, so the <Router> won't render anything.
 CONSOLE [warning]: ⚠️ React Router Future Flag Warning: React Router will begin wrapping state updates in `React.startTransition` in v7. You can use the `v7_startTransition` future flag to opt-in early. For more information, see https://reactrouter.com/v6/upgrading/future#v7_starttransition.
 CONSOLE [warning]: ⚠️ React Router Future Flag Warning: Relative route resolution within Splat routes is changing in v7. You can use the `v7_relativeSplatPath` future flag to opt-in early. For more information, see https://reactrouter.com/v6/upgrading/future#v7_relativesplatpath.


  Failed 🇯🇵 Japan → L-1A Intracompany Executive [11 s]
  Error Message:
   System.TimeoutException : Timeout 10000ms exceeded.
Call log:
  - waiting for Locator("input[name='email']") to be visible
  Stack Trace:
     at Microsoft.Playwright.Transport.Connection.InnerSendMessageToServerAsync[T](ChannelOwnerBase object, String method, Dictionary`2 dictionary, Boolean keepNulls) in /_/src/Playwright/Transport/Connection.cs:line 209
   at Microsoft.Playwright.Transport.Connection.WrapApiCallAsync[T](Func`1 action, Boolean isInternal)
   at Microsoft.Playwright.Core.Frame.WaitForSelectorAsync(String selector, FrameWaitForSelectorOptions options) in /_/src/Playwright/Core/Frame.cs:line 527
   at L4H.UI.E2E.Tests.ComprehensiveVisualStudioUITests.RegisterUser(IPage page, String email, String firstName, String lastName, String nationality, String dateOfBirth) in C:\programming\L4HProject\tests\ui.e2e\ComprehensiveVisualStudioUITests.cs:line 51
   at L4H.UI.E2E.Tests.ComprehensiveVisualStudioUITests.Japan_L1A_Intracompany_Executive_Test() in C:\programming\L4HProject\tests\ui.e2e\ComprehensiveVisualStudioUITests.cs:line 280
   at L4H.UI.E2E.Tests.ComprehensiveVisualStudioUITests.Japan_L1A_Intracompany_Executive_Test() in C:\programming\L4HProject\tests\ui.e2e\ComprehensiveVisualStudioUITests.cs:line 298
--- End of stack trace from previous location ---
  Standard Output Messages:
 Registering user: l1a-japan-995aa10b@law4hire.com
 CONSOLE [debug]: [vite] connecting...
 CONSOLE [debug]: [vite] connected.
 CONSOLE [info]: %cDownload the React DevTools for a better development experience: https://reactjs.org/link/react-devtools font-weight:bold
 CONSOLE [warning]: i18next::languageUtils: rejecting language code not found in supportedLngs: en
 CONSOLE [warning]: i18next::languageUtils: rejecting language code not found in supportedLngs: en-US
 CONSOLE [warning]: i18next::languageUtils: rejecting language code not found in supportedLngs: en
 CONSOLE [warning]: i18next::languageUtils: rejecting language code not found in supportedLngs: en-US
 CONSOLE [warning]: i18next::languageUtils: rejecting language code not found in supportedLngs: en
 CONSOLE [warning]: i18next::languageUtils: rejecting language code not found in supportedLngs: en-US
 CONSOLE [warning]: i18next::languageUtils: rejecting language code not found in supportedLngs: en
 CONSOLE [warning]: i18next::languageUtils: rejecting language code not found in supportedLngs: en-US
 CONSOLE [warning]: i18next::languageUtils: rejecting language code not found in supportedLngs: en
 CONSOLE [warning]: i18next::languageUtils: rejecting language code not found in supportedLngs: en-US
 CONSOLE [info]: Language changed to: en-US
 CONSOLE [info]: Language changed to: en-US
 CONSOLE [log]: i18next: languageChanged en-US
 CONSOLE [log]: i18next: initialized {debug: true, initImmediate: true, ns: Array(1), defaultNS: common, fallbackLng: Array(1)}
 CONSOLE [info]: i18next initialized with options: {debug: true, initImmediate: true, ns: Array(1), defaultNS: common, fallbackLng: Array(1)}
 CONSOLE [info]: i18next initialized with language: en-US
 CONSOLE [warning]: i18next::languageUtils: rejecting language code not found in supportedLngs: en
 CONSOLE [warning]: i18next::languageUtils: rejecting language code not found in supportedLngs: en-US
 CONSOLE [warning]: i18next::languageUtils: rejecting language code not found in supportedLngs: en
 CONSOLE [warning]: i18next::languageUtils: rejecting language code not found in supportedLngs: en-US
 CONSOLE [warning]: i18next::languageUtils: rejecting language code not found in supportedLngs: en
 CONSOLE [warning]: i18next::languageUtils: rejecting language code not found in supportedLngs: en-US
 CONSOLE [warning]: i18next::languageUtils: rejecting language code not found in supportedLngs: en
 CONSOLE [warning]: i18next::languageUtils: rejecting language code not found in supportedLngs: en-US
 CONSOLE [info]: Language changed to: en-US
 CONSOLE [info]: Language changed to: en-US
 CONSOLE [log]: i18next: languageChanged en-US
 CONSOLE [warning]: i18next: init: i18next is already initialized. You should call init just once!
 CONSOLE [log]: i18next: initialized {debug: true, initImmediate: true, ns: Array(1), defaultNS: common, fallbackLng: Array(1)}
 CONSOLE [info]: i18next initialized with options: {debug: true, initImmediate: true, ns: Array(1), defaultNS: common, fallbackLng: Array(1)}
 CONSOLE [warning]: <Router basename="/law4hire"> is not able to match the URL "/register" because it does not start with the basename, so the <Router> won't render anything.
 CONSOLE [warning]: <Router basename="/law4hire"> is not able to match the URL "/register" because it does not start with the basename, so the <Router> won't render anything.
 CONSOLE [warning]: ⚠️ React Router Future Flag Warning: React Router will begin wrapping state updates in `React.startTransition` in v7. You can use the `v7_startTransition` future flag to opt-in early. For more information, see https://reactrouter.com/v6/upgrading/future#v7_starttransition.
 CONSOLE [warning]: ⚠️ React Router Future Flag Warning: Relative route resolution within Splat routes is changing in v7. You can use the `v7_relativeSplatPath` future flag to opt-in early. For more information, see https://reactrouter.com/v6/upgrading/future#v7_relativesplatpath.


  Failed L4H.UI.E2E.Tests.Comprehensive_Visa_E2E_Tests.L1_Visa_Intracompany_Transfer_Test [11 s]
  Error Message:
   System.TimeoutException : Timeout 10000ms exceeded.
Call log:
  - waiting for Locator("input[name='email']") to be visible
  Stack Trace:
     at Microsoft.Playwright.Transport.Connection.InnerSendMessageToServerAsync[T](ChannelOwnerBase object, String method, Dictionary`2 dictionary, Boolean keepNulls) in /_/src/Playwright/Transport/Connection.cs:line 209
   at Microsoft.Playwright.Transport.Connection.WrapApiCallAsync[T](Func`1 action, Boolean isInternal)
   at Microsoft.Playwright.Core.Frame.WaitForSelectorAsync(String selector, FrameWaitForSelectorOptions options) in /_/src/Playwright/Core/Frame.cs:line 527
   at L4H.UI.E2E.Tests.Comprehensive_Visa_E2E_Tests.RegisterUser(IPage page, String email, String firstName, String lastName) in C:\programming\L4HProject\tests\ui.e2e\Comprehensive_Visa_E2E_Tests.cs:line 36
   at L4H.UI.E2E.Tests.Comprehensive_Visa_E2E_Tests.L1_Visa_Intracompany_Transfer_Test() in C:\programming\L4HProject\tests\ui.e2e\Comprehensive_Visa_E2E_Tests.cs:line 273
   at L4H.UI.E2E.Tests.Comprehensive_Visa_E2E_Tests.L1_Visa_Intracompany_Transfer_Test() in C:\programming\L4HProject\tests\ui.e2e\Comprehensive_Visa_E2E_Tests.cs:line 292
--- End of stack trace from previous location ---
  Failed 🇰🇷→🇺🇸 Korean Child → N-600 Certificate of Citizenship [11 s]
  Error Message:
   System.TimeoutException : Timeout 10000ms exceeded.
Call log:
  - waiting for Locator("input[name='email']") to be visible
  Stack Trace:
     at Microsoft.Playwright.Transport.Connection.InnerSendMessageToServerAsync[T](ChannelOwnerBase object, String method, Dictionary`2 dictionary, Boolean keepNulls) in /_/src/Playwright/Transport/Connection.cs:line 209
   at Microsoft.Playwright.Transport.Connection.WrapApiCallAsync[T](Func`1 action, Boolean isInternal)
   at Microsoft.Playwright.Core.Frame.WaitForSelectorAsync(String selector, FrameWaitForSelectorOptions options) in /_/src/Playwright/Core/Frame.cs:line 527
   at L4H.UI.E2E.Tests.CitizenshipNaturalizationTests.RegisterPermanentResident(IPage page, String email, String firstName, String lastName, String nationality) in C:\programming\L4HProject\tests\ui.e2e\CitizenshipNaturalizationTests.cs:line 47
   at L4H.UI.E2E.Tests.CitizenshipNaturalizationTests.Korean_Child_N600_Certificate_Test() in C:\programming\L4HProject\tests\ui.e2e\CitizenshipNaturalizationTests.cs:line 369
   at L4H.UI.E2E.Tests.CitizenshipNaturalizationTests.Korean_Child_N600_Certificate_Test() in C:\programming\L4HProject\tests\ui.e2e\CitizenshipNaturalizationTests.cs:line 399
--- End of stack trace from previous location ---
  Standard Output Messages:
 Registering Permanent Resident for citizenship: n600-korea-child-ba6ffb29@testing.com
 CONSOLE [debug]: [vite] connecting...
 CONSOLE [debug]: [vite] connected.
 CONSOLE [info]: %cDownload the React DevTools for a better development experience: https://reactjs.org/link/react-devtools font-weight:bold
 CONSOLE [warning]: i18next::languageUtils: rejecting language code not found in supportedLngs: en
 CONSOLE [warning]: i18next::languageUtils: rejecting language code not found in supportedLngs: en-US
 CONSOLE [warning]: i18next::languageUtils: rejecting language code not found in supportedLngs: en
 CONSOLE [warning]: i18next::languageUtils: rejecting language code not found in supportedLngs: en-US
 CONSOLE [warning]: i18next::languageUtils: rejecting language code not found in supportedLngs: en
 CONSOLE [warning]: i18next::languageUtils: rejecting language code not found in supportedLngs: en-US
 CONSOLE [warning]: i18next::languageUtils: rejecting language code not found in supportedLngs: en
 CONSOLE [warning]: i18next::languageUtils: rejecting language code not found in supportedLngs: en-US
 CONSOLE [warning]: i18next::languageUtils: rejecting language code not found in supportedLngs: en
 CONSOLE [warning]: i18next::languageUtils: rejecting language code not found in supportedLngs: en-US
 CONSOLE [info]: Language changed to: en-US
 CONSOLE [info]: Language changed to: en-US
 CONSOLE [log]: i18next: languageChanged en-US
 CONSOLE [log]: i18next: initialized {debug: true, initImmediate: true, ns: Array(1), defaultNS: common, fallbackLng: Array(1)}
 CONSOLE [info]: i18next initialized with options: {debug: true, initImmediate: true, ns: Array(1), defaultNS: common, fallbackLng: Array(1)}
 CONSOLE [info]: i18next initialized with language: en-US
 CONSOLE [warning]: i18next::languageUtils: rejecting language code not found in supportedLngs: en
 CONSOLE [warning]: i18next::languageUtils: rejecting language code not found in supportedLngs: en-US
 CONSOLE [warning]: i18next::languageUtils: rejecting language code not found in supportedLngs: en
 CONSOLE [warning]: i18next::languageUtils: rejecting language code not found in supportedLngs: en-US
 CONSOLE [warning]: i18next::languageUtils: rejecting language code not found in supportedLngs: en
 CONSOLE [warning]: i18next::languageUtils: rejecting language code not found in supportedLngs: en-US
 CONSOLE [warning]: i18next::languageUtils: rejecting language code not found in supportedLngs: en
 CONSOLE [warning]: i18next::languageUtils: rejecting language code not found in supportedLngs: en-US
 CONSOLE [info]: Language changed to: en-US
 CONSOLE [info]: Language changed to: en-US
 CONSOLE [log]: i18next: languageChanged en-US
 CONSOLE [warning]: i18next: init: i18next is already initialized. You should call init just once!
 CONSOLE [log]: i18next: initialized {debug: true, initImmediate: true, ns: Array(1), defaultNS: common, fallbackLng: Array(1)}
 CONSOLE [info]: i18next initialized with options: {debug: true, initImmediate: true, ns: Array(1), defaultNS: common, fallbackLng: Array(1)}
 CONSOLE [warning]: <Router basename="/law4hire"> is not able to match the URL "/register" because it does not start with the basename, so the <Router> won't render anything.
 CONSOLE [warning]: <Router basename="/law4hire"> is not able to match the URL "/register" because it does not start with the basename, so the <Router> won't render anything.
 CONSOLE [warning]: ⚠️ React Router Future Flag Warning: React Router will begin wrapping state updates in `React.startTransition` in v7. You can use the `v7_startTransition` future flag to opt-in early. For more information, see https://reactrouter.com/v6/upgrading/future#v7_starttransition.
 CONSOLE [warning]: ⚠️ React Router Future Flag Warning: Relative route resolution within Splat routes is changing in v7. You can use the `v7_relativeSplatPath` future flag to opt-in early. For more information, see https://reactrouter.com/v6/upgrading/future#v7_relativesplatpath.


  Failed L4H.UI.E2E.Tests.L4H_E2E_Tests.L4H_Login_Page_Localization_Test [11 s]
  Error Message:
   System.TimeoutException : Timeout 10000ms exceeded.
Call log:
  - waiting for Locator("body") to be visible
  -   locator resolved to hidden <body>…</body>
  -   locator resolved to hidden <body>…</body>
  -   locator resolved to hidden <body>…</body>
  -   locator resolved to hidden <body>…</body>
  -   locator resolved to hidden <body>…</body>
  -   locator resolved to hidden <body>…</body>
  -   locator resolved to hidden <body>…</body>
  -   locator resolved to hidden <body>…</body>
  -   locator resolved to hidden <body>…</body>
  -   locator resolved to hidden <body>…</body>
  -   locator resolved to hidden <body>…</body>
  -   locator resolved to hidden <body>…</body>
  -   locator resolved to hidden <body>…</body>
  -   locator resolved to hidden <body>…</body>
  -   locator resolved to hidden <body>…</body>
  -   locator resolved to hidden <body>…</body>
  -   locator resolved to hidden <body>…</body>
  -   locator resolved to hidden <body>…</body>
  -   locator resolved to hidden <body>…</body>
  -   locator resolved to hidden <body>…</body>
  -   locator resolved to hidden <body>…</body>
  -   locator resolved to hidden <body>…</body>
  -   locator resolved to hidden <body>…</body>
  -   locator resolved to hidden <body>…</body>
  Stack Trace:
     at Microsoft.Playwright.Transport.Connection.InnerSendMessageToServerAsync[T](ChannelOwnerBase object, String method, Dictionary`2 dictionary, Boolean keepNulls) in /_/src/Playwright/Transport/Connection.cs:line 209
   at Microsoft.Playwright.Transport.Connection.WrapApiCallAsync[T](Func`1 action, Boolean isInternal)
   at Microsoft.Playwright.Core.Frame.WaitForSelectorAsync(String selector, FrameWaitForSelectorOptions options) in /_/src/Playwright/Core/Frame.cs:line 527
   at L4H.UI.E2E.Tests.L4H_E2E_Tests.TestLoginPageLocalization(IPage page, String url, String pageName) in C:\programming\L4HProject\tests\ui.e2e\L4H_E2E_Tests.cs:line 305
   at L4H.UI.E2E.Tests.L4H_E2E_Tests.L4H_Login_Page_Localization_Test() in C:\programming\L4HProject\tests\ui.e2e\L4H_E2E_Tests.cs:line 55
   at L4H.UI.E2E.Tests.L4H_E2E_Tests.L4H_Login_Page_Localization_Test() in C:\programming\L4HProject\tests\ui.e2e\L4H_E2E_Tests.cs:line 62
--- End of stack trace from previous location ---
  Failed 🇺🇸→🇮🇳 Single US Citizen Adopting Indian Child (IR-3) [11 s]
  Error Message:
   System.TimeoutException : Timeout 10000ms exceeded.
Call log:
  - waiting for Locator("input[name='email']") to be visible
  Stack Trace:
     at Microsoft.Playwright.Transport.Connection.InnerSendMessageToServerAsync[T](ChannelOwnerBase object, String method, Dictionary`2 dictionary, Boolean keepNulls) in /_/src/Playwright/Transport/Connection.cs:line 209
   at Microsoft.Playwright.Transport.Connection.WrapApiCallAsync[T](Func`1 action, Boolean isInternal)
   at Microsoft.Playwright.Core.Frame.WaitForSelectorAsync(String selector, FrameWaitForSelectorOptions options) in /_/src/Playwright/Core/Frame.cs:line 527
   at L4H.UI.E2E.Tests.AdoptionWorkflowTests.RegisterUSCitizen(IPage page, String email, String firstName, String lastName) in C:\programming\L4HProject\tests\ui.e2e\AdoptionWorkflowTests.cs:line 44
   at L4H.UI.E2E.Tests.AdoptionWorkflowTests.SingleUSCitizen_IR3_Indian_Child_Adoption_Test() in C:\programming\L4HProject\tests\ui.e2e\AdoptionWorkflowTests.cs:line 395
   at L4H.UI.E2E.Tests.AdoptionWorkflowTests.SingleUSCitizen_IR3_Indian_Child_Adoption_Test() in C:\programming\L4HProject\tests\ui.e2e\AdoptionWorkflowTests.cs:line 427
--- End of stack trace from previous location ---
  Standard Output Messages:
 Registering US Citizen for adoption: ir3-single-india-1a48d032@law4hire.com
 CONSOLE [debug]: [vite] connecting...
 CONSOLE [debug]: [vite] connected.
 CONSOLE [info]: %cDownload the React DevTools for a better development experience: https://reactjs.org/link/react-devtools font-weight:bold
 CONSOLE [warning]: i18next::languageUtils: rejecting language code not found in supportedLngs: en
 CONSOLE [warning]: i18next::languageUtils: rejecting language code not found in supportedLngs: en-US
 CONSOLE [warning]: i18next::languageUtils: rejecting language code not found in supportedLngs: en
 CONSOLE [warning]: i18next::languageUtils: rejecting language code not found in supportedLngs: en-US
 CONSOLE [warning]: i18next::languageUtils: rejecting language code not found in supportedLngs: en
 CONSOLE [warning]: i18next::languageUtils: rejecting language code not found in supportedLngs: en-US
 CONSOLE [warning]: i18next::languageUtils: rejecting language code not found in supportedLngs: en
 CONSOLE [warning]: i18next::languageUtils: rejecting language code not found in supportedLngs: en-US
 CONSOLE [warning]: i18next::languageUtils: rejecting language code not found in supportedLngs: en
 CONSOLE [warning]: i18next::languageUtils: rejecting language code not found in supportedLngs: en-US
 CONSOLE [info]: Language changed to: en-US
 CONSOLE [info]: Language changed to: en-US
 CONSOLE [log]: i18next: languageChanged en-US
 CONSOLE [log]: i18next: initialized {debug: true, initImmediate: true, ns: Array(1), defaultNS: common, fallbackLng: Array(1)}
 CONSOLE [info]: i18next initialized with options: {debug: true, initImmediate: true, ns: Array(1), defaultNS: common, fallbackLng: Array(1)}
 CONSOLE [info]: i18next initialized with language: en-US
 CONSOLE [warning]: i18next::languageUtils: rejecting language code not found in supportedLngs: en
 CONSOLE [warning]: i18next::languageUtils: rejecting language code not found in supportedLngs: en-US
 CONSOLE [warning]: i18next::languageUtils: rejecting language code not found in supportedLngs: en
 CONSOLE [warning]: i18next::languageUtils: rejecting language code not found in supportedLngs: en-US
 CONSOLE [warning]: i18next::languageUtils: rejecting language code not found in supportedLngs: en
 CONSOLE [warning]: i18next::languageUtils: rejecting language code not found in supportedLngs: en-US
 CONSOLE [warning]: i18next::languageUtils: rejecting language code not found in supportedLngs: en
 CONSOLE [warning]: i18next::languageUtils: rejecting language code not found in supportedLngs: en-US
 CONSOLE [info]: Language changed to: en-US
 CONSOLE [info]: Language changed to: en-US
 CONSOLE [log]: i18next: languageChanged en-US
 CONSOLE [warning]: i18next: init: i18next is already initialized. You should call init just once!
 CONSOLE [log]: i18next: initialized {debug: true, initImmediate: true, ns: Array(1), defaultNS: common, fallbackLng: Array(1)}
 CONSOLE [info]: i18next initialized with options: {debug: true, initImmediate: true, ns: Array(1), defaultNS: common, fallbackLng: Array(1)}
 CONSOLE [warning]: <Router basename="/law4hire"> is not able to match the URL "/register" because it does not start with the basename, so the <Router> won't render anything.
 CONSOLE [warning]: <Router basename="/law4hire"> is not able to match the URL "/register" because it does not start with the basename, so the <Router> won't render anything.
 CONSOLE [warning]: ⚠️ React Router Future Flag Warning: React Router will begin wrapping state updates in `React.startTransition` in v7. You can use the `v7_startTransition` future flag to opt-in early. For more information, see https://reactrouter.com/v6/upgrading/future#v7_starttransition.
 CONSOLE [warning]: ⚠️ React Router Future Flag Warning: Relative route resolution within Splat routes is changing in v7. You can use the `v7_relativeSplatPath` future flag to opt-in early. For more information, see https://reactrouter.com/v6/upgrading/future#v7_relativesplatpath.


  Failed 🇮🇩 Indonesian (id-ID) Localization Test [11 s]
  Error Message:
   System.TimeoutException : Timeout 10000ms exceeded.
Call log:
  - waiting for Locator("input[name='email']") to be visible
  Stack Trace:
     at Microsoft.Playwright.Transport.Connection.InnerSendMessageToServerAsync[T](ChannelOwnerBase object, String method, Dictionary`2 dictionary, Boolean keepNulls) in /_/src/Playwright/Transport/Connection.cs:line 209
   at Microsoft.Playwright.Transport.Connection.WrapApiCallAsync[T](Func`1 action, Boolean isInternal)
   at Microsoft.Playwright.Core.Frame.WaitForSelectorAsync(String selector, FrameWaitForSelectorOptions options) in /_/src/Playwright/Core/Frame.cs:line 527
   at L4H.UI.E2E.Tests.LocalizationComprehensiveTests.RegisterUserForLanguage(IPage page, String languageCode, LanguageInfo langInfo) in C:\programming\L4HProject\tests\ui.e2e\LocalizationComprehensiveTests.cs:line 73
   at L4H.UI.E2E.Tests.LocalizationComprehensiveTests.Indonesian_Localization_Test() in C:\programming\L4HProject\tests\ui.e2e\LocalizationComprehensiveTests.cs:line 388
   at L4H.UI.E2E.Tests.LocalizationComprehensiveTests.Indonesian_Localization_Test() in C:\programming\L4HProject\tests\ui.e2e\LocalizationComprehensiveTests.cs:line 399
--- End of stack trace from previous location ---
  Standard Output Messages:
 Registering user for Indonesian (id-ID): id-ID-test-6c9be1c0@testing.com
 CONSOLE [debug]: [vite] connecting...
 CONSOLE [debug]: [vite] connected.
 CONSOLE [info]: %cDownload the React DevTools for a better development experience: https://reactjs.org/link/react-devtools font-weight:bold
 CONSOLE [warning]: i18next::languageUtils: rejecting language code not found in supportedLngs: en
 CONSOLE [warning]: i18next::languageUtils: rejecting language code not found in supportedLngs: en-US
 CONSOLE [warning]: i18next::languageUtils: rejecting language code not found in supportedLngs: en
 CONSOLE [warning]: i18next::languageUtils: rejecting language code not found in supportedLngs: en-US
 CONSOLE [warning]: i18next::languageUtils: rejecting language code not found in supportedLngs: en
 CONSOLE [warning]: i18next::languageUtils: rejecting language code not found in supportedLngs: en-US
 CONSOLE [warning]: i18next::languageUtils: rejecting language code not found in supportedLngs: en
 CONSOLE [warning]: i18next::languageUtils: rejecting language code not found in supportedLngs: en-US
 CONSOLE [warning]: i18next::languageUtils: rejecting language code not found in supportedLngs: en
 CONSOLE [warning]: i18next::languageUtils: rejecting language code not found in supportedLngs: en-US
 CONSOLE [info]: Language changed to: en-US
 CONSOLE [info]: Language changed to: en-US
 CONSOLE [log]: i18next: languageChanged en-US
 CONSOLE [log]: i18next: initialized {debug: true, initImmediate: true, ns: Array(1), defaultNS: common, fallbackLng: Array(1)}
 CONSOLE [info]: i18next initialized with options: {debug: true, initImmediate: true, ns: Array(1), defaultNS: common, fallbackLng: Array(1)}
 CONSOLE [info]: i18next initialized with language: en-US
 CONSOLE [warning]: i18next::languageUtils: rejecting language code not found in supportedLngs: en
 CONSOLE [warning]: i18next::languageUtils: rejecting language code not found in supportedLngs: en-US
 CONSOLE [warning]: i18next::languageUtils: rejecting language code not found in supportedLngs: en
 CONSOLE [warning]: i18next::languageUtils: rejecting language code not found in supportedLngs: en-US
 CONSOLE [warning]: i18next::languageUtils: rejecting language code not found in supportedLngs: en
 CONSOLE [warning]: i18next::languageUtils: rejecting language code not found in supportedLngs: en-US
 CONSOLE [warning]: i18next::languageUtils: rejecting language code not found in supportedLngs: en
 CONSOLE [warning]: i18next::languageUtils: rejecting language code not found in supportedLngs: en-US
 CONSOLE [info]: Language changed to: en-US
 CONSOLE [info]: Language changed to: en-US
 CONSOLE [log]: i18next: languageChanged en-US
 CONSOLE [warning]: i18next: init: i18next is already initialized. You should call init just once!
 CONSOLE [log]: i18next: initialized {debug: true, initImmediate: true, ns: Array(1), defaultNS: common, fallbackLng: Array(1)}
 CONSOLE [info]: i18next initialized with options: {debug: true, initImmediate: true, ns: Array(1), defaultNS: common, fallbackLng: Array(1)}
 CONSOLE [warning]: <Router basename="/law4hire"> is not able to match the URL "/register" because it does not start with the basename, so the <Router> won't render anything.
 CONSOLE [warning]: <Router basename="/law4hire"> is not able to match the URL "/register" because it does not start with the basename, so the <Router> won't render anything.
 CONSOLE [warning]: ⚠️ React Router Future Flag Warning: React Router will begin wrapping state updates in `React.startTransition` in v7. You can use the `v7_startTransition` future flag to opt-in early. For more information, see https://reactrouter.com/v6/upgrading/future#v7_starttransition.
 CONSOLE [warning]: ⚠️ React Router Future Flag Warning: Relative route resolution within Splat routes is changing in v7. You can use the `v7_relativeSplatPath` future flag to opt-in early. For more information, see https://reactrouter.com/v6/upgrading/future#v7_relativesplatpath.


  Failed 🇺🇸 Permanent Resident → N-400 Naturalization [11 s]
  Error Message:
   System.TimeoutException : Timeout 10000ms exceeded.
Call log:
  - waiting for Locator("input[name='email']") to be visible
  Stack Trace:
     at Microsoft.Playwright.Transport.Connection.InnerSendMessageToServerAsync[T](ChannelOwnerBase object, String method, Dictionary`2 dictionary, Boolean keepNulls) in /_/src/Playwright/Transport/Connection.cs:line 209
   at Microsoft.Playwright.Transport.Connection.WrapApiCallAsync[T](Func`1 action, Boolean isInternal)
   at Microsoft.Playwright.Core.Frame.WaitForSelectorAsync(String selector, FrameWaitForSelectorOptions options) in /_/src/Playwright/Core/Frame.cs:line 527
   at L4H.UI.E2E.Tests.ComprehensiveVisualStudioUITests.RegisterUser(IPage page, String email, String firstName, String lastName, String nationality, String dateOfBirth) in C:\programming\L4HProject\tests\ui.e2e\ComprehensiveVisualStudioUITests.cs:line 51
   at L4H.UI.E2E.Tests.ComprehensiveVisualStudioUITests.PermanentResident_N400_Naturalization_Test() in C:\programming\L4HProject\tests\ui.e2e\ComprehensiveVisualStudioUITests.cs:line 641
   at L4H.UI.E2E.Tests.ComprehensiveVisualStudioUITests.PermanentResident_N400_Naturalization_Test() in C:\programming\L4HProject\tests\ui.e2e\ComprehensiveVisualStudioUITests.cs:line 662
--- End of stack trace from previous location ---
  Standard Output Messages:
 Registering user: n400-naturalization-21550223@law4hire.com
 CONSOLE [debug]: [vite] connecting...
 CONSOLE [debug]: [vite] connected.
 CONSOLE [info]: %cDownload the React DevTools for a better development experience: https://reactjs.org/link/react-devtools font-weight:bold
 CONSOLE [warning]: i18next::languageUtils: rejecting language code not found in supportedLngs: en
 CONSOLE [warning]: i18next::languageUtils: rejecting language code not found in supportedLngs: en-US
 CONSOLE [warning]: i18next::languageUtils: rejecting language code not found in supportedLngs: en
 CONSOLE [warning]: i18next::languageUtils: rejecting language code not found in supportedLngs: en-US
 CONSOLE [warning]: i18next::languageUtils: rejecting language code not found in supportedLngs: en
 CONSOLE [warning]: i18next::languageUtils: rejecting language code not found in supportedLngs: en-US
 CONSOLE [warning]: i18next::languageUtils: rejecting language code not found in supportedLngs: en
 CONSOLE [warning]: i18next::languageUtils: rejecting language code not found in supportedLngs: en-US
 CONSOLE [warning]: i18next::languageUtils: rejecting language code not found in supportedLngs: en
 CONSOLE [warning]: i18next::languageUtils: rejecting language code not found in supportedLngs: en-US
 CONSOLE [info]: Language changed to: en-US
 CONSOLE [info]: Language changed to: en-US
 CONSOLE [log]: i18next: languageChanged en-US
 CONSOLE [log]: i18next: initialized {debug: true, initImmediate: true, ns: Array(1), defaultNS: common, fallbackLng: Array(1)}
 CONSOLE [info]: i18next initialized with options: {debug: true, initImmediate: true, ns: Array(1), defaultNS: common, fallbackLng: Array(1)}
 CONSOLE [info]: i18next initialized with language: en-US
 CONSOLE [warning]: i18next::languageUtils: rejecting language code not found in supportedLngs: en
 CONSOLE [warning]: i18next::languageUtils: rejecting language code not found in supportedLngs: en-US
 CONSOLE [warning]: i18next::languageUtils: rejecting language code not found in supportedLngs: en
 CONSOLE [warning]: i18next::languageUtils: rejecting language code not found in supportedLngs: en-US
 CONSOLE [warning]: i18next::languageUtils: rejecting language code not found in supportedLngs: en
 CONSOLE [warning]: i18next::languageUtils: rejecting language code not found in supportedLngs: en-US
 CONSOLE [warning]: i18next::languageUtils: rejecting language code not found in supportedLngs: en
 CONSOLE [warning]: i18next::languageUtils: rejecting language code not found in supportedLngs: en-US
 CONSOLE [info]: Language changed to: en-US
 CONSOLE [info]: Language changed to: en-US
 CONSOLE [log]: i18next: languageChanged en-US
 CONSOLE [warning]: i18next: init: i18next is already initialized. You should call init just once!
 CONSOLE [log]: i18next: initialized {debug: true, initImmediate: true, ns: Array(1), defaultNS: common, fallbackLng: Array(1)}
 CONSOLE [info]: i18next initialized with options: {debug: true, initImmediate: true, ns: Array(1), defaultNS: common, fallbackLng: Array(1)}
 CONSOLE [warning]: <Router basename="/law4hire"> is not able to match the URL "/register" because it does not start with the basename, so the <Router> won't render anything.
 CONSOLE [warning]: <Router basename="/law4hire"> is not able to match the URL "/register" because it does not start with the basename, so the <Router> won't render anything.
 CONSOLE [warning]: ⚠️ React Router Future Flag Warning: React Router will begin wrapping state updates in `React.startTransition` in v7. You can use the `v7_startTransition` future flag to opt-in early. For more information, see https://reactrouter.com/v6/upgrading/future#v7_starttransition.
 CONSOLE [warning]: ⚠️ React Router Future Flag Warning: Relative route resolution within Splat routes is changing in v7. You can use the `v7_relativeSplatPath` future flag to opt-in early. For more information, see https://reactrouter.com/v6/upgrading/future#v7_relativesplatpath.


  Failed L4H.UI.E2E.Tests.Comprehensive_Visa_E2E_Tests.E3_Visa_Australian_Specialty_Occupation_Test [11 s]
  Error Message:
   System.TimeoutException : Timeout 10000ms exceeded.
Call log:
  - waiting for Locator("input[name='email']") to be visible
  Stack Trace:
     at Microsoft.Playwright.Transport.Connection.InnerSendMessageToServerAsync[T](ChannelOwnerBase object, String method, Dictionary`2 dictionary, Boolean keepNulls) in /_/src/Playwright/Transport/Connection.cs:line 209
   at Microsoft.Playwright.Transport.Connection.WrapApiCallAsync[T](Func`1 action, Boolean isInternal)
   at Microsoft.Playwright.Core.Frame.WaitForSelectorAsync(String selector, FrameWaitForSelectorOptions options) in /_/src/Playwright/Core/Frame.cs:line 527
   at L4H.UI.E2E.Tests.Comprehensive_Visa_E2E_Tests.RegisterUser(IPage page, String email, String firstName, String lastName) in C:\programming\L4HProject\tests\ui.e2e\Comprehensive_Visa_E2E_Tests.cs:line 36
   at L4H.UI.E2E.Tests.Comprehensive_Visa_E2E_Tests.E3_Visa_Australian_Specialty_Occupation_Test() in C:\programming\L4HProject\tests\ui.e2e\Comprehensive_Visa_E2E_Tests.cs:line 553
   at L4H.UI.E2E.Tests.Comprehensive_Visa_E2E_Tests.E3_Visa_Australian_Specialty_Occupation_Test() in C:\programming\L4HProject\tests\ui.e2e\Comprehensive_Visa_E2E_Tests.cs:line 572
--- End of stack trace from previous location ---
  Failed ❌ Ineligible for Citizenship - Insufficient Residency [11 s]
  Error Message:
   System.TimeoutException : Timeout 10000ms exceeded.
Call log:
  - waiting for Locator("input[name='email']") to be visible
  Stack Trace:
     at Microsoft.Playwright.Transport.Connection.InnerSendMessageToServerAsync[T](ChannelOwnerBase object, String method, Dictionary`2 dictionary, Boolean keepNulls) in /_/src/Playwright/Transport/Connection.cs:line 209
   at Microsoft.Playwright.Transport.Connection.WrapApiCallAsync[T](Func`1 action, Boolean isInternal)
   at Microsoft.Playwright.Core.Frame.WaitForSelectorAsync(String selector, FrameWaitForSelectorOptions options) in /_/src/Playwright/Core/Frame.cs:line 527
   at L4H.UI.E2E.Tests.CitizenshipNaturalizationTests.RegisterPermanentResident(IPage page, String email, String firstName, String lastName, String nationality) in C:\programming\L4HProject\tests\ui.e2e\CitizenshipNaturalizationTests.cs:line 47
   at L4H.UI.E2E.Tests.CitizenshipNaturalizationTests.Ineligible_Citizenship_InsufficientResidency_Test() in C:\programming\L4HProject\tests\ui.e2e\CitizenshipNaturalizationTests.cs:line 454
   at L4H.UI.E2E.Tests.CitizenshipNaturalizationTests.Ineligible_Citizenship_InsufficientResidency_Test() in C:\programming\L4HProject\tests\ui.e2e\CitizenshipNaturalizationTests.cs:line 489
--- End of stack trace from previous location ---
  Standard Output Messages:
 Registering Permanent Resident for citizenship: ineligible-residency-5a566513@testing.com
 CONSOLE [debug]: [vite] connecting...
 CONSOLE [debug]: [vite] connected.
 CONSOLE [info]: %cDownload the React DevTools for a better development experience: https://reactjs.org/link/react-devtools font-weight:bold
 CONSOLE [warning]: i18next::languageUtils: rejecting language code not found in supportedLngs: en
 CONSOLE [warning]: i18next::languageUtils: rejecting language code not found in supportedLngs: en-US
 CONSOLE [warning]: i18next::languageUtils: rejecting language code not found in supportedLngs: en
 CONSOLE [warning]: i18next::languageUtils: rejecting language code not found in supportedLngs: en-US
 CONSOLE [warning]: i18next::languageUtils: rejecting language code not found in supportedLngs: en
 CONSOLE [warning]: i18next::languageUtils: rejecting language code not found in supportedLngs: en-US
 CONSOLE [warning]: i18next::languageUtils: rejecting language code not found in supportedLngs: en
 CONSOLE [warning]: i18next::languageUtils: rejecting language code not found in supportedLngs: en-US
 CONSOLE [warning]: i18next::languageUtils: rejecting language code not found in supportedLngs: en
 CONSOLE [warning]: i18next::languageUtils: rejecting language code not found in supportedLngs: en-US
 CONSOLE [info]: Language changed to: en-US
 CONSOLE [info]: Language changed to: en-US
 CONSOLE [log]: i18next: languageChanged en-US
 CONSOLE [log]: i18next: initialized {debug: true, initImmediate: true, ns: Array(1), defaultNS: common, fallbackLng: Array(1)}
 CONSOLE [info]: i18next initialized with options: {debug: true, initImmediate: true, ns: Array(1), defaultNS: common, fallbackLng: Array(1)}
 CONSOLE [info]: i18next initialized with language: en-US
 CONSOLE [warning]: i18next::languageUtils: rejecting language code not found in supportedLngs: en
 CONSOLE [warning]: i18next::languageUtils: rejecting language code not found in supportedLngs: en-US
 CONSOLE [warning]: i18next::languageUtils: rejecting language code not found in supportedLngs: en
 CONSOLE [warning]: i18next::languageUtils: rejecting language code not found in supportedLngs: en-US
 CONSOLE [warning]: i18next::languageUtils: rejecting language code not found in supportedLngs: en
 CONSOLE [warning]: i18next::languageUtils: rejecting language code not found in supportedLngs: en-US
 CONSOLE [warning]: i18next::languageUtils: rejecting language code not found in supportedLngs: en
 CONSOLE [warning]: i18next::languageUtils: rejecting language code not found in supportedLngs: en-US
 CONSOLE [info]: Language changed to: en-US
 CONSOLE [info]: Language changed to: en-US
 CONSOLE [log]: i18next: languageChanged en-US
 CONSOLE [warning]: i18next: init: i18next is already initialized. You should call init just once!
 CONSOLE [log]: i18next: initialized {debug: true, initImmediate: true, ns: Array(1), defaultNS: common, fallbackLng: Array(1)}
 CONSOLE [info]: i18next initialized with options: {debug: true, initImmediate: true, ns: Array(1), defaultNS: common, fallbackLng: Array(1)}
 CONSOLE [warning]: <Router basename="/law4hire"> is not able to match the URL "/register" because it does not start with the basename, so the <Router> won't render anything.
 CONSOLE [warning]: <Router basename="/law4hire"> is not able to match the URL "/register" because it does not start with the basename, so the <Router> won't render anything.
 CONSOLE [warning]: ⚠️ React Router Future Flag Warning: React Router will begin wrapping state updates in `React.startTransition` in v7. You can use the `v7_startTransition` future flag to opt-in early. For more information, see https://reactrouter.com/v6/upgrading/future#v7_starttransition.
 CONSOLE [warning]: ⚠️ React Router Future Flag Warning: Relative route resolution within Splat routes is changing in v7. You can use the `v7_relativeSplatPath` future flag to opt-in early. For more information, see https://reactrouter.com/v6/upgrading/future#v7_relativesplatpath.


  Failed 🇺🇸→🇪🇹 US Citizen Adopting Ethiopian Child (IR-4) [11 s]
  Error Message:
   System.TimeoutException : Timeout 10000ms exceeded.
Call log:
  - waiting for Locator("input[name='email']") to be visible
  Stack Trace:
     at Microsoft.Playwright.Transport.Connection.InnerSendMessageToServerAsync[T](ChannelOwnerBase object, String method, Dictionary`2 dictionary, Boolean keepNulls) in /_/src/Playwright/Transport/Connection.cs:line 209
   at Microsoft.Playwright.Transport.Connection.WrapApiCallAsync[T](Func`1 action, Boolean isInternal)
   at Microsoft.Playwright.Core.Frame.WaitForSelectorAsync(String selector, FrameWaitForSelectorOptions options) in /_/src/Playwright/Core/Frame.cs:line 527
   at L4H.UI.E2E.Tests.AdoptionWorkflowTests.RegisterUSCitizen(IPage page, String email, String firstName, String lastName) in C:\programming\L4HProject\tests\ui.e2e\AdoptionWorkflowTests.cs:line 44
   at L4H.UI.E2E.Tests.AdoptionWorkflowTests.USCitizen_IR4_Ethiopian_Child_Adoption_Test() in C:\programming\L4HProject\tests\ui.e2e\AdoptionWorkflowTests.cs:line 347
   at L4H.UI.E2E.Tests.AdoptionWorkflowTests.USCitizen_IR4_Ethiopian_Child_Adoption_Test() in C:\programming\L4HProject\tests\ui.e2e\AdoptionWorkflowTests.cs:line 381
--- End of stack trace from previous location ---
  Standard Output Messages:
 Registering US Citizen for adoption: ir4-ethiopia-b96671ad@testing.com
 CONSOLE [debug]: [vite] connecting...
 CONSOLE [debug]: [vite] connected.
 CONSOLE [info]: %cDownload the React DevTools for a better development experience: https://reactjs.org/link/react-devtools font-weight:bold
 CONSOLE [warning]: i18next::languageUtils: rejecting language code not found in supportedLngs: en
 CONSOLE [warning]: i18next::languageUtils: rejecting language code not found in supportedLngs: en-US
 CONSOLE [warning]: i18next::languageUtils: rejecting language code not found in supportedLngs: en
 CONSOLE [warning]: i18next::languageUtils: rejecting language code not found in supportedLngs: en-US
 CONSOLE [warning]: i18next::languageUtils: rejecting language code not found in supportedLngs: en
 CONSOLE [warning]: i18next::languageUtils: rejecting language code not found in supportedLngs: en-US
 CONSOLE [warning]: i18next::languageUtils: rejecting language code not found in supportedLngs: en
 CONSOLE [warning]: i18next::languageUtils: rejecting language code not found in supportedLngs: en-US
 CONSOLE [warning]: i18next::languageUtils: rejecting language code not found in supportedLngs: en
 CONSOLE [warning]: i18next::languageUtils: rejecting language code not found in supportedLngs: en-US
 CONSOLE [info]: Language changed to: en-US
 CONSOLE [info]: Language changed to: en-US
 CONSOLE [log]: i18next: languageChanged en-US
 CONSOLE [log]: i18next: initialized {debug: true, initImmediate: true, ns: Array(1), defaultNS: common, fallbackLng: Array(1)}
 CONSOLE [info]: i18next initialized with options: {debug: true, initImmediate: true, ns: Array(1), defaultNS: common, fallbackLng: Array(1)}
 CONSOLE [info]: i18next initialized with language: en-US
 CONSOLE [warning]: i18next::languageUtils: rejecting language code not found in supportedLngs: en
 CONSOLE [warning]: i18next::languageUtils: rejecting language code not found in supportedLngs: en-US
 CONSOLE [warning]: i18next::languageUtils: rejecting language code not found in supportedLngs: en
 CONSOLE [warning]: i18next::languageUtils: rejecting language code not found in supportedLngs: en-US
 CONSOLE [warning]: i18next::languageUtils: rejecting language code not found in supportedLngs: en
 CONSOLE [warning]: i18next::languageUtils: rejecting language code not found in supportedLngs: en-US
 CONSOLE [warning]: i18next::languageUtils: rejecting language code not found in supportedLngs: en
 CONSOLE [warning]: i18next::languageUtils: rejecting language code not found in supportedLngs: en-US
 CONSOLE [info]: Language changed to: en-US
 CONSOLE [info]: Language changed to: en-US
 CONSOLE [log]: i18next: languageChanged en-US
 CONSOLE [warning]: i18next: init: i18next is already initialized. You should call init just once!
 CONSOLE [log]: i18next: initialized {debug: true, initImmediate: true, ns: Array(1), defaultNS: common, fallbackLng: Array(1)}
 CONSOLE [info]: i18next initialized with options: {debug: true, initImmediate: true, ns: Array(1), defaultNS: common, fallbackLng: Array(1)}
 CONSOLE [warning]: <Router basename="/law4hire"> is not able to match the URL "/register" because it does not start with the basename, so the <Router> won't render anything.
 CONSOLE [warning]: <Router basename="/law4hire"> is not able to match the URL "/register" because it does not start with the basename, so the <Router> won't render anything.
 CONSOLE [warning]: ⚠️ React Router Future Flag Warning: React Router will begin wrapping state updates in `React.startTransition` in v7. You can use the `v7_startTransition` future flag to opt-in early. For more information, see https://reactrouter.com/v6/upgrading/future#v7_starttransition.
 CONSOLE [warning]: ⚠️ React Router Future Flag Warning: Relative route resolution within Splat routes is changing in v7. You can use the `v7_relativeSplatPath` future flag to opt-in early. For more information, see https://reactrouter.com/v6/upgrading/future#v7_relativesplatpath.


  Failed 🔄 Language Switching During Interview Test [11 s]
  Error Message:
   System.TimeoutException : Timeout 10000ms exceeded.
Call log:
  - waiting for Locator("input[name='email']") to be visible
  Stack Trace:
     at Microsoft.Playwright.Transport.Connection.InnerSendMessageToServerAsync[T](ChannelOwnerBase object, String method, Dictionary`2 dictionary, Boolean keepNulls) in /_/src/Playwright/Transport/Connection.cs:line 209
   at Microsoft.Playwright.Transport.Connection.WrapApiCallAsync[T](Func`1 action, Boolean isInternal)
   at Microsoft.Playwright.Core.Frame.WaitForSelectorAsync(String selector, FrameWaitForSelectorOptions options) in /_/src/Playwright/Core/Frame.cs:line 527
   at L4H.UI.E2E.Tests.LocalizationComprehensiveTests.RegisterUserForLanguage(IPage page, String languageCode, LanguageInfo langInfo) in C:\programming\L4HProject\tests\ui.e2e\LocalizationComprehensiveTests.cs:line 73
   at L4H.UI.E2E.Tests.LocalizationComprehensiveTests.Language_Switching_During_Interview_Test() in C:\programming\L4HProject\tests\ui.e2e\LocalizationComprehensiveTests.cs:line 502
   at L4H.UI.E2E.Tests.LocalizationComprehensiveTests.Language_Switching_During_Interview_Test() in C:\programming\L4HProject\tests\ui.e2e\LocalizationComprehensiveTests.cs:line 528
--- End of stack trace from previous location ---
  Standard Output Messages:
 Registering user for English (en-US): en-US-test-b567dd29@testing.com
 CONSOLE [debug]: [vite] connecting...
 CONSOLE [debug]: [vite] connected.
 CONSOLE [info]: %cDownload the React DevTools for a better development experience: https://reactjs.org/link/react-devtools font-weight:bold
 CONSOLE [warning]: i18next::languageUtils: rejecting language code not found in supportedLngs: en
 CONSOLE [warning]: i18next::languageUtils: rejecting language code not found in supportedLngs: en-US
 CONSOLE [warning]: i18next::languageUtils: rejecting language code not found in supportedLngs: en
 CONSOLE [warning]: i18next::languageUtils: rejecting language code not found in supportedLngs: en-US
 CONSOLE [warning]: i18next::languageUtils: rejecting language code not found in supportedLngs: en
 CONSOLE [warning]: i18next::languageUtils: rejecting language code not found in supportedLngs: en-US
 CONSOLE [warning]: i18next::languageUtils: rejecting language code not found in supportedLngs: en
 CONSOLE [warning]: i18next::languageUtils: rejecting language code not found in supportedLngs: en-US
 CONSOLE [warning]: i18next::languageUtils: rejecting language code not found in supportedLngs: en
 CONSOLE [warning]: i18next::languageUtils: rejecting language code not found in supportedLngs: en-US
 CONSOLE [info]: Language changed to: en-US
 CONSOLE [info]: Language changed to: en-US
 CONSOLE [log]: i18next: languageChanged en-US
 CONSOLE [log]: i18next: initialized {debug: true, initImmediate: true, ns: Array(1), defaultNS: common, fallbackLng: Array(1)}
 CONSOLE [info]: i18next initialized with options: {debug: true, initImmediate: true, ns: Array(1), defaultNS: common, fallbackLng: Array(1)}
 CONSOLE [info]: i18next initialized with language: en-US
 CONSOLE [warning]: i18next::languageUtils: rejecting language code not found in supportedLngs: en
 CONSOLE [warning]: i18next::languageUtils: rejecting language code not found in supportedLngs: en-US
 CONSOLE [warning]: i18next::languageUtils: rejecting language code not found in supportedLngs: en
 CONSOLE [warning]: i18next::languageUtils: rejecting language code not found in supportedLngs: en-US
 CONSOLE [warning]: i18next::languageUtils: rejecting language code not found in supportedLngs: en
 CONSOLE [warning]: i18next::languageUtils: rejecting language code not found in supportedLngs: en-US
 CONSOLE [warning]: i18next::languageUtils: rejecting language code not found in supportedLngs: en
 CONSOLE [warning]: i18next::languageUtils: rejecting language code not found in supportedLngs: en-US
 CONSOLE [info]: Language changed to: en-US
 CONSOLE [info]: Language changed to: en-US
 CONSOLE [log]: i18next: languageChanged en-US
 CONSOLE [warning]: i18next: init: i18next is already initialized. You should call init just once!
 CONSOLE [log]: i18next: initialized {debug: true, initImmediate: true, ns: Array(1), defaultNS: common, fallbackLng: Array(1)}
 CONSOLE [info]: i18next initialized with options: {debug: true, initImmediate: true, ns: Array(1), defaultNS: common, fallbackLng: Array(1)}
 CONSOLE [warning]: <Router basename="/law4hire"> is not able to match the URL "/register" because it does not start with the basename, so the <Router> won't render anything.
 CONSOLE [warning]: <Router basename="/law4hire"> is not able to match the URL "/register" because it does not start with the basename, so the <Router> won't render anything.
 CONSOLE [warning]: ⚠️ React Router Future Flag Warning: React Router will begin wrapping state updates in `React.startTransition` in v7. You can use the `v7_startTransition` future flag to opt-in early. For more information, see https://reactrouter.com/v6/upgrading/future#v7_starttransition.
 CONSOLE [warning]: ⚠️ React Router Future Flag Warning: Relative route resolution within Splat routes is changing in v7. You can use the `v7_relativeSplatPath` future flag to opt-in early. For more information, see https://reactrouter.com/v6/upgrading/future#v7_relativesplatpath.


  Failed ✉️ User Creation with law4hire.com Domain [11 s]
  Error Message:
   System.TimeoutException : Timeout 10000ms exceeded.
Call log:
  - waiting for Locator("input[name='email']") to be visible
  Stack Trace:
     at Microsoft.Playwright.Transport.Connection.InnerSendMessageToServerAsync[T](ChannelOwnerBase object, String method, Dictionary`2 dictionary, Boolean keepNulls) in /_/src/Playwright/Transport/Connection.cs:line 209
   at Microsoft.Playwright.Transport.Connection.WrapApiCallAsync[T](Func`1 action, Boolean isInternal)
   at Microsoft.Playwright.Core.Frame.WaitForSelectorAsync(String selector, FrameWaitForSelectorOptions options) in /_/src/Playwright/Core/Frame.cs:line 527
   at L4H.UI.E2E.Tests.ComprehensiveVisualStudioUITests.RegisterUser(IPage page, String email, String firstName, String lastName, String nationality, String dateOfBirth) in C:\programming\L4HProject\tests\ui.e2e\ComprehensiveVisualStudioUITests.cs:line 51
   at L4H.UI.E2E.Tests.ComprehensiveVisualStudioUITests.User_Creation_Law4Hire_Domain_Test() in C:\programming\L4HProject\tests\ui.e2e\ComprehensiveVisualStudioUITests.cs:line 900
   at L4H.UI.E2E.Tests.ComprehensiveVisualStudioUITests.User_Creation_Law4Hire_Domain_Test() in C:\programming\L4HProject\tests\ui.e2e\ComprehensiveVisualStudioUITests.cs:line 910
--- End of stack trace from previous location ---
  Standard Output Messages:
 Registering user: domain-test-47173397@law4hire.com
 CONSOLE [debug]: [vite] connecting...
 CONSOLE [debug]: [vite] connected.
 CONSOLE [info]: %cDownload the React DevTools for a better development experience: https://reactjs.org/link/react-devtools font-weight:bold
 CONSOLE [warning]: i18next::languageUtils: rejecting language code not found in supportedLngs: en
 CONSOLE [warning]: i18next::languageUtils: rejecting language code not found in supportedLngs: en-US
 CONSOLE [warning]: i18next::languageUtils: rejecting language code not found in supportedLngs: en
 CONSOLE [warning]: i18next::languageUtils: rejecting language code not found in supportedLngs: en-US
 CONSOLE [warning]: i18next::languageUtils: rejecting language code not found in supportedLngs: en
 CONSOLE [warning]: i18next::languageUtils: rejecting language code not found in supportedLngs: en-US
 CONSOLE [warning]: i18next::languageUtils: rejecting language code not found in supportedLngs: en
 CONSOLE [warning]: i18next::languageUtils: rejecting language code not found in supportedLngs: en-US
 CONSOLE [warning]: i18next::languageUtils: rejecting language code not found in supportedLngs: en
 CONSOLE [warning]: i18next::languageUtils: rejecting language code not found in supportedLngs: en-US
 CONSOLE [info]: Language changed to: en-US
 CONSOLE [info]: Language changed to: en-US
 CONSOLE [log]: i18next: languageChanged en-US
 CONSOLE [log]: i18next: initialized {debug: true, initImmediate: true, ns: Array(1), defaultNS: common, fallbackLng: Array(1)}
 CONSOLE [info]: i18next initialized with options: {debug: true, initImmediate: true, ns: Array(1), defaultNS: common, fallbackLng: Array(1)}
 CONSOLE [info]: i18next initialized with language: en-US
 CONSOLE [warning]: i18next::languageUtils: rejecting language code not found in supportedLngs: en
 CONSOLE [warning]: i18next::languageUtils: rejecting language code not found in supportedLngs: en-US
 CONSOLE [warning]: i18next::languageUtils: rejecting language code not found in supportedLngs: en
 CONSOLE [warning]: i18next::languageUtils: rejecting language code not found in supportedLngs: en-US
 CONSOLE [warning]: i18next::languageUtils: rejecting language code not found in supportedLngs: en
 CONSOLE [warning]: i18next::languageUtils: rejecting language code not found in supportedLngs: en-US
 CONSOLE [warning]: i18next::languageUtils: rejecting language code not found in supportedLngs: en
 CONSOLE [warning]: i18next::languageUtils: rejecting language code not found in supportedLngs: en-US
 CONSOLE [info]: Language changed to: en-US
 CONSOLE [info]: Language changed to: en-US
 CONSOLE [log]: i18next: languageChanged en-US
 CONSOLE [warning]: i18next: init: i18next is already initialized. You should call init just once!
 CONSOLE [log]: i18next: initialized {debug: true, initImmediate: true, ns: Array(1), defaultNS: common, fallbackLng: Array(1)}
 CONSOLE [info]: i18next initialized with options: {debug: true, initImmediate: true, ns: Array(1), defaultNS: common, fallbackLng: Array(1)}
 CONSOLE [warning]: <Router basename="/law4hire"> is not able to match the URL "/register" because it does not start with the basename, so the <Router> won't render anything.
 CONSOLE [warning]: <Router basename="/law4hire"> is not able to match the URL "/register" because it does not start with the basename, so the <Router> won't render anything.
 CONSOLE [warning]: ⚠️ React Router Future Flag Warning: React Router will begin wrapping state updates in `React.startTransition` in v7. You can use the `v7_startTransition` future flag to opt-in early. For more information, see https://reactrouter.com/v6/upgrading/future#v7_starttransition.
 CONSOLE [warning]: ⚠️ React Router Future Flag Warning: Relative route resolution within Splat routes is changing in v7. You can use the `v7_relativeSplatPath` future flag to opt-in early. For more information, see https://reactrouter.com/v6/upgrading/future#v7_relativesplatpath.


  Failed L4H.UI.E2E.Tests.Comprehensive_Visa_E2E_Tests.O1_Visa_Extraordinary_Ability_Test [11 s]
  Error Message:
   System.TimeoutException : Timeout 10000ms exceeded.
Call log:
  - waiting for Locator("input[name='email']") to be visible
  Stack Trace:
     at Microsoft.Playwright.Transport.Connection.InnerSendMessageToServerAsync[T](ChannelOwnerBase object, String method, Dictionary`2 dictionary, Boolean keepNulls) in /_/src/Playwright/Transport/Connection.cs:line 209
   at Microsoft.Playwright.Transport.Connection.WrapApiCallAsync[T](Func`1 action, Boolean isInternal)
   at Microsoft.Playwright.Core.Frame.WaitForSelectorAsync(String selector, FrameWaitForSelectorOptions options) in /_/src/Playwright/Core/Frame.cs:line 527
   at L4H.UI.E2E.Tests.Comprehensive_Visa_E2E_Tests.RegisterUser(IPage page, String email, String firstName, String lastName) in C:\programming\L4HProject\tests\ui.e2e\Comprehensive_Visa_E2E_Tests.cs:line 36
   at L4H.UI.E2E.Tests.Comprehensive_Visa_E2E_Tests.O1_Visa_Extraordinary_Ability_Test() in C:\programming\L4HProject\tests\ui.e2e\Comprehensive_Visa_E2E_Tests.cs:line 214
   at L4H.UI.E2E.Tests.Comprehensive_Visa_E2E_Tests.O1_Visa_Extraordinary_Ability_Test() in C:\programming\L4HProject\tests\ui.e2e\Comprehensive_Visa_E2E_Tests.cs:line 232
--- End of stack trace from previous location ---
  Failed 🇵🇭→🇺🇸 Filipino Permanent Resident → N-400 (Military Service) [11 s]
  Error Message:
   System.TimeoutException : Timeout 10000ms exceeded.
Call log:
  - waiting for Locator("input[name='email']") to be visible
  Stack Trace:
     at Microsoft.Playwright.Transport.Connection.InnerSendMessageToServerAsync[T](ChannelOwnerBase object, String method, Dictionary`2 dictionary, Boolean keepNulls) in /_/src/Playwright/Transport/Connection.cs:line 209
   at Microsoft.Playwright.Transport.Connection.WrapApiCallAsync[T](Func`1 action, Boolean isInternal)
   at Microsoft.Playwright.Core.Frame.WaitForSelectorAsync(String selector, FrameWaitForSelectorOptions options) in /_/src/Playwright/Core/Frame.cs:line 527
   at L4H.UI.E2E.Tests.CitizenshipNaturalizationTests.RegisterPermanentResident(IPage page, String email, String firstName, String lastName, String nationality) in C:\programming\L4HProject\tests\ui.e2e\CitizenshipNaturalizationTests.cs:line 47
   at L4H.UI.E2E.Tests.CitizenshipNaturalizationTests.Filipino_PermanentResident_N400_Military_Test() in C:\programming\L4HProject\tests\ui.e2e\CitizenshipNaturalizationTests.cs:line 321
   at L4H.UI.E2E.Tests.CitizenshipNaturalizationTests.Filipino_PermanentResident_N400_Military_Test() in C:\programming\L4HProject\tests\ui.e2e\CitizenshipNaturalizationTests.cs:line 355
--- End of stack trace from previous location ---
  Standard Output Messages:
 Registering Permanent Resident for citizenship: n400-philippines-military-79765fd2@law4hire.com
 CONSOLE [debug]: [vite] connecting...
 CONSOLE [debug]: [vite] connected.
 CONSOLE [info]: %cDownload the React DevTools for a better development experience: https://reactjs.org/link/react-devtools font-weight:bold
 CONSOLE [warning]: i18next::languageUtils: rejecting language code not found in supportedLngs: en
 CONSOLE [warning]: i18next::languageUtils: rejecting language code not found in supportedLngs: en-US
 CONSOLE [warning]: i18next::languageUtils: rejecting language code not found in supportedLngs: en
 CONSOLE [warning]: i18next::languageUtils: rejecting language code not found in supportedLngs: en-US
 CONSOLE [warning]: i18next::languageUtils: rejecting language code not found in supportedLngs: en
 CONSOLE [warning]: i18next::languageUtils: rejecting language code not found in supportedLngs: en-US
 CONSOLE [warning]: i18next::languageUtils: rejecting language code not found in supportedLngs: en
 CONSOLE [warning]: i18next::languageUtils: rejecting language code not found in supportedLngs: en-US
 CONSOLE [warning]: i18next::languageUtils: rejecting language code not found in supportedLngs: en
 CONSOLE [warning]: i18next::languageUtils: rejecting language code not found in supportedLngs: en-US
 CONSOLE [info]: Language changed to: en-US
 CONSOLE [info]: Language changed to: en-US
 CONSOLE [log]: i18next: languageChanged en-US
 CONSOLE [log]: i18next: initialized {debug: true, initImmediate: true, ns: Array(1), defaultNS: common, fallbackLng: Array(1)}
 CONSOLE [info]: i18next initialized with options: {debug: true, initImmediate: true, ns: Array(1), defaultNS: common, fallbackLng: Array(1)}
 CONSOLE [info]: i18next initialized with language: en-US
 CONSOLE [warning]: i18next::languageUtils: rejecting language code not found in supportedLngs: en
 CONSOLE [warning]: i18next::languageUtils: rejecting language code not found in supportedLngs: en-US
 CONSOLE [warning]: i18next::languageUtils: rejecting language code not found in supportedLngs: en
 CONSOLE [warning]: i18next::languageUtils: rejecting language code not found in supportedLngs: en-US
 CONSOLE [warning]: i18next::languageUtils: rejecting language code not found in supportedLngs: en
 CONSOLE [warning]: i18next::languageUtils: rejecting language code not found in supportedLngs: en-US
 CONSOLE [warning]: i18next::languageUtils: rejecting language code not found in supportedLngs: en
 CONSOLE [warning]: i18next::languageUtils: rejecting language code not found in supportedLngs: en-US
 CONSOLE [info]: Language changed to: en-US
 CONSOLE [info]: Language changed to: en-US
 CONSOLE [log]: i18next: languageChanged en-US
 CONSOLE [warning]: i18next: init: i18next is already initialized. You should call init just once!
 CONSOLE [log]: i18next: initialized {debug: true, initImmediate: true, ns: Array(1), defaultNS: common, fallbackLng: Array(1)}
 CONSOLE [info]: i18next initialized with options: {debug: true, initImmediate: true, ns: Array(1), defaultNS: common, fallbackLng: Array(1)}
 CONSOLE [warning]: <Router basename="/law4hire"> is not able to match the URL "/register" because it does not start with the basename, so the <Router> won't render anything.
 CONSOLE [warning]: <Router basename="/law4hire"> is not able to match the URL "/register" because it does not start with the basename, so the <Router> won't render anything.
 CONSOLE [warning]: ⚠️ React Router Future Flag Warning: React Router will begin wrapping state updates in `React.startTransition` in v7. You can use the `v7_startTransition` future flag to opt-in early. For more information, see https://reactrouter.com/v6/upgrading/future#v7_starttransition.
 CONSOLE [warning]: ⚠️ React Router Future Flag Warning: Relative route resolution within Splat routes is changing in v7. You can use the `v7_relativeSplatPath` future flag to opt-in early. For more information, see https://reactrouter.com/v6/upgrading/future#v7_relativesplatpath.


  Failed 📋 Adoption Documentation Validation Test [11 s]
  Error Message:
   System.TimeoutException : Timeout 10000ms exceeded.
Call log:
  - waiting for Locator("input[name='email']") to be visible
  Stack Trace:
     at Microsoft.Playwright.Transport.Connection.InnerSendMessageToServerAsync[T](ChannelOwnerBase object, String method, Dictionary`2 dictionary, Boolean keepNulls) in /_/src/Playwright/Transport/Connection.cs:line 209
   at Microsoft.Playwright.Transport.Connection.WrapApiCallAsync[T](Func`1 action, Boolean isInternal)
   at Microsoft.Playwright.Core.Frame.WaitForSelectorAsync(String selector, FrameWaitForSelectorOptions options) in /_/src/Playwright/Core/Frame.cs:line 527
   at L4H.UI.E2E.Tests.AdoptionWorkflowTests.RegisterUSCitizen(IPage page, String email, String firstName, String lastName) in C:\programming\L4HProject\tests\ui.e2e\AdoptionWorkflowTests.cs:line 44
   at L4H.UI.E2E.Tests.AdoptionWorkflowTests.Adoption_Documentation_Validation_Test() in C:\programming\L4HProject\tests\ui.e2e\AdoptionWorkflowTests.cs:line 492
   at L4H.UI.E2E.Tests.AdoptionWorkflowTests.Adoption_Documentation_Validation_Test() in C:\programming\L4HProject\tests\ui.e2e\AdoptionWorkflowTests.cs:line 524
--- End of stack trace from previous location ---
  Standard Output Messages:
 Registering US Citizen for adoption: adoption-docs-ae71fdd7@law4hire.com
 CONSOLE [debug]: [vite] connecting...
 CONSOLE [debug]: [vite] connected.
 CONSOLE [info]: %cDownload the React DevTools for a better development experience: https://reactjs.org/link/react-devtools font-weight:bold
 CONSOLE [warning]: i18next::languageUtils: rejecting language code not found in supportedLngs: en
 CONSOLE [warning]: i18next::languageUtils: rejecting language code not found in supportedLngs: en-US
 CONSOLE [warning]: i18next::languageUtils: rejecting language code not found in supportedLngs: en
 CONSOLE [warning]: i18next::languageUtils: rejecting language code not found in supportedLngs: en-US
 CONSOLE [warning]: i18next::languageUtils: rejecting language code not found in supportedLngs: en
 CONSOLE [warning]: i18next::languageUtils: rejecting language code not found in supportedLngs: en-US
 CONSOLE [warning]: i18next::languageUtils: rejecting language code not found in supportedLngs: en
 CONSOLE [warning]: i18next::languageUtils: rejecting language code not found in supportedLngs: en-US
 CONSOLE [warning]: i18next::languageUtils: rejecting language code not found in supportedLngs: en
 CONSOLE [warning]: i18next::languageUtils: rejecting language code not found in supportedLngs: en-US
 CONSOLE [info]: Language changed to: en-US
 CONSOLE [info]: Language changed to: en-US
 CONSOLE [log]: i18next: languageChanged en-US
 CONSOLE [log]: i18next: initialized {debug: true, initImmediate: true, ns: Array(1), defaultNS: common, fallbackLng: Array(1)}
 CONSOLE [info]: i18next initialized with options: {debug: true, initImmediate: true, ns: Array(1), defaultNS: common, fallbackLng: Array(1)}
 CONSOLE [info]: i18next initialized with language: en-US
 CONSOLE [warning]: i18next::languageUtils: rejecting language code not found in supportedLngs: en
 CONSOLE [warning]: i18next::languageUtils: rejecting language code not found in supportedLngs: en-US
 CONSOLE [warning]: i18next::languageUtils: rejecting language code not found in supportedLngs: en
 CONSOLE [warning]: i18next::languageUtils: rejecting language code not found in supportedLngs: en-US
 CONSOLE [warning]: i18next::languageUtils: rejecting language code not found in supportedLngs: en
 CONSOLE [warning]: i18next::languageUtils: rejecting language code not found in supportedLngs: en-US
 CONSOLE [warning]: i18next::languageUtils: rejecting language code not found in supportedLngs: en
 CONSOLE [warning]: i18next::languageUtils: rejecting language code not found in supportedLngs: en-US
 CONSOLE [info]: Language changed to: en-US
 CONSOLE [info]: Language changed to: en-US
 CONSOLE [log]: i18next: languageChanged en-US
 CONSOLE [warning]: i18next: init: i18next is already initialized. You should call init just once!
 CONSOLE [log]: i18next: initialized {debug: true, initImmediate: true, ns: Array(1), defaultNS: common, fallbackLng: Array(1)}
 CONSOLE [info]: i18next initialized with options: {debug: true, initImmediate: true, ns: Array(1), defaultNS: common, fallbackLng: Array(1)}
 CONSOLE [warning]: <Router basename="/law4hire"> is not able to match the URL "/register" because it does not start with the basename, so the <Router> won't render anything.
 CONSOLE [warning]: <Router basename="/law4hire"> is not able to match the URL "/register" because it does not start with the basename, so the <Router> won't render anything.
 CONSOLE [warning]: ⚠️ React Router Future Flag Warning: React Router will begin wrapping state updates in `React.startTransition` in v7. You can use the `v7_startTransition` future flag to opt-in early. For more information, see https://reactrouter.com/v6/upgrading/future#v7_starttransition.
 CONSOLE [warning]: ⚠️ React Router Future Flag Warning: Relative route resolution within Splat routes is changing in v7. You can use the `v7_relativeSplatPath` future flag to opt-in early. For more information, see https://reactrouter.com/v6/upgrading/future#v7_relativesplatpath.


  Failed 🇸🇦 Arabic (ar-SA) Localization Test [11 s]
  Error Message:
   System.TimeoutException : Timeout 10000ms exceeded.
Call log:
  - waiting for Locator("input[name='email']") to be visible
  Stack Trace:
     at Microsoft.Playwright.Transport.Connection.InnerSendMessageToServerAsync[T](ChannelOwnerBase object, String method, Dictionary`2 dictionary, Boolean keepNulls) in /_/src/Playwright/Transport/Connection.cs:line 209
   at Microsoft.Playwright.Transport.Connection.WrapApiCallAsync[T](Func`1 action, Boolean isInternal)
   at Microsoft.Playwright.Core.Frame.WaitForSelectorAsync(String selector, FrameWaitForSelectorOptions options) in /_/src/Playwright/Core/Frame.cs:line 527
   at L4H.UI.E2E.Tests.LocalizationComprehensiveTests.RegisterUserForLanguage(IPage page, String languageCode, LanguageInfo langInfo) in C:\programming\L4HProject\tests\ui.e2e\LocalizationComprehensiveTests.cs:line 73
   at L4H.UI.E2E.Tests.LocalizationComprehensiveTests.Arabic_Localization_Test() in C:\programming\L4HProject\tests\ui.e2e\LocalizationComprehensiveTests.cs:line 238
   at L4H.UI.E2E.Tests.LocalizationComprehensiveTests.Arabic_Localization_Test() in C:\programming\L4HProject\tests\ui.e2e\LocalizationComprehensiveTests.cs:line 250
--- End of stack trace from previous location ---
  Standard Output Messages:
 Registering user for Arabic (ar-SA): ar-SA-test-92734475@testing.com
 CONSOLE [debug]: [vite] connecting...
 CONSOLE [debug]: [vite] connected.
 CONSOLE [info]: %cDownload the React DevTools for a better development experience: https://reactjs.org/link/react-devtools font-weight:bold
 CONSOLE [warning]: i18next::languageUtils: rejecting language code not found in supportedLngs: en
 CONSOLE [warning]: i18next::languageUtils: rejecting language code not found in supportedLngs: en-US
 CONSOLE [warning]: i18next::languageUtils: rejecting language code not found in supportedLngs: en
 CONSOLE [warning]: i18next::languageUtils: rejecting language code not found in supportedLngs: en-US
 CONSOLE [warning]: i18next::languageUtils: rejecting language code not found in supportedLngs: en
 CONSOLE [warning]: i18next::languageUtils: rejecting language code not found in supportedLngs: en-US
 CONSOLE [warning]: i18next::languageUtils: rejecting language code not found in supportedLngs: en
 CONSOLE [warning]: i18next::languageUtils: rejecting language code not found in supportedLngs: en-US
 CONSOLE [warning]: i18next::languageUtils: rejecting language code not found in supportedLngs: en
 CONSOLE [warning]: i18next::languageUtils: rejecting language code not found in supportedLngs: en-US
 CONSOLE [info]: Language changed to: en-US
 CONSOLE [info]: Language changed to: en-US
 CONSOLE [log]: i18next: languageChanged en-US
 CONSOLE [log]: i18next: initialized {debug: true, initImmediate: true, ns: Array(1), defaultNS: common, fallbackLng: Array(1)}
 CONSOLE [info]: i18next initialized with options: {debug: true, initImmediate: true, ns: Array(1), defaultNS: common, fallbackLng: Array(1)}
 CONSOLE [info]: i18next initialized with language: en-US
 CONSOLE [warning]: i18next::languageUtils: rejecting language code not found in supportedLngs: en
 CONSOLE [warning]: i18next::languageUtils: rejecting language code not found in supportedLngs: en-US
 CONSOLE [warning]: i18next::languageUtils: rejecting language code not found in supportedLngs: en
 CONSOLE [warning]: i18next::languageUtils: rejecting language code not found in supportedLngs: en-US
 CONSOLE [warning]: i18next::languageUtils: rejecting language code not found in supportedLngs: en
 CONSOLE [warning]: i18next::languageUtils: rejecting language code not found in supportedLngs: en-US
 CONSOLE [warning]: i18next::languageUtils: rejecting language code not found in supportedLngs: en
 CONSOLE [warning]: i18next::languageUtils: rejecting language code not found in supportedLngs: en-US
 CONSOLE [info]: Language changed to: en-US
 CONSOLE [info]: Language changed to: en-US
 CONSOLE [log]: i18next: languageChanged en-US
 CONSOLE [warning]: i18next: init: i18next is already initialized. You should call init just once!
 CONSOLE [log]: i18next: initialized {debug: true, initImmediate: true, ns: Array(1), defaultNS: common, fallbackLng: Array(1)}
 CONSOLE [info]: i18next initialized with options: {debug: true, initImmediate: true, ns: Array(1), defaultNS: common, fallbackLng: Array(1)}
 CONSOLE [warning]: <Router basename="/law4hire"> is not able to match the URL "/register" because it does not start with the basename, so the <Router> won't render anything.
 CONSOLE [warning]: <Router basename="/law4hire"> is not able to match the URL "/register" because it does not start with the basename, so the <Router> won't render anything.
 CONSOLE [warning]: ⚠️ React Router Future Flag Warning: React Router will begin wrapping state updates in `React.startTransition` in v7. You can use the `v7_startTransition` future flag to opt-in early. For more information, see https://reactrouter.com/v6/upgrading/future#v7_starttransition.
 CONSOLE [warning]: ⚠️ React Router Future Flag Warning: Relative route resolution within Splat routes is changing in v7. You can use the `v7_relativeSplatPath` future flag to opt-in early. For more information, see https://reactrouter.com/v6/upgrading/future#v7_relativesplatpath.


  Failed 🇮🇳 India → H-1B Specialty Occupation [11 s]
  Error Message:
   System.TimeoutException : Timeout 10000ms exceeded.
Call log:
  - waiting for Locator("input[name='email']") to be visible
  Stack Trace:
     at Microsoft.Playwright.Transport.Connection.InnerSendMessageToServerAsync[T](ChannelOwnerBase object, String method, Dictionary`2 dictionary, Boolean keepNulls) in /_/src/Playwright/Transport/Connection.cs:line 209
   at Microsoft.Playwright.Transport.Connection.WrapApiCallAsync[T](Func`1 action, Boolean isInternal)
   at Microsoft.Playwright.Core.Frame.WaitForSelectorAsync(String selector, FrameWaitForSelectorOptions options) in /_/src/Playwright/Core/Frame.cs:line 527
   at L4H.UI.E2E.Tests.ComprehensiveVisualStudioUITests.RegisterUser(IPage page, String email, String firstName, String lastName, String nationality, String dateOfBirth) in C:\programming\L4HProject\tests\ui.e2e\ComprehensiveVisualStudioUITests.cs:line 51
   at L4H.UI.E2E.Tests.ComprehensiveVisualStudioUITests.India_H1B_Specialty_Occupation_Test() in C:\programming\L4HProject\tests\ui.e2e\ComprehensiveVisualStudioUITests.cs:line 251
   at L4H.UI.E2E.Tests.ComprehensiveVisualStudioUITests.India_H1B_Specialty_Occupation_Test() in C:\programming\L4HProject\tests\ui.e2e\ComprehensiveVisualStudioUITests.cs:line 269
--- End of stack trace from previous location ---
  Standard Output Messages:
 Registering user: h1b-india-fbac0869@testing.com
 CONSOLE [debug]: [vite] connecting...
 CONSOLE [debug]: [vite] connected.
 CONSOLE [info]: %cDownload the React DevTools for a better development experience: https://reactjs.org/link/react-devtools font-weight:bold
 CONSOLE [warning]: i18next::languageUtils: rejecting language code not found in supportedLngs: en
 CONSOLE [warning]: i18next::languageUtils: rejecting language code not found in supportedLngs: en-US
 CONSOLE [warning]: i18next::languageUtils: rejecting language code not found in supportedLngs: en
 CONSOLE [warning]: i18next::languageUtils: rejecting language code not found in supportedLngs: en-US
 CONSOLE [warning]: i18next::languageUtils: rejecting language code not found in supportedLngs: en
 CONSOLE [warning]: i18next::languageUtils: rejecting language code not found in supportedLngs: en-US
 CONSOLE [warning]: i18next::languageUtils: rejecting language code not found in supportedLngs: en
 CONSOLE [warning]: i18next::languageUtils: rejecting language code not found in supportedLngs: en-US
 CONSOLE [warning]: i18next::languageUtils: rejecting language code not found in supportedLngs: en
 CONSOLE [warning]: i18next::languageUtils: rejecting language code not found in supportedLngs: en-US
 CONSOLE [info]: Language changed to: en-US
 CONSOLE [info]: Language changed to: en-US
 CONSOLE [log]: i18next: languageChanged en-US
 CONSOLE [log]: i18next: initialized {debug: true, initImmediate: true, ns: Array(1), defaultNS: common, fallbackLng: Array(1)}
 CONSOLE [info]: i18next initialized with options: {debug: true, initImmediate: true, ns: Array(1), defaultNS: common, fallbackLng: Array(1)}
 CONSOLE [info]: i18next initialized with language: en-US
 CONSOLE [warning]: i18next::languageUtils: rejecting language code not found in supportedLngs: en
 CONSOLE [warning]: i18next::languageUtils: rejecting language code not found in supportedLngs: en-US
 CONSOLE [warning]: i18next::languageUtils: rejecting language code not found in supportedLngs: en
 CONSOLE [warning]: i18next::languageUtils: rejecting language code not found in supportedLngs: en-US
 CONSOLE [warning]: i18next::languageUtils: rejecting language code not found in supportedLngs: en
 CONSOLE [warning]: i18next::languageUtils: rejecting language code not found in supportedLngs: en-US
 CONSOLE [warning]: i18next::languageUtils: rejecting language code not found in supportedLngs: en
 CONSOLE [warning]: i18next::languageUtils: rejecting language code not found in supportedLngs: en-US
 CONSOLE [info]: Language changed to: en-US
 CONSOLE [info]: Language changed to: en-US
 CONSOLE [log]: i18next: languageChanged en-US
 CONSOLE [warning]: i18next: init: i18next is already initialized. You should call init just once!
 CONSOLE [log]: i18next: initialized {debug: true, initImmediate: true, ns: Array(1), defaultNS: common, fallbackLng: Array(1)}
 CONSOLE [info]: i18next initialized with options: {debug: true, initImmediate: true, ns: Array(1), defaultNS: common, fallbackLng: Array(1)}
 CONSOLE [warning]: <Router basename="/law4hire"> is not able to match the URL "/register" because it does not start with the basename, so the <Router> won't render anything.
 CONSOLE [warning]: <Router basename="/law4hire"> is not able to match the URL "/register" because it does not start with the basename, so the <Router> won't render anything.
 CONSOLE [warning]: ⚠️ React Router Future Flag Warning: React Router will begin wrapping state updates in `React.startTransition` in v7. You can use the `v7_startTransition` future flag to opt-in early. For more information, see https://reactrouter.com/v6/upgrading/future#v7_starttransition.
 CONSOLE [warning]: ⚠️ React Router Future Flag Warning: Relative route resolution within Splat routes is changing in v7. You can use the `v7_relativeSplatPath` future flag to opt-in early. For more information, see https://reactrouter.com/v6/upgrading/future#v7_relativesplatpath.


  Failed L4H.UI.E2E.Tests.Comprehensive_Visa_E2E_Tests.B2_Visa_Tourist_Test [11 s]
  Error Message:
   System.TimeoutException : Timeout 10000ms exceeded.
Call log:
  - waiting for Locator("input[name='email']") to be visible
  Stack Trace:
     at Microsoft.Playwright.Transport.Connection.InnerSendMessageToServerAsync[T](ChannelOwnerBase object, String method, Dictionary`2 dictionary, Boolean keepNulls) in /_/src/Playwright/Transport/Connection.cs:line 209
   at Microsoft.Playwright.Transport.Connection.WrapApiCallAsync[T](Func`1 action, Boolean isInternal)
   at Microsoft.Playwright.Core.Frame.WaitForSelectorAsync(String selector, FrameWaitForSelectorOptions options) in /_/src/Playwright/Core/Frame.cs:line 527
   at L4H.UI.E2E.Tests.Comprehensive_Visa_E2E_Tests.RegisterUser(IPage page, String email, String firstName, String lastName) in C:\programming\L4HProject\tests\ui.e2e\Comprehensive_Visa_E2E_Tests.cs:line 36
   at L4H.UI.E2E.Tests.Comprehensive_Visa_E2E_Tests.B2_Visa_Tourist_Test() in C:\programming\L4HProject\tests\ui.e2e\Comprehensive_Visa_E2E_Tests.cs:line 307
   at L4H.UI.E2E.Tests.Comprehensive_Visa_E2E_Tests.B2_Visa_Tourist_Test() in C:\programming\L4HProject\tests\ui.e2e\Comprehensive_Visa_E2E_Tests.cs:line 324
--- End of stack trace from previous location ---
  Failed 🇧🇷→🇺🇸 Brazilian Adult → N-600 Certificate (Born to US Citizen Abroad) [11 s]
  Error Message:
   System.TimeoutException : Timeout 10000ms exceeded.
Call log:
  - waiting for Locator("input[name='email']") to be visible
  Stack Trace:
     at Microsoft.Playwright.Transport.Connection.InnerSendMessageToServerAsync[T](ChannelOwnerBase object, String method, Dictionary`2 dictionary, Boolean keepNulls) in /_/src/Playwright/Transport/Connection.cs:line 209
   at Microsoft.Playwright.Transport.Connection.WrapApiCallAsync[T](Func`1 action, Boolean isInternal)
   at Microsoft.Playwright.Core.Frame.WaitForSelectorAsync(String selector, FrameWaitForSelectorOptions options) in /_/src/Playwright/Core/Frame.cs:line 527
   at L4H.UI.E2E.Tests.CitizenshipNaturalizationTests.RegisterPermanentResident(IPage page, String email, String firstName, String lastName, String nationality) in C:\programming\L4HProject\tests\ui.e2e\CitizenshipNaturalizationTests.cs:line 47
   at L4H.UI.E2E.Tests.CitizenshipNaturalizationTests.Brazilian_Adult_N600_BornToCitizen_Test() in C:\programming\L4HProject\tests\ui.e2e\CitizenshipNaturalizationTests.cs:line 409
   at L4H.UI.E2E.Tests.CitizenshipNaturalizationTests.Brazilian_Adult_N600_BornToCitizen_Test() in C:\programming\L4HProject\tests\ui.e2e\CitizenshipNaturalizationTests.cs:line 440
--- End of stack trace from previous location ---
  Standard Output Messages:
 Registering Permanent Resident for citizenship: n600-brazil-adult-f7cc78b6@law4hire.com
 CONSOLE [debug]: [vite] connecting...
 CONSOLE [debug]: [vite] connected.
 CONSOLE [info]: %cDownload the React DevTools for a better development experience: https://reactjs.org/link/react-devtools font-weight:bold
 CONSOLE [warning]: i18next::languageUtils: rejecting language code not found in supportedLngs: en
 CONSOLE [warning]: i18next::languageUtils: rejecting language code not found in supportedLngs: en-US
 CONSOLE [warning]: i18next::languageUtils: rejecting language code not found in supportedLngs: en
 CONSOLE [warning]: i18next::languageUtils: rejecting language code not found in supportedLngs: en-US
 CONSOLE [warning]: i18next::languageUtils: rejecting language code not found in supportedLngs: en
 CONSOLE [warning]: i18next::languageUtils: rejecting language code not found in supportedLngs: en-US
 CONSOLE [warning]: i18next::languageUtils: rejecting language code not found in supportedLngs: en
 CONSOLE [warning]: i18next::languageUtils: rejecting language code not found in supportedLngs: en-US
 CONSOLE [warning]: i18next::languageUtils: rejecting language code not found in supportedLngs: en
 CONSOLE [warning]: i18next::languageUtils: rejecting language code not found in supportedLngs: en-US
 CONSOLE [info]: Language changed to: en-US
 CONSOLE [info]: Language changed to: en-US
 CONSOLE [log]: i18next: languageChanged en-US
 CONSOLE [log]: i18next: initialized {debug: true, initImmediate: true, ns: Array(1), defaultNS: common, fallbackLng: Array(1)}
 CONSOLE [info]: i18next initialized with options: {debug: true, initImmediate: true, ns: Array(1), defaultNS: common, fallbackLng: Array(1)}
 CONSOLE [info]: i18next initialized with language: en-US
 CONSOLE [warning]: i18next::languageUtils: rejecting language code not found in supportedLngs: en
 CONSOLE [warning]: i18next::languageUtils: rejecting language code not found in supportedLngs: en-US
 CONSOLE [warning]: i18next::languageUtils: rejecting language code not found in supportedLngs: en
 CONSOLE [warning]: i18next::languageUtils: rejecting language code not found in supportedLngs: en-US
 CONSOLE [warning]: i18next::languageUtils: rejecting language code not found in supportedLngs: en
 CONSOLE [warning]: i18next::languageUtils: rejecting language code not found in supportedLngs: en-US
 CONSOLE [warning]: i18next::languageUtils: rejecting language code not found in supportedLngs: en
 CONSOLE [warning]: i18next::languageUtils: rejecting language code not found in supportedLngs: en-US
 CONSOLE [info]: Language changed to: en-US
 CONSOLE [info]: Language changed to: en-US
 CONSOLE [log]: i18next: languageChanged en-US
 CONSOLE [warning]: i18next: init: i18next is already initialized. You should call init just once!
 CONSOLE [log]: i18next: initialized {debug: true, initImmediate: true, ns: Array(1), defaultNS: common, fallbackLng: Array(1)}
 CONSOLE [info]: i18next initialized with options: {debug: true, initImmediate: true, ns: Array(1), defaultNS: common, fallbackLng: Array(1)}
 CONSOLE [warning]: <Router basename="/law4hire"> is not able to match the URL "/register" because it does not start with the basename, so the <Router> won't render anything.
 CONSOLE [warning]: <Router basename="/law4hire"> is not able to match the URL "/register" because it does not start with the basename, so the <Router> won't render anything.
 CONSOLE [warning]: ⚠️ React Router Future Flag Warning: React Router will begin wrapping state updates in `React.startTransition` in v7. You can use the `v7_startTransition` future flag to opt-in early. For more information, see https://reactrouter.com/v6/upgrading/future#v7_starttransition.
 CONSOLE [warning]: ⚠️ React Router Future Flag Warning: Relative route resolution within Splat routes is changing in v7. You can use the `v7_relativeSplatPath` future flag to opt-in early. For more information, see https://reactrouter.com/v6/upgrading/future#v7_relativesplatpath.


  Failed L4H.UI.E2E.Tests.L4H_E2E_Tests.L4H_Home_Page_Localization_Test [31 s]
  Error Message:
   System.TimeoutException : Timeout 30000ms exceeded.
Call log:
  - waiting for Locator("body") to be visible
  -   locator resolved to hidden <body>…</body>
  -   locator resolved to hidden <body>…</body>
  -   locator resolved to hidden <body>…</body>
  -   locator resolved to hidden <body>…</body>
  -   locator resolved to hidden <body>…</body>
  -   locator resolved to hidden <body>…</body>
  -   locator resolved to hidden <body>…</body>
  -   locator resolved to hidden <body>…</body>
  -   locator resolved to hidden <body>…</body>
  -   locator resolved to hidden <body>…</body>
  -   locator resolved to hidden <body>…</body>
  -   locator resolved to hidden <body>…</body>
  -   locator resolved to hidden <body>…</body>
  -   locator resolved to hidden <body>…</body>
  -   locator resolved to hidden <body>…</body>
  -   locator resolved to hidden <body>…</body>
  -   locator resolved to hidden <body>…</body>
  -   locator resolved to hidden <body>…</body>
  -   locator resolved to hidden <body>…</body>
  -   locator resolved to hidden <body>…</body>
  -   locator resolved to hidden <body>…</body>
  -   locator resolved to hidden <body>…</body>
  -   locator resolved to hidden <body>…</body>
  -   locator resolved to hidden <body>…</body>
  -   locator resolved to hidden <body>…</body>
  -   locator resolved to hidden <body>…</body>
  -   locator resolved to hidden <body>…</body>
  -   locator resolved to hidden <body>…</body>
  -   locator resolved to hidden <body>…</body>
  -   locator resolved to hidden <body>…</body>
  -   locator resolved to hidden <body>…</body>
  -   locator resolved to hidden <body>…</body>
  -   locator resolved to hidden <body>…</body>
  -   locator resolved to hidden <body>…</body>
  -   locator resolved to hidden <body>…</body>
  -   locator resolved to hidden <body>…</body>
  -   locator resolved to hidden <body>…</body>
  -   locator resolved to hidden <body>…</body>
  -   locator resolved to hidden <body>…</body>
  -   locator resolved to hidden <body>…</body>
  -   locator resolved to hidden <body>…</body>
  -   locator resolved to hidden <body>…</body>
  -   locator resolved to hidden <body>…</body>
  -   locator resolved to hidden <body>…</body>
  -   locator resolved to hidden <body>…</body>
  -   locator resolved to hidden <body>…</body>
  -   locator resolved to hidden <body>…</body>
  -   locator resolved to hidden <body>…</body>
  -   locator resolved to hidden <body>…</body>
  -   locator resolved to hidden <body>…</body>
  -   locator resolved to hidden <body>…</body>
  -   locator resolved to hidden <body>…</body>
  -   locator resolved to hidden <body>…</body>
  -   locator resolved to hidden <body>…</body>
  -   locator resolved to hidden <body>…</body>
  -   locator resolved to hidden <body>…</body>
  -   locator resolved to hidden <body>…</body>
  -   locator resolved to hidden <body>…</body>
  -   locator resolved to hidden <body>…</body>
  -   locator resolved to hidden <body>…</body>
  -   locator resolved to hidden <body>…</body>
  -   locator resolved to hidden <body>…</body>
  -   locator resolved to hidden <body>…</body>
  Stack Trace:
     at Microsoft.Playwright.Transport.Connection.InnerSendMessageToServerAsync[T](ChannelOwnerBase object, String method, Dictionary`2 dictionary, Boolean keepNulls) in /_/src/Playwright/Transport/Connection.cs:line 209
   at Microsoft.Playwright.Transport.Connection.WrapApiCallAsync[T](Func`1 action, Boolean isInternal)
   at Microsoft.Playwright.Core.Frame.WaitForSelectorAsync(String selector, FrameWaitForSelectorOptions options) in /_/src/Playwright/Core/Frame.cs:line 527
   at L4H.UI.E2E.Tests.L4H_E2E_Tests.TestPageLocalization(IPage page, String url, String pageName, String[] expectedTranslationKeys) in C:\programming\L4HProject\tests\ui.e2e\L4H_E2E_Tests.cs:line 181
   at L4H.UI.E2E.Tests.L4H_E2E_Tests.L4H_Home_Page_Localization_Test() in C:\programming\L4HProject\tests\ui.e2e\L4H_E2E_Tests.cs:line 30
   at L4H.UI.E2E.Tests.L4H_E2E_Tests.L4H_Home_Page_Localization_Test() in C:\programming\L4HProject\tests\ui.e2e\L4H_E2E_Tests.cs:line 38
--- End of stack trace from previous location ---
  Failed 🇺🇸→🇨🇳 US Citizen Adopting Chinese Child (IR-3) [11 s]
  Error Message:
   System.TimeoutException : Timeout 10000ms exceeded.
Call log:
  - waiting for Locator("input[name='email']") to be visible
  Stack Trace:
     at Microsoft.Playwright.Transport.Connection.InnerSendMessageToServerAsync[T](ChannelOwnerBase object, String method, Dictionary`2 dictionary, Boolean keepNulls) in /_/src/Playwright/Transport/Connection.cs:line 209
   at Microsoft.Playwright.Transport.Connection.WrapApiCallAsync[T](Func`1 action, Boolean isInternal)
   at Microsoft.Playwright.Core.Frame.WaitForSelectorAsync(String selector, FrameWaitForSelectorOptions options) in /_/src/Playwright/Core/Frame.cs:line 527
   at L4H.UI.E2E.Tests.AdoptionWorkflowTests.RegisterUSCitizen(IPage page, String email, String firstName, String lastName) in C:\programming\L4HProject\tests\ui.e2e\AdoptionWorkflowTests.cs:line 44
   at L4H.UI.E2E.Tests.AdoptionWorkflowTests.USCitizen_IR3_Chinese_Child_Adoption_Test() in C:\programming\L4HProject\tests\ui.e2e\AdoptionWorkflowTests.cs:line 219
   at L4H.UI.E2E.Tests.AdoptionWorkflowTests.USCitizen_IR3_Chinese_Child_Adoption_Test() in C:\programming\L4HProject\tests\ui.e2e\AdoptionWorkflowTests.cs:line 249
--- End of stack trace from previous location ---
  Standard Output Messages:
 Registering US Citizen for adoption: ir3-china-88fdb676@law4hire.com
 CONSOLE [debug]: [vite] connecting...
 CONSOLE [debug]: [vite] connected.
 CONSOLE [info]: %cDownload the React DevTools for a better development experience: https://reactjs.org/link/react-devtools font-weight:bold
 CONSOLE [warning]: i18next::languageUtils: rejecting language code not found in supportedLngs: en
 CONSOLE [warning]: i18next::languageUtils: rejecting language code not found in supportedLngs: en-US
 CONSOLE [warning]: i18next::languageUtils: rejecting language code not found in supportedLngs: en
 CONSOLE [warning]: i18next::languageUtils: rejecting language code not found in supportedLngs: en-US
 CONSOLE [warning]: i18next::languageUtils: rejecting language code not found in supportedLngs: en
 CONSOLE [warning]: i18next::languageUtils: rejecting language code not found in supportedLngs: en-US
 CONSOLE [warning]: i18next::languageUtils: rejecting language code not found in supportedLngs: en
 CONSOLE [warning]: i18next::languageUtils: rejecting language code not found in supportedLngs: en-US
 CONSOLE [warning]: i18next::languageUtils: rejecting language code not found in supportedLngs: en
 CONSOLE [warning]: i18next::languageUtils: rejecting language code not found in supportedLngs: en-US
 CONSOLE [info]: Language changed to: en-US
 CONSOLE [info]: Language changed to: en-US
 CONSOLE [log]: i18next: languageChanged en-US
 CONSOLE [log]: i18next: initialized {debug: true, initImmediate: true, ns: Array(1), defaultNS: common, fallbackLng: Array(1)}
 CONSOLE [info]: i18next initialized with options: {debug: true, initImmediate: true, ns: Array(1), defaultNS: common, fallbackLng: Array(1)}
 CONSOLE [info]: i18next initialized with language: en-US
 CONSOLE [warning]: i18next::languageUtils: rejecting language code not found in supportedLngs: en
 CONSOLE [warning]: i18next::languageUtils: rejecting language code not found in supportedLngs: en-US
 CONSOLE [warning]: i18next::languageUtils: rejecting language code not found in supportedLngs: en
 CONSOLE [warning]: i18next::languageUtils: rejecting language code not found in supportedLngs: en-US
 CONSOLE [warning]: i18next::languageUtils: rejecting language code not found in supportedLngs: en
 CONSOLE [warning]: i18next::languageUtils: rejecting language code not found in supportedLngs: en-US
 CONSOLE [warning]: i18next::languageUtils: rejecting language code not found in supportedLngs: en
 CONSOLE [warning]: i18next::languageUtils: rejecting language code not found in supportedLngs: en-US
 CONSOLE [info]: Language changed to: en-US
 CONSOLE [info]: Language changed to: en-US
 CONSOLE [log]: i18next: languageChanged en-US
 CONSOLE [warning]: i18next: init: i18next is already initialized. You should call init just once!
 CONSOLE [log]: i18next: initialized {debug: true, initImmediate: true, ns: Array(1), defaultNS: common, fallbackLng: Array(1)}
 CONSOLE [info]: i18next initialized with options: {debug: true, initImmediate: true, ns: Array(1), defaultNS: common, fallbackLng: Array(1)}
 CONSOLE [warning]: <Router basename="/law4hire"> is not able to match the URL "/register" because it does not start with the basename, so the <Router> won't render anything.
 CONSOLE [warning]: <Router basename="/law4hire"> is not able to match the URL "/register" because it does not start with the basename, so the <Router> won't render anything.
 CONSOLE [warning]: ⚠️ React Router Future Flag Warning: React Router will begin wrapping state updates in `React.startTransition` in v7. You can use the `v7_startTransition` future flag to opt-in early. For more information, see https://reactrouter.com/v6/upgrading/future#v7_starttransition.
 CONSOLE [warning]: ⚠️ React Router Future Flag Warning: Relative route resolution within Splat routes is changing in v7. You can use the `v7_relativeSplatPath` future flag to opt-in early. For more information, see https://reactrouter.com/v6/upgrading/future#v7_relativesplatpath.


  Failed 🇫🇷 French (fr-FR) Localization Test [11 s]
  Error Message:
   System.TimeoutException : Timeout 10000ms exceeded.
Call log:
  - waiting for Locator("input[name='email']") to be visible
  Stack Trace:
     at Microsoft.Playwright.Transport.Connection.InnerSendMessageToServerAsync[T](ChannelOwnerBase object, String method, Dictionary`2 dictionary, Boolean keepNulls) in /_/src/Playwright/Transport/Connection.cs:line 209
   at Microsoft.Playwright.Transport.Connection.WrapApiCallAsync[T](Func`1 action, Boolean isInternal)
   at Microsoft.Playwright.Core.Frame.WaitForSelectorAsync(String selector, FrameWaitForSelectorOptions options) in /_/src/Playwright/Core/Frame.cs:line 527
   at L4H.UI.E2E.Tests.LocalizationComprehensiveTests.RegisterUserForLanguage(IPage page, String languageCode, LanguageInfo langInfo) in C:\programming\L4HProject\tests\ui.e2e\LocalizationComprehensiveTests.cs:line 73
   at L4H.UI.E2E.Tests.LocalizationComprehensiveTests.French_Localization_Test() in C:\programming\L4HProject\tests\ui.e2e\LocalizationComprehensiveTests.cs:line 345
   at L4H.UI.E2E.Tests.LocalizationComprehensiveTests.French_Localization_Test() in C:\programming\L4HProject\tests\ui.e2e\LocalizationComprehensiveTests.cs:line 356
--- End of stack trace from previous location ---
  Standard Output Messages:
 Registering user for French (fr-FR): fr-FR-test-238f4ea6@testing.com
 CONSOLE [debug]: [vite] connecting...
 CONSOLE [debug]: [vite] connected.
 CONSOLE [info]: %cDownload the React DevTools for a better development experience: https://reactjs.org/link/react-devtools font-weight:bold
 CONSOLE [warning]: i18next::languageUtils: rejecting language code not found in supportedLngs: en
 CONSOLE [warning]: i18next::languageUtils: rejecting language code not found in supportedLngs: en-US
 CONSOLE [warning]: i18next::languageUtils: rejecting language code not found in supportedLngs: en
 CONSOLE [warning]: i18next::languageUtils: rejecting language code not found in supportedLngs: en-US
 CONSOLE [warning]: i18next::languageUtils: rejecting language code not found in supportedLngs: en
 CONSOLE [warning]: i18next::languageUtils: rejecting language code not found in supportedLngs: en-US
 CONSOLE [warning]: i18next::languageUtils: rejecting language code not found in supportedLngs: en
 CONSOLE [warning]: i18next::languageUtils: rejecting language code not found in supportedLngs: en-US
 CONSOLE [warning]: i18next::languageUtils: rejecting language code not found in supportedLngs: en
 CONSOLE [warning]: i18next::languageUtils: rejecting language code not found in supportedLngs: en-US
 CONSOLE [info]: Language changed to: en-US
 CONSOLE [info]: Language changed to: en-US
 CONSOLE [log]: i18next: languageChanged en-US
 CONSOLE [log]: i18next: initialized {debug: true, initImmediate: true, ns: Array(1), defaultNS: common, fallbackLng: Array(1)}
 CONSOLE [info]: i18next initialized with options: {debug: true, initImmediate: true, ns: Array(1), defaultNS: common, fallbackLng: Array(1)}
 CONSOLE [info]: i18next initialized with language: en-US
 CONSOLE [warning]: i18next::languageUtils: rejecting language code not found in supportedLngs: en
 CONSOLE [warning]: i18next::languageUtils: rejecting language code not found in supportedLngs: en-US
 CONSOLE [warning]: i18next::languageUtils: rejecting language code not found in supportedLngs: en
 CONSOLE [warning]: i18next::languageUtils: rejecting language code not found in supportedLngs: en-US
 CONSOLE [warning]: i18next::languageUtils: rejecting language code not found in supportedLngs: en
 CONSOLE [warning]: i18next::languageUtils: rejecting language code not found in supportedLngs: en-US
 CONSOLE [warning]: i18next::languageUtils: rejecting language code not found in supportedLngs: en
 CONSOLE [warning]: i18next::languageUtils: rejecting language code not found in supportedLngs: en-US
 CONSOLE [info]: Language changed to: en-US
 CONSOLE [info]: Language changed to: en-US
 CONSOLE [log]: i18next: languageChanged en-US
 CONSOLE [warning]: i18next: init: i18next is already initialized. You should call init just once!
 CONSOLE [log]: i18next: initialized {debug: true, initImmediate: true, ns: Array(1), defaultNS: common, fallbackLng: Array(1)}
 CONSOLE [info]: i18next initialized with options: {debug: true, initImmediate: true, ns: Array(1), defaultNS: common, fallbackLng: Array(1)}
 CONSOLE [warning]: <Router basename="/law4hire"> is not able to match the URL "/register" because it does not start with the basename, so the <Router> won't render anything.
 CONSOLE [warning]: <Router basename="/law4hire"> is not able to match the URL "/register" because it does not start with the basename, so the <Router> won't render anything.
 CONSOLE [warning]: ⚠️ React Router Future Flag Warning: React Router will begin wrapping state updates in `React.startTransition` in v7. You can use the `v7_startTransition` future flag to opt-in early. For more information, see https://reactrouter.com/v6/upgrading/future#v7_starttransition.
 CONSOLE [warning]: ⚠️ React Router Future Flag Warning: Relative route resolution within Splat routes is changing in v7. You can use the `v7_relativeSplatPath` future flag to opt-in early. For more information, see https://reactrouter.com/v6/upgrading/future#v7_relativesplatpath.


  Failed 🇷🇺 Russia → K-1 Fiancé(e) [11 s]
  Error Message:
   System.TimeoutException : Timeout 10000ms exceeded.
Call log:
  - waiting for Locator("input[name='email']") to be visible
  Stack Trace:
     at Microsoft.Playwright.Transport.Connection.InnerSendMessageToServerAsync[T](ChannelOwnerBase object, String method, Dictionary`2 dictionary, Boolean keepNulls) in /_/src/Playwright/Transport/Connection.cs:line 209
   at Microsoft.Playwright.Transport.Connection.WrapApiCallAsync[T](Func`1 action, Boolean isInternal)
   at Microsoft.Playwright.Core.Frame.WaitForSelectorAsync(String selector, FrameWaitForSelectorOptions options) in /_/src/Playwright/Core/Frame.cs:line 527
   at L4H.UI.E2E.Tests.ComprehensiveVisualStudioUITests.RegisterUser(IPage page, String email, String firstName, String lastName, String nationality, String dateOfBirth) in C:\programming\L4HProject\tests\ui.e2e\ComprehensiveVisualStudioUITests.cs:line 51
   at L4H.UI.E2E.Tests.ComprehensiveVisualStudioUITests.Russia_K1_Fiance_Test() in C:\programming\L4HProject\tests\ui.e2e\ComprehensiveVisualStudioUITests.cs:line 454
   at L4H.UI.E2E.Tests.ComprehensiveVisualStudioUITests.Russia_K1_Fiance_Test() in C:\programming\L4HProject\tests\ui.e2e\ComprehensiveVisualStudioUITests.cs:line 471
--- End of stack trace from previous location ---
  Standard Output Messages:
 Registering user: k1-russia-4ff6573c@law4hire.com
 CONSOLE [debug]: [vite] connecting...
 CONSOLE [debug]: [vite] connected.
 CONSOLE [info]: %cDownload the React DevTools for a better development experience: https://reactjs.org/link/react-devtools font-weight:bold
 CONSOLE [warning]: i18next::languageUtils: rejecting language code not found in supportedLngs: en
 CONSOLE [warning]: i18next::languageUtils: rejecting language code not found in supportedLngs: en-US
 CONSOLE [warning]: i18next::languageUtils: rejecting language code not found in supportedLngs: en
 CONSOLE [warning]: i18next::languageUtils: rejecting language code not found in supportedLngs: en-US
 CONSOLE [warning]: i18next::languageUtils: rejecting language code not found in supportedLngs: en
 CONSOLE [warning]: i18next::languageUtils: rejecting language code not found in supportedLngs: en-US
 CONSOLE [warning]: i18next::languageUtils: rejecting language code not found in supportedLngs: en
 CONSOLE [warning]: i18next::languageUtils: rejecting language code not found in supportedLngs: en-US
 CONSOLE [warning]: i18next::languageUtils: rejecting language code not found in supportedLngs: en
 CONSOLE [warning]: i18next::languageUtils: rejecting language code not found in supportedLngs: en-US
 CONSOLE [info]: Language changed to: en-US
 CONSOLE [info]: Language changed to: en-US
 CONSOLE [log]: i18next: languageChanged en-US
 CONSOLE [log]: i18next: initialized {debug: true, initImmediate: true, ns: Array(1), defaultNS: common, fallbackLng: Array(1)}
 CONSOLE [info]: i18next initialized with options: {debug: true, initImmediate: true, ns: Array(1), defaultNS: common, fallbackLng: Array(1)}
 CONSOLE [info]: i18next initialized with language: en-US
 CONSOLE [warning]: i18next::languageUtils: rejecting language code not found in supportedLngs: en
 CONSOLE [warning]: i18next::languageUtils: rejecting language code not found in supportedLngs: en-US
 CONSOLE [warning]: i18next::languageUtils: rejecting language code not found in supportedLngs: en
 CONSOLE [warning]: i18next::languageUtils: rejecting language code not found in supportedLngs: en-US
 CONSOLE [warning]: i18next::languageUtils: rejecting language code not found in supportedLngs: en
 CONSOLE [warning]: i18next::languageUtils: rejecting language code not found in supportedLngs: en-US
 CONSOLE [warning]: i18next::languageUtils: rejecting language code not found in supportedLngs: en
 CONSOLE [warning]: i18next::languageUtils: rejecting language code not found in supportedLngs: en-US
 CONSOLE [info]: Language changed to: en-US
 CONSOLE [info]: Language changed to: en-US
 CONSOLE [log]: i18next: languageChanged en-US
 CONSOLE [warning]: i18next: init: i18next is already initialized. You should call init just once!
 CONSOLE [log]: i18next: initialized {debug: true, initImmediate: true, ns: Array(1), defaultNS: common, fallbackLng: Array(1)}
 CONSOLE [info]: i18next initialized with options: {debug: true, initImmediate: true, ns: Array(1), defaultNS: common, fallbackLng: Array(1)}
 CONSOLE [warning]: <Router basename="/law4hire"> is not able to match the URL "/register" because it does not start with the basename, so the <Router> won't render anything.
 CONSOLE [warning]: <Router basename="/law4hire"> is not able to match the URL "/register" because it does not start with the basename, so the <Router> won't render anything.
 CONSOLE [warning]: ⚠️ React Router Future Flag Warning: React Router will begin wrapping state updates in `React.startTransition` in v7. You can use the `v7_startTransition` future flag to opt-in early. For more information, see https://reactrouter.com/v6/upgrading/future#v7_starttransition.
 CONSOLE [warning]: ⚠️ React Router Future Flag Warning: Relative route resolution within Splat routes is changing in v7. You can use the `v7_relativeSplatPath` future flag to opt-in early. For more information, see https://reactrouter.com/v6/upgrading/future#v7_relativesplatpath.


  Failed L4H.UI.E2E.Tests.Comprehensive_Visa_E2E_Tests.E2_Visa_Treaty_Investor_Test [11 s]
  Error Message:
   System.TimeoutException : Timeout 10000ms exceeded.
Call log:
  - waiting for Locator("input[name='email']") to be visible
  Stack Trace:
     at Microsoft.Playwright.Transport.Connection.InnerSendMessageToServerAsync[T](ChannelOwnerBase object, String method, Dictionary`2 dictionary, Boolean keepNulls) in /_/src/Playwright/Transport/Connection.cs:line 209
   at Microsoft.Playwright.Transport.Connection.WrapApiCallAsync[T](Func`1 action, Boolean isInternal)
   at Microsoft.Playwright.Core.Frame.WaitForSelectorAsync(String selector, FrameWaitForSelectorOptions options) in /_/src/Playwright/Core/Frame.cs:line 527
   at L4H.UI.E2E.Tests.Comprehensive_Visa_E2E_Tests.RegisterUser(IPage page, String email, String firstName, String lastName) in C:\programming\L4HProject\tests\ui.e2e\Comprehensive_Visa_E2E_Tests.cs:line 36
   at L4H.UI.E2E.Tests.Comprehensive_Visa_E2E_Tests.E2_Visa_Treaty_Investor_Test() in C:\programming\L4HProject\tests\ui.e2e\Comprehensive_Visa_E2E_Tests.cs:line 524
   at L4H.UI.E2E.Tests.Comprehensive_Visa_E2E_Tests.E2_Visa_Treaty_Investor_Test() in C:\programming\L4HProject\tests\ui.e2e\Comprehensive_Visa_E2E_Tests.cs:line 542
--- End of stack trace from previous location ---
  Failed 📚 Citizenship Test Preparation - English Test [11 s]
  Error Message:
   System.TimeoutException : Timeout 10000ms exceeded.
Call log:
  - waiting for Locator("input[name='email']") to be visible
  Stack Trace:
     at Microsoft.Playwright.Transport.Connection.InnerSendMessageToServerAsync[T](ChannelOwnerBase object, String method, Dictionary`2 dictionary, Boolean keepNulls) in /_/src/Playwright/Transport/Connection.cs:line 209
   at Microsoft.Playwright.Transport.Connection.WrapApiCallAsync[T](Func`1 action, Boolean isInternal)
   at Microsoft.Playwright.Core.Frame.WaitForSelectorAsync(String selector, FrameWaitForSelectorOptions options) in /_/src/Playwright/Core/Frame.cs:line 527
   at L4H.UI.E2E.Tests.CitizenshipNaturalizationTests.RegisterPermanentResident(IPage page, String email, String firstName, String lastName, String nationality) in C:\programming\L4HProject\tests\ui.e2e\CitizenshipNaturalizationTests.cs:line 47
   at L4H.UI.E2E.Tests.CitizenshipNaturalizationTests.Citizenship_English_Test_Preparation() in C:\programming\L4HProject\tests\ui.e2e\CitizenshipNaturalizationTests.cs:line 550
   at L4H.UI.E2E.Tests.CitizenshipNaturalizationTests.Citizenship_English_Test_Preparation() in C:\programming\L4HProject\tests\ui.e2e\CitizenshipNaturalizationTests.cs:line 581
--- End of stack trace from previous location ---
  Standard Output Messages:
 Registering Permanent Resident for citizenship: english-test-prep-2a25422f@testing.com
 CONSOLE [debug]: [vite] connecting...
 CONSOLE [debug]: [vite] connected.
 CONSOLE [info]: %cDownload the React DevTools for a better development experience: https://reactjs.org/link/react-devtools font-weight:bold
 CONSOLE [warning]: i18next::languageUtils: rejecting language code not found in supportedLngs: en
 CONSOLE [warning]: i18next::languageUtils: rejecting language code not found in supportedLngs: en-US
 CONSOLE [warning]: i18next::languageUtils: rejecting language code not found in supportedLngs: en
 CONSOLE [warning]: i18next::languageUtils: rejecting language code not found in supportedLngs: en-US
 CONSOLE [warning]: i18next::languageUtils: rejecting language code not found in supportedLngs: en
 CONSOLE [warning]: i18next::languageUtils: rejecting language code not found in supportedLngs: en-US
 CONSOLE [warning]: i18next::languageUtils: rejecting language code not found in supportedLngs: en
 CONSOLE [warning]: i18next::languageUtils: rejecting language code not found in supportedLngs: en-US
 CONSOLE [warning]: i18next::languageUtils: rejecting language code not found in supportedLngs: en
 CONSOLE [warning]: i18next::languageUtils: rejecting language code not found in supportedLngs: en-US
 CONSOLE [info]: Language changed to: en-US
 CONSOLE [info]: Language changed to: en-US
 CONSOLE [log]: i18next: languageChanged en-US
 CONSOLE [log]: i18next: initialized {debug: true, initImmediate: true, ns: Array(1), defaultNS: common, fallbackLng: Array(1)}
 CONSOLE [info]: i18next initialized with options: {debug: true, initImmediate: true, ns: Array(1), defaultNS: common, fallbackLng: Array(1)}
 CONSOLE [info]: i18next initialized with language: en-US
 CONSOLE [warning]: i18next::languageUtils: rejecting language code not found in supportedLngs: en
 CONSOLE [warning]: i18next::languageUtils: rejecting language code not found in supportedLngs: en-US
 CONSOLE [warning]: i18next::languageUtils: rejecting language code not found in supportedLngs: en
 CONSOLE [warning]: i18next::languageUtils: rejecting language code not found in supportedLngs: en-US
 CONSOLE [warning]: i18next::languageUtils: rejecting language code not found in supportedLngs: en
 CONSOLE [warning]: i18next::languageUtils: rejecting language code not found in supportedLngs: en-US
 CONSOLE [warning]: i18next::languageUtils: rejecting language code not found in supportedLngs: en
 CONSOLE [warning]: i18next::languageUtils: rejecting language code not found in supportedLngs: en-US
 CONSOLE [info]: Language changed to: en-US
 CONSOLE [info]: Language changed to: en-US
 CONSOLE [log]: i18next: languageChanged en-US
 CONSOLE [warning]: i18next: init: i18next is already initialized. You should call init just once!
 CONSOLE [log]: i18next: initialized {debug: true, initImmediate: true, ns: Array(1), defaultNS: common, fallbackLng: Array(1)}
 CONSOLE [info]: i18next initialized with options: {debug: true, initImmediate: true, ns: Array(1), defaultNS: common, fallbackLng: Array(1)}
 CONSOLE [warning]: <Router basename="/law4hire"> is not able to match the URL "/register" because it does not start with the basename, so the <Router> won't render anything.
 CONSOLE [warning]: <Router basename="/law4hire"> is not able to match the URL "/register" because it does not start with the basename, so the <Router> won't render anything.
 CONSOLE [warning]: ⚠️ React Router Future Flag Warning: React Router will begin wrapping state updates in `React.startTransition` in v7. You can use the `v7_startTransition` future flag to opt-in early. For more information, see https://reactrouter.com/v6/upgrading/future#v7_starttransition.
 CONSOLE [warning]: ⚠️ React Router Future Flag Warning: Relative route resolution within Splat routes is changing in v7. You can use the `v7_relativeSplatPath` future flag to opt-in early. For more information, see https://reactrouter.com/v6/upgrading/future#v7_relativesplatpath.


  Failed 🇧🇩 Bengali (bn-BD) Localization Test [11 s]
  Error Message:
   System.TimeoutException : Timeout 10000ms exceeded.
Call log:
  - waiting for Locator("input[name='email']") to be visible
  Stack Trace:
     at Microsoft.Playwright.Transport.Connection.InnerSendMessageToServerAsync[T](ChannelOwnerBase object, String method, Dictionary`2 dictionary, Boolean keepNulls) in /_/src/Playwright/Transport/Connection.cs:line 209
   at Microsoft.Playwright.Transport.Connection.WrapApiCallAsync[T](Func`1 action, Boolean isInternal)
   at Microsoft.Playwright.Core.Frame.WaitForSelectorAsync(String selector, FrameWaitForSelectorOptions options) in /_/src/Playwright/Core/Frame.cs:line 527
   at L4H.UI.E2E.Tests.LocalizationComprehensiveTests.RegisterUserForLanguage(IPage page, String languageCode, LanguageInfo langInfo) in C:\programming\L4HProject\tests\ui.e2e\LocalizationComprehensiveTests.cs:line 73
   at L4H.UI.E2E.Tests.LocalizationComprehensiveTests.Bengali_Localization_Test() in C:\programming\L4HProject\tests\ui.e2e\LocalizationComprehensiveTests.cs:line 260
   at L4H.UI.E2E.Tests.LocalizationComprehensiveTests.Bengali_Localization_Test() in C:\programming\L4HProject\tests\ui.e2e\LocalizationComprehensiveTests.cs:line 271
--- End of stack trace from previous location ---
  Standard Output Messages:
 Registering user for Bengali (bn-BD): bn-BD-test-fcd196f9@testing.com
 CONSOLE [debug]: [vite] connecting...
 CONSOLE [debug]: [vite] connected.
 CONSOLE [info]: %cDownload the React DevTools for a better development experience: https://reactjs.org/link/react-devtools font-weight:bold
 CONSOLE [warning]: i18next::languageUtils: rejecting language code not found in supportedLngs: en
 CONSOLE [warning]: i18next::languageUtils: rejecting language code not found in supportedLngs: en-US
 CONSOLE [warning]: i18next::languageUtils: rejecting language code not found in supportedLngs: en
 CONSOLE [warning]: i18next::languageUtils: rejecting language code not found in supportedLngs: en-US
 CONSOLE [warning]: i18next::languageUtils: rejecting language code not found in supportedLngs: en
 CONSOLE [warning]: i18next::languageUtils: rejecting language code not found in supportedLngs: en-US
 CONSOLE [warning]: i18next::languageUtils: rejecting language code not found in supportedLngs: en
 CONSOLE [warning]: i18next::languageUtils: rejecting language code not found in supportedLngs: en-US
 CONSOLE [warning]: i18next::languageUtils: rejecting language code not found in supportedLngs: en
 CONSOLE [warning]: i18next::languageUtils: rejecting language code not found in supportedLngs: en-US
 CONSOLE [info]: Language changed to: en-US
 CONSOLE [info]: Language changed to: en-US
 CONSOLE [log]: i18next: languageChanged en-US
 CONSOLE [log]: i18next: initialized {debug: true, initImmediate: true, ns: Array(1), defaultNS: common, fallbackLng: Array(1)}
 CONSOLE [info]: i18next initialized with options: {debug: true, initImmediate: true, ns: Array(1), defaultNS: common, fallbackLng: Array(1)}
 CONSOLE [info]: i18next initialized with language: en-US
 CONSOLE [warning]: i18next::languageUtils: rejecting language code not found in supportedLngs: en
 CONSOLE [warning]: i18next::languageUtils: rejecting language code not found in supportedLngs: en-US
 CONSOLE [warning]: i18next::languageUtils: rejecting language code not found in supportedLngs: en
 CONSOLE [warning]: i18next::languageUtils: rejecting language code not found in supportedLngs: en-US
 CONSOLE [warning]: i18next::languageUtils: rejecting language code not found in supportedLngs: en
 CONSOLE [warning]: i18next::languageUtils: rejecting language code not found in supportedLngs: en-US
 CONSOLE [warning]: i18next::languageUtils: rejecting language code not found in supportedLngs: en
 CONSOLE [warning]: i18next::languageUtils: rejecting language code not found in supportedLngs: en-US
 CONSOLE [info]: Language changed to: en-US
 CONSOLE [info]: Language changed to: en-US
 CONSOLE [log]: i18next: languageChanged en-US
 CONSOLE [warning]: i18next: init: i18next is already initialized. You should call init just once!
 CONSOLE [log]: i18next: initialized {debug: true, initImmediate: true, ns: Array(1), defaultNS: common, fallbackLng: Array(1)}
 CONSOLE [info]: i18next initialized with options: {debug: true, initImmediate: true, ns: Array(1), defaultNS: common, fallbackLng: Array(1)}
 CONSOLE [warning]: <Router basename="/law4hire"> is not able to match the URL "/register" because it does not start with the basename, so the <Router> won't render anything.
 CONSOLE [warning]: <Router basename="/law4hire"> is not able to match the URL "/register" because it does not start with the basename, so the <Router> won't render anything.
 CONSOLE [warning]: ⚠️ React Router Future Flag Warning: React Router will begin wrapping state updates in `React.startTransition` in v7. You can use the `v7_startTransition` future flag to opt-in early. For more information, see https://reactrouter.com/v6/upgrading/future#v7_starttransition.
 CONSOLE [warning]: ⚠️ React Router Future Flag Warning: Relative route resolution within Splat routes is changing in v7. You can use the `v7_relativeSplatPath` future flag to opt-in early. For more information, see https://reactrouter.com/v6/upgrading/future#v7_relativesplatpath.


  Failed 🇦🇺 Australia → E-3 Specialty Occupation [11 s]
  Error Message:
   System.TimeoutException : Timeout 10000ms exceeded.
Call log:
  - waiting for Locator("input[name='email']") to be visible
  Stack Trace:
     at Microsoft.Playwright.Transport.Connection.InnerSendMessageToServerAsync[T](ChannelOwnerBase object, String method, Dictionary`2 dictionary, Boolean keepNulls) in /_/src/Playwright/Transport/Connection.cs:line 209
   at Microsoft.Playwright.Transport.Connection.WrapApiCallAsync[T](Func`1 action, Boolean isInternal)
   at Microsoft.Playwright.Core.Frame.WaitForSelectorAsync(String selector, FrameWaitForSelectorOptions options) in /_/src/Playwright/Core/Frame.cs:line 527
   at L4H.UI.E2E.Tests.ComprehensiveVisualStudioUITests.RegisterUser(IPage page, String email, String firstName, String lastName, String nationality, String dateOfBirth) in C:\programming\L4HProject\tests\ui.e2e\ComprehensiveVisualStudioUITests.cs:line 51
   at L4H.UI.E2E.Tests.ComprehensiveVisualStudioUITests.Australia_E3_Specialty_Occupation_Test() in C:\programming\L4HProject\tests\ui.e2e\ComprehensiveVisualStudioUITests.cs:line 364
   at L4H.UI.E2E.Tests.ComprehensiveVisualStudioUITests.Australia_E3_Specialty_Occupation_Test() in C:\programming\L4HProject\tests\ui.e2e\ComprehensiveVisualStudioUITests.cs:line 382
--- End of stack trace from previous location ---
  Standard Output Messages:
 Registering user: e3-australia-15985179@testing.com
 CONSOLE [debug]: [vite] connecting...
 CONSOLE [debug]: [vite] connected.
 CONSOLE [info]: %cDownload the React DevTools for a better development experience: https://reactjs.org/link/react-devtools font-weight:bold
 CONSOLE [warning]: i18next::languageUtils: rejecting language code not found in supportedLngs: en
 CONSOLE [warning]: i18next::languageUtils: rejecting language code not found in supportedLngs: en-US
 CONSOLE [warning]: i18next::languageUtils: rejecting language code not found in supportedLngs: en
 CONSOLE [warning]: i18next::languageUtils: rejecting language code not found in supportedLngs: en-US
 CONSOLE [warning]: i18next::languageUtils: rejecting language code not found in supportedLngs: en
 CONSOLE [warning]: i18next::languageUtils: rejecting language code not found in supportedLngs: en-US
 CONSOLE [warning]: i18next::languageUtils: rejecting language code not found in supportedLngs: en
 CONSOLE [warning]: i18next::languageUtils: rejecting language code not found in supportedLngs: en-US
 CONSOLE [warning]: i18next::languageUtils: rejecting language code not found in supportedLngs: en
 CONSOLE [warning]: i18next::languageUtils: rejecting language code not found in supportedLngs: en-US
 CONSOLE [info]: Language changed to: en-US
 CONSOLE [info]: Language changed to: en-US
 CONSOLE [log]: i18next: languageChanged en-US
 CONSOLE [log]: i18next: initialized {debug: true, initImmediate: true, ns: Array(1), defaultNS: common, fallbackLng: Array(1)}
 CONSOLE [info]: i18next initialized with options: {debug: true, initImmediate: true, ns: Array(1), defaultNS: common, fallbackLng: Array(1)}
 CONSOLE [info]: i18next initialized with language: en-US
 CONSOLE [warning]: i18next::languageUtils: rejecting language code not found in supportedLngs: en
 CONSOLE [warning]: i18next::languageUtils: rejecting language code not found in supportedLngs: en-US
 CONSOLE [warning]: i18next::languageUtils: rejecting language code not found in supportedLngs: en
 CONSOLE [warning]: i18next::languageUtils: rejecting language code not found in supportedLngs: en-US
 CONSOLE [warning]: i18next::languageUtils: rejecting language code not found in supportedLngs: en
 CONSOLE [warning]: i18next::languageUtils: rejecting language code not found in supportedLngs: en-US
 CONSOLE [warning]: i18next::languageUtils: rejecting language code not found in supportedLngs: en
 CONSOLE [warning]: i18next::languageUtils: rejecting language code not found in supportedLngs: en-US
 CONSOLE [info]: Language changed to: en-US
 CONSOLE [info]: Language changed to: en-US
 CONSOLE [log]: i18next: languageChanged en-US
 CONSOLE [warning]: i18next: init: i18next is already initialized. You should call init just once!
 CONSOLE [log]: i18next: initialized {debug: true, initImmediate: true, ns: Array(1), defaultNS: common, fallbackLng: Array(1)}
 CONSOLE [info]: i18next initialized with options: {debug: true, initImmediate: true, ns: Array(1), defaultNS: common, fallbackLng: Array(1)}
 CONSOLE [warning]: <Router basename="/law4hire"> is not able to match the URL "/register" because it does not start with the basename, so the <Router> won't render anything.
 CONSOLE [warning]: <Router basename="/law4hire"> is not able to match the URL "/register" because it does not start with the basename, so the <Router> won't render anything.
 CONSOLE [warning]: ⚠️ React Router Future Flag Warning: React Router will begin wrapping state updates in `React.startTransition` in v7. You can use the `v7_startTransition` future flag to opt-in early. For more information, see https://reactrouter.com/v6/upgrading/future#v7_starttransition.
 CONSOLE [warning]: ⚠️ React Router Future Flag Warning: Relative route resolution within Splat routes is changing in v7. You can use the `v7_relativeSplatPath` future flag to opt-in early. For more information, see https://reactrouter.com/v6/upgrading/future#v7_relativesplatpath.


  Failed 🌐 All Languages Availability Test [1 s]
  Error Message:
   Microsoft.Playwright.PlaywrightException : DOMException: Failed to execute 'querySelector' on 'Document': '[data-language="ar-SA"], [data-lang="ar-SA"], option[value="ar-SA"], button:has-text("العربية")' is not a valid selector.
    at eval (eval at evaluate (:226:30), <anonymous>:2:39)
    at UtilityScript.evaluate (<anonymous>:233:19)
    at UtilityScript.<anonymous> (<anonymous>:1:44)
  Stack Trace:
     at Microsoft.Playwright.Transport.Connection.InnerSendMessageToServerAsync[T](ChannelOwnerBase object, String method, Dictionary`2 dictionary, Boolean keepNulls) in /_/src/Playwright/Transport/Connection.cs:line 209
   at Microsoft.Playwright.Transport.Connection.WrapApiCallAsync[T](Func`1 action, Boolean isInternal) in /_/src/Playwright/Transport/Connection.cs:line 535
   at Microsoft.Playwright.Core.Frame.EvaluateAsync[T](String script, Object arg) in /_/src/Playwright/Core/Frame.cs:line 548
   at L4H.UI.E2E.Tests.LocalizationComprehensiveTests.All_Languages_Availability_Test() in C:\programming\L4HProject\tests\ui.e2e\LocalizationComprehensiveTests.cs:line 548
   at L4H.UI.E2E.Tests.LocalizationComprehensiveTests.All_Languages_Availability_Test() in C:\programming\L4HProject\tests\ui.e2e\LocalizationComprehensiveTests.cs:line 577
--- End of stack trace from previous location ---
  Standard Output Messages:
 CONSOLE [debug]: [vite] connecting...
 CONSOLE [debug]: [vite] connected.
 CONSOLE [info]: %cDownload the React DevTools for a better development experience: https://reactjs.org/link/react-devtools font-weight:bold
 CONSOLE [warning]: i18next::languageUtils: rejecting language code not found in supportedLngs: en
 CONSOLE [warning]: i18next::languageUtils: rejecting language code not found in supportedLngs: en-US
 CONSOLE [warning]: i18next::languageUtils: rejecting language code not found in supportedLngs: en
 CONSOLE [warning]: i18next::languageUtils: rejecting language code not found in supportedLngs: en-US
 CONSOLE [warning]: i18next::languageUtils: rejecting language code not found in supportedLngs: en
 CONSOLE [warning]: i18next::languageUtils: rejecting language code not found in supportedLngs: en-US
 CONSOLE [warning]: i18next::languageUtils: rejecting language code not found in supportedLngs: en
 CONSOLE [warning]: i18next::languageUtils: rejecting language code not found in supportedLngs: en-US
 CONSOLE [warning]: i18next::languageUtils: rejecting language code not found in supportedLngs: en
 CONSOLE [warning]: i18next::languageUtils: rejecting language code not found in supportedLngs: en-US
 CONSOLE [info]: Language changed to: en-US
 CONSOLE [info]: Language changed to: en-US
 CONSOLE [log]: i18next: languageChanged en-US
 CONSOLE [log]: i18next: initialized {debug: true, initImmediate: true, ns: Array(1), defaultNS: common, fallbackLng: Array(1)}
 CONSOLE [info]: i18next initialized with options: {debug: true, initImmediate: true, ns: Array(1), defaultNS: common, fallbackLng: Array(1)}
 CONSOLE [info]: i18next initialized with language: en-US
 CONSOLE [warning]: i18next::languageUtils: rejecting language code not found in supportedLngs: en
 CONSOLE [warning]: i18next::languageUtils: rejecting language code not found in supportedLngs: en-US
 CONSOLE [warning]: i18next::languageUtils: rejecting language code not found in supportedLngs: en
 CONSOLE [warning]: i18next::languageUtils: rejecting language code not found in supportedLngs: en-US
 CONSOLE [warning]: i18next::languageUtils: rejecting language code not found in supportedLngs: en
 CONSOLE [warning]: i18next::languageUtils: rejecting language code not found in supportedLngs: en-US
 CONSOLE [warning]: i18next::languageUtils: rejecting language code not found in supportedLngs: en
 CONSOLE [warning]: i18next::languageUtils: rejecting language code not found in supportedLngs: en-US
 CONSOLE [info]: Language changed to: en-US
 CONSOLE [info]: Language changed to: en-US
 CONSOLE [log]: i18next: languageChanged en-US
 CONSOLE [warning]: i18next: init: i18next is already initialized. You should call init just once!
 CONSOLE [log]: i18next: initialized {debug: true, initImmediate: true, ns: Array(1), defaultNS: common, fallbackLng: Array(1)}
 CONSOLE [info]: i18next initialized with options: {debug: true, initImmediate: true, ns: Array(1), defaultNS: common, fallbackLng: Array(1)}
 CONSOLE [warning]: <Router basename="/law4hire"> is not able to match the URL "/" because it does not start with the basename, so the <Router> won't render anything.
 CONSOLE [warning]: <Router basename="/law4hire"> is not able to match the URL "/" because it does not start with the basename, so the <Router> won't render anything.
 CONSOLE [warning]: ⚠️ React Router Future Flag Warning: React Router will begin wrapping state updates in `React.startTransition` in v7. You can use the `v7_startTransition` future flag to opt-in early. For more information, see https://reactrouter.com/v6/upgrading/future#v7_starttransition.
 CONSOLE [warning]: ⚠️ React Router Future Flag Warning: Relative route resolution within Splat routes is changing in v7. You can use the `v7_relativeSplatPath` future flag to opt-in early. For more information, see https://reactrouter.com/v6/upgrading/future#v7_relativesplatpath.


  Failed L4H.UI.E2E.Tests.Comprehensive_Visa_E2E_Tests.F1_Visa_Student_Test [11 s]
  Error Message:
   System.TimeoutException : Timeout 10000ms exceeded.
Call log:
  - waiting for Locator("input[name='email']") to be visible
  Stack Trace:
     at Microsoft.Playwright.Transport.Connection.InnerSendMessageToServerAsync[T](ChannelOwnerBase object, String method, Dictionary`2 dictionary, Boolean keepNulls) in /_/src/Playwright/Transport/Connection.cs:line 209
   at Microsoft.Playwright.Transport.Connection.WrapApiCallAsync[T](Func`1 action, Boolean isInternal)
   at Microsoft.Playwright.Core.Frame.WaitForSelectorAsync(String selector, FrameWaitForSelectorOptions options) in /_/src/Playwright/Core/Frame.cs:line 527
   at L4H.UI.E2E.Tests.Comprehensive_Visa_E2E_Tests.RegisterUser(IPage page, String email, String firstName, String lastName) in C:\programming\L4HProject\tests\ui.e2e\Comprehensive_Visa_E2E_Tests.cs:line 36
   at L4H.UI.E2E.Tests.Comprehensive_Visa_E2E_Tests.F1_Visa_Student_Test() in C:\programming\L4HProject\tests\ui.e2e\Comprehensive_Visa_E2E_Tests.cs:line 366
   at L4H.UI.E2E.Tests.Comprehensive_Visa_E2E_Tests.F1_Visa_Student_Test() in C:\programming\L4HProject\tests\ui.e2e\Comprehensive_Visa_E2E_Tests.cs:line 383
--- End of stack trace from previous location ---
  Failed 📅 Citizenship Interview Scheduling Test [11 s]
  Error Message:
   System.TimeoutException : Timeout 10000ms exceeded.
Call log:
  - waiting for Locator("input[name='email']") to be visible
  Stack Trace:
     at Microsoft.Playwright.Transport.Connection.InnerSendMessageToServerAsync[T](ChannelOwnerBase object, String method, Dictionary`2 dictionary, Boolean keepNulls) in /_/src/Playwright/Transport/Connection.cs:line 209
   at Microsoft.Playwright.Transport.Connection.WrapApiCallAsync[T](Func`1 action, Boolean isInternal)
   at Microsoft.Playwright.Core.Frame.WaitForSelectorAsync(String selector, FrameWaitForSelectorOptions options) in /_/src/Playwright/Core/Frame.cs:line 527
   at L4H.UI.E2E.Tests.CitizenshipNaturalizationTests.RegisterPermanentResident(IPage page, String email, String firstName, String lastName, String nationality) in C:\programming\L4HProject\tests\ui.e2e\CitizenshipNaturalizationTests.cs:line 47
   at L4H.UI.E2E.Tests.CitizenshipNaturalizationTests.Citizenship_Interview_Scheduling_Test() in C:\programming\L4HProject\tests\ui.e2e\CitizenshipNaturalizationTests.cs:line 688
   at L4H.UI.E2E.Tests.CitizenshipNaturalizationTests.Citizenship_Interview_Scheduling_Test() in C:\programming\L4HProject\tests\ui.e2e\CitizenshipNaturalizationTests.cs:line 717
--- End of stack trace from previous location ---
  Standard Output Messages:
 Registering Permanent Resident for citizenship: interview-schedule-68fcaa31@law4hire.com
 CONSOLE [debug]: [vite] connecting...
 CONSOLE [debug]: [vite] connected.
 CONSOLE [info]: %cDownload the React DevTools for a better development experience: https://reactjs.org/link/react-devtools font-weight:bold
 CONSOLE [warning]: i18next::languageUtils: rejecting language code not found in supportedLngs: en
 CONSOLE [warning]: i18next::languageUtils: rejecting language code not found in supportedLngs: en-US
 CONSOLE [warning]: i18next::languageUtils: rejecting language code not found in supportedLngs: en
 CONSOLE [warning]: i18next::languageUtils: rejecting language code not found in supportedLngs: en-US
 CONSOLE [warning]: i18next::languageUtils: rejecting language code not found in supportedLngs: en
 CONSOLE [warning]: i18next::languageUtils: rejecting language code not found in supportedLngs: en-US
 CONSOLE [warning]: i18next::languageUtils: rejecting language code not found in supportedLngs: en
 CONSOLE [warning]: i18next::languageUtils: rejecting language code not found in supportedLngs: en-US
 CONSOLE [warning]: i18next::languageUtils: rejecting language code not found in supportedLngs: en
 CONSOLE [warning]: i18next::languageUtils: rejecting language code not found in supportedLngs: en-US
 CONSOLE [info]: Language changed to: en-US
 CONSOLE [info]: Language changed to: en-US
 CONSOLE [log]: i18next: languageChanged en-US
 CONSOLE [log]: i18next: initialized {debug: true, initImmediate: true, ns: Array(1), defaultNS: common, fallbackLng: Array(1)}
 CONSOLE [info]: i18next initialized with options: {debug: true, initImmediate: true, ns: Array(1), defaultNS: common, fallbackLng: Array(1)}
 CONSOLE [info]: i18next initialized with language: en-US
 CONSOLE [warning]: i18next::languageUtils: rejecting language code not found in supportedLngs: en
 CONSOLE [warning]: i18next::languageUtils: rejecting language code not found in supportedLngs: en-US
 CONSOLE [warning]: i18next::languageUtils: rejecting language code not found in supportedLngs: en
 CONSOLE [warning]: i18next::languageUtils: rejecting language code not found in supportedLngs: en-US
 CONSOLE [warning]: i18next::languageUtils: rejecting language code not found in supportedLngs: en
 CONSOLE [warning]: i18next::languageUtils: rejecting language code not found in supportedLngs: en-US
 CONSOLE [warning]: i18next::languageUtils: rejecting language code not found in supportedLngs: en
 CONSOLE [warning]: i18next::languageUtils: rejecting language code not found in supportedLngs: en-US
 CONSOLE [info]: Language changed to: en-US
 CONSOLE [info]: Language changed to: en-US
 CONSOLE [log]: i18next: languageChanged en-US
 CONSOLE [warning]: i18next: init: i18next is already initialized. You should call init just once!
 CONSOLE [log]: i18next: initialized {debug: true, initImmediate: true, ns: Array(1), defaultNS: common, fallbackLng: Array(1)}
 CONSOLE [info]: i18next initialized with options: {debug: true, initImmediate: true, ns: Array(1), defaultNS: common, fallbackLng: Array(1)}
 CONSOLE [warning]: <Router basename="/law4hire"> is not able to match the URL "/register" because it does not start with the basename, so the <Router> won't render anything.
 CONSOLE [warning]: <Router basename="/law4hire"> is not able to match the URL "/register" because it does not start with the basename, so the <Router> won't render anything.
 CONSOLE [warning]: ⚠️ React Router Future Flag Warning: React Router will begin wrapping state updates in `React.startTransition` in v7. You can use the `v7_startTransition` future flag to opt-in early. For more information, see https://reactrouter.com/v6/upgrading/future#v7_starttransition.
 CONSOLE [warning]: ⚠️ React Router Future Flag Warning: Relative route resolution within Splat routes is changing in v7. You can use the `v7_relativeSplatPath` future flag to opt-in early. For more information, see https://reactrouter.com/v6/upgrading/future#v7_relativesplatpath.


  Failed 🌐 Korean (ko-KR) Localization Test [11 s]
  Error Message:
   System.TimeoutException : Timeout 10000ms exceeded.
Call log:
  - waiting for Locator("input[name='email']") to be visible
  Stack Trace:
     at Microsoft.Playwright.Transport.Connection.InnerSendMessageToServerAsync[T](ChannelOwnerBase object, String method, Dictionary`2 dictionary, Boolean keepNulls) in /_/src/Playwright/Transport/Connection.cs:line 209
   at Microsoft.Playwright.Transport.Connection.WrapApiCallAsync[T](Func`1 action, Boolean isInternal)
   at Microsoft.Playwright.Core.Frame.WaitForSelectorAsync(String selector, FrameWaitForSelectorOptions options) in /_/src/Playwright/Core/Frame.cs:line 527
   at L4H.UI.E2E.Tests.ComprehensiveVisualStudioUITests.RegisterUser(IPage page, String email, String firstName, String lastName, String nationality, String dateOfBirth) in C:\programming\L4HProject\tests\ui.e2e\ComprehensiveVisualStudioUITests.cs:line 51
   at L4H.UI.E2E.Tests.ComprehensiveVisualStudioUITests.Korean_Localization_Test() in C:\programming\L4HProject\tests\ui.e2e\ComprehensiveVisualStudioUITests.cs:line 807
   at L4H.UI.E2E.Tests.ComprehensiveVisualStudioUITests.Korean_Localization_Test() in C:\programming\L4HProject\tests\ui.e2e\ComprehensiveVisualStudioUITests.cs:line 813
--- End of stack trace from previous location ---
  Standard Output Messages:
 Registering user: korean-test-31ce3872@testing.com
 CONSOLE [debug]: [vite] connecting...
 CONSOLE [debug]: [vite] connected.
 CONSOLE [info]: %cDownload the React DevTools for a better development experience: https://reactjs.org/link/react-devtools font-weight:bold
 CONSOLE [warning]: i18next::languageUtils: rejecting language code not found in supportedLngs: en
 CONSOLE [warning]: i18next::languageUtils: rejecting language code not found in supportedLngs: en-US
 CONSOLE [warning]: i18next::languageUtils: rejecting language code not found in supportedLngs: en
 CONSOLE [warning]: i18next::languageUtils: rejecting language code not found in supportedLngs: en-US
 CONSOLE [warning]: i18next::languageUtils: rejecting language code not found in supportedLngs: en
 CONSOLE [warning]: i18next::languageUtils: rejecting language code not found in supportedLngs: en-US
 CONSOLE [warning]: i18next::languageUtils: rejecting language code not found in supportedLngs: en
 CONSOLE [warning]: i18next::languageUtils: rejecting language code not found in supportedLngs: en-US
 CONSOLE [warning]: i18next::languageUtils: rejecting language code not found in supportedLngs: en
 CONSOLE [warning]: i18next::languageUtils: rejecting language code not found in supportedLngs: en-US
 CONSOLE [info]: Language changed to: en-US
 CONSOLE [info]: Language changed to: en-US
 CONSOLE [log]: i18next: languageChanged en-US
 CONSOLE [log]: i18next: initialized {debug: true, initImmediate: true, ns: Array(1), defaultNS: common, fallbackLng: Array(1)}
 CONSOLE [info]: i18next initialized with options: {debug: true, initImmediate: true, ns: Array(1), defaultNS: common, fallbackLng: Array(1)}
 CONSOLE [info]: i18next initialized with language: en-US
 CONSOLE [warning]: i18next::languageUtils: rejecting language code not found in supportedLngs: en
 CONSOLE [warning]: i18next::languageUtils: rejecting language code not found in supportedLngs: en-US
 CONSOLE [warning]: i18next::languageUtils: rejecting language code not found in supportedLngs: en
 CONSOLE [warning]: i18next::languageUtils: rejecting language code not found in supportedLngs: en-US
 CONSOLE [warning]: i18next::languageUtils: rejecting language code not found in supportedLngs: en
 CONSOLE [warning]: i18next::languageUtils: rejecting language code not found in supportedLngs: en-US
 CONSOLE [warning]: i18next::languageUtils: rejecting language code not found in supportedLngs: en
 CONSOLE [warning]: i18next::languageUtils: rejecting language code not found in supportedLngs: en-US
 CONSOLE [info]: Language changed to: en-US
 CONSOLE [info]: Language changed to: en-US
 CONSOLE [log]: i18next: languageChanged en-US
 CONSOLE [warning]: i18next: init: i18next is already initialized. You should call init just once!
 CONSOLE [log]: i18next: initialized {debug: true, initImmediate: true, ns: Array(1), defaultNS: common, fallbackLng: Array(1)}
 CONSOLE [info]: i18next initialized with options: {debug: true, initImmediate: true, ns: Array(1), defaultNS: common, fallbackLng: Array(1)}
 CONSOLE [warning]: <Router basename="/law4hire"> is not able to match the URL "/register" because it does not start with the basename, so the <Router> won't render anything.
 CONSOLE [warning]: <Router basename="/law4hire"> is not able to match the URL "/register" because it does not start with the basename, so the <Router> won't render anything.
 CONSOLE [warning]: ⚠️ React Router Future Flag Warning: React Router will begin wrapping state updates in `React.startTransition` in v7. You can use the `v7_startTransition` future flag to opt-in early. For more information, see https://reactrouter.com/v6/upgrading/future#v7_starttransition.
 CONSOLE [warning]: ⚠️ React Router Future Flag Warning: Relative route resolution within Splat routes is changing in v7. You can use the `v7_relativeSplatPath` future flag to opt-in early. For more information, see https://reactrouter.com/v6/upgrading/future#v7_relativesplatpath.


  Failed L4H.UI.E2E.Tests.L4H_E2E_Tests.L4H_Register_Page_Localization_Test [31 s]
  Error Message:
   System.TimeoutException : Timeout 30000ms exceeded.
Call log:
  - waiting for Locator("body") to be visible
  -   locator resolved to hidden <body>…</body>
  -   locator resolved to hidden <body>…</body>
  -   locator resolved to hidden <body>…</body>
  -   locator resolved to hidden <body>…</body>
  -   locator resolved to hidden <body>…</body>
  -   locator resolved to hidden <body>…</body>
  -   locator resolved to hidden <body>…</body>
  -   locator resolved to hidden <body>…</body>
  -   locator resolved to hidden <body>…</body>
  -   locator resolved to hidden <body>…</body>
  -   locator resolved to hidden <body>…</body>
  -   locator resolved to hidden <body>…</body>
  -   locator resolved to hidden <body>…</body>
  -   locator resolved to hidden <body>…</body>
  -   locator resolved to hidden <body>…</body>
  -   locator resolved to hidden <body>…</body>
  -   locator resolved to hidden <body>…</body>
  -   locator resolved to hidden <body>…</body>
  -   locator resolved to hidden <body>…</body>
  -   locator resolved to hidden <body>…</body>
  -   locator resolved to hidden <body>…</body>
  -   locator resolved to hidden <body>…</body>
  -   locator resolved to hidden <body>…</body>
  -   locator resolved to hidden <body>…</body>
  -   locator resolved to hidden <body>…</body>
  -   locator resolved to hidden <body>…</body>
  -   locator resolved to hidden <body>…</body>
  -   locator resolved to hidden <body>…</body>
  -   locator resolved to hidden <body>…</body>
  -   locator resolved to hidden <body>…</body>
  -   locator resolved to hidden <body>…</body>
  -   locator resolved to hidden <body>…</body>
  -   locator resolved to hidden <body>…</body>
  -   locator resolved to hidden <body>…</body>
  -   locator resolved to hidden <body>…</body>
  -   locator resolved to hidden <body>…</body>
  -   locator resolved to hidden <body>…</body>
  -   locator resolved to hidden <body>…</body>
  -   locator resolved to hidden <body>…</body>
  -   locator resolved to hidden <body>…</body>
  -   locator resolved to hidden <body>…</body>
  -   locator resolved to hidden <body>…</body>
  -   locator resolved to hidden <body>…</body>
  -   locator resolved to hidden <body>…</body>
  -   locator resolved to hidden <body>…</body>
  -   locator resolved to hidden <body>…</body>
  -   locator resolved to hidden <body>…</body>
  -   locator resolved to hidden <body>…</body>
  -   locator resolved to hidden <body>…</body>
  -   locator resolved to hidden <body>…</body>
  -   locator resolved to hidden <body>…</body>
  -   locator resolved to hidden <body>…</body>
  -   locator resolved to hidden <body>…</body>
  -   locator resolved to hidden <body>…</body>
  -   locator resolved to hidden <body>…</body>
  -   locator resolved to hidden <body>…</body>
  -   locator resolved to hidden <body>…</body>
  -   locator resolved to hidden <body>…</body>
  -   locator resolved to hidden <body>…</body>
  -   locator resolved to hidden <body>…</body>
  -   locator resolved to hidden <body>…</body>
  -   locator resolved to hidden <body>…</body>
  -   locator resolved to hidden <body>…</body>
  Stack Trace:
     at Microsoft.Playwright.Transport.Connection.InnerSendMessageToServerAsync[T](ChannelOwnerBase object, String method, Dictionary`2 dictionary, Boolean keepNulls) in /_/src/Playwright/Transport/Connection.cs:line 209
   at Microsoft.Playwright.Transport.Connection.WrapApiCallAsync[T](Func`1 action, Boolean isInternal)
   at Microsoft.Playwright.Core.Frame.WaitForSelectorAsync(String selector, FrameWaitForSelectorOptions options) in /_/src/Playwright/Core/Frame.cs:line 527
   at L4H.UI.E2E.Tests.L4H_E2E_Tests.TestPageLocalization(IPage page, String url, String pageName, String[] expectedTranslationKeys) in C:\programming\L4HProject\tests\ui.e2e\L4H_E2E_Tests.cs:line 181
   at L4H.UI.E2E.Tests.L4H_E2E_Tests.L4H_Register_Page_Localization_Test() in C:\programming\L4HProject\tests\ui.e2e\L4H_E2E_Tests.cs:line 79
   at L4H.UI.E2E.Tests.L4H_E2E_Tests.L4H_Register_Page_Localization_Test() in C:\programming\L4HProject\tests\ui.e2e\L4H_E2E_Tests.cs:line 87
--- End of stack trace from previous location ---
  Failed 🇮🇳 Hindi (hi-IN) Localization Test [11 s]
  Error Message:
   System.TimeoutException : Timeout 10000ms exceeded.
Call log:
  - waiting for Locator("input[name='email']") to be visible
  Stack Trace:
     at Microsoft.Playwright.Transport.Connection.InnerSendMessageToServerAsync[T](ChannelOwnerBase object, String method, Dictionary`2 dictionary, Boolean keepNulls) in /_/src/Playwright/Transport/Connection.cs:line 209
   at Microsoft.Playwright.Transport.Connection.WrapApiCallAsync[T](Func`1 action, Boolean isInternal)
   at Microsoft.Playwright.Core.Frame.WaitForSelectorAsync(String selector, FrameWaitForSelectorOptions options) in /_/src/Playwright/Core/Frame.cs:line 527
   at L4H.UI.E2E.Tests.LocalizationComprehensiveTests.RegisterUserForLanguage(IPage page, String languageCode, LanguageInfo langInfo) in C:\programming\L4HProject\tests\ui.e2e\LocalizationComprehensiveTests.cs:line 73
   at L4H.UI.E2E.Tests.LocalizationComprehensiveTests.Hindi_Localization_Test() in C:\programming\L4HProject\tests\ui.e2e\LocalizationComprehensiveTests.cs:line 366
   at L4H.UI.E2E.Tests.LocalizationComprehensiveTests.Hindi_Localization_Test() in C:\programming\L4HProject\tests\ui.e2e\LocalizationComprehensiveTests.cs:line 378
--- End of stack trace from previous location ---
  Standard Output Messages:
 Registering user for Hindi (hi-IN): hi-IN-test-e477816b@testing.com
 CONSOLE [debug]: [vite] connecting...
 CONSOLE [debug]: [vite] connected.
 CONSOLE [info]: %cDownload the React DevTools for a better development experience: https://reactjs.org/link/react-devtools font-weight:bold
 CONSOLE [warning]: i18next::languageUtils: rejecting language code not found in supportedLngs: en
 CONSOLE [warning]: i18next::languageUtils: rejecting language code not found in supportedLngs: en-US
 CONSOLE [warning]: i18next::languageUtils: rejecting language code not found in supportedLngs: en
 CONSOLE [warning]: i18next::languageUtils: rejecting language code not found in supportedLngs: en-US
 CONSOLE [warning]: i18next::languageUtils: rejecting language code not found in supportedLngs: en
 CONSOLE [warning]: i18next::languageUtils: rejecting language code not found in supportedLngs: en-US
 CONSOLE [warning]: i18next::languageUtils: rejecting language code not found in supportedLngs: en
 CONSOLE [warning]: i18next::languageUtils: rejecting language code not found in supportedLngs: en-US
 CONSOLE [warning]: i18next::languageUtils: rejecting language code not found in supportedLngs: en
 CONSOLE [warning]: i18next::languageUtils: rejecting language code not found in supportedLngs: en-US
 CONSOLE [info]: Language changed to: en-US
 CONSOLE [info]: Language changed to: en-US
 CONSOLE [log]: i18next: languageChanged en-US
 CONSOLE [log]: i18next: initialized {debug: true, initImmediate: true, ns: Array(1), defaultNS: common, fallbackLng: Array(1)}
 CONSOLE [info]: i18next initialized with options: {debug: true, initImmediate: true, ns: Array(1), defaultNS: common, fallbackLng: Array(1)}
 CONSOLE [info]: i18next initialized with language: en-US
 CONSOLE [warning]: i18next::languageUtils: rejecting language code not found in supportedLngs: en
 CONSOLE [warning]: i18next::languageUtils: rejecting language code not found in supportedLngs: en-US
 CONSOLE [warning]: i18next::languageUtils: rejecting language code not found in supportedLngs: en
 CONSOLE [warning]: i18next::languageUtils: rejecting language code not found in supportedLngs: en-US
 CONSOLE [warning]: i18next::languageUtils: rejecting language code not found in supportedLngs: en
 CONSOLE [warning]: i18next::languageUtils: rejecting language code not found in supportedLngs: en-US
 CONSOLE [warning]: i18next::languageUtils: rejecting language code not found in supportedLngs: en
 CONSOLE [warning]: i18next::languageUtils: rejecting language code not found in supportedLngs: en-US
 CONSOLE [info]: Language changed to: en-US
 CONSOLE [info]: Language changed to: en-US
 CONSOLE [log]: i18next: languageChanged en-US
 CONSOLE [warning]: i18next: init: i18next is already initialized. You should call init just once!
 CONSOLE [log]: i18next: initialized {debug: true, initImmediate: true, ns: Array(1), defaultNS: common, fallbackLng: Array(1)}
 CONSOLE [info]: i18next initialized with options: {debug: true, initImmediate: true, ns: Array(1), defaultNS: common, fallbackLng: Array(1)}
 CONSOLE [warning]: <Router basename="/law4hire"> is not able to match the URL "/register" because it does not start with the basename, so the <Router> won't render anything.
 CONSOLE [warning]: <Router basename="/law4hire"> is not able to match the URL "/register" because it does not start with the basename, so the <Router> won't render anything.
 CONSOLE [warning]: ⚠️ React Router Future Flag Warning: React Router will begin wrapping state updates in `React.startTransition` in v7. You can use the `v7_startTransition` future flag to opt-in early. For more information, see https://reactrouter.com/v6/upgrading/future#v7_starttransition.
 CONSOLE [warning]: ⚠️ React Router Future Flag Warning: Relative route resolution within Splat routes is changing in v7. You can use the `v7_relativeSplatPath` future flag to opt-in early. For more information, see https://reactrouter.com/v6/upgrading/future#v7_relativesplatpath.


  Failed L4H.UI.E2E.Tests.Comprehensive_Visa_E2E_Tests.TN_Visa_NAFTA_Professional_Canadian_Test [11 s]
  Error Message:
   System.TimeoutException : Timeout 10000ms exceeded.
Call log:
  - waiting for Locator("input[name='email']") to be visible
  Stack Trace:
     at Microsoft.Playwright.Transport.Connection.InnerSendMessageToServerAsync[T](ChannelOwnerBase object, String method, Dictionary`2 dictionary, Boolean keepNulls) in /_/src/Playwright/Transport/Connection.cs:line 209
   at Microsoft.Playwright.Transport.Connection.WrapApiCallAsync[T](Func`1 action, Boolean isInternal)
   at Microsoft.Playwright.Core.Frame.WaitForSelectorAsync(String selector, FrameWaitForSelectorOptions options) in /_/src/Playwright/Core/Frame.cs:line 527
   at L4H.UI.E2E.Tests.Comprehensive_Visa_E2E_Tests.RegisterUser(IPage page, String email, String firstName, String lastName) in C:\programming\L4HProject\tests\ui.e2e\Comprehensive_Visa_E2E_Tests.cs:line 36
   at L4H.UI.E2E.Tests.Comprehensive_Visa_E2E_Tests.TN_Visa_NAFTA_Professional_Canadian_Test() in C:\programming\L4HProject\tests\ui.e2e\Comprehensive_Visa_E2E_Tests.cs:line 583
   at L4H.UI.E2E.Tests.Comprehensive_Visa_E2E_Tests.TN_Visa_NAFTA_Professional_Canadian_Test() in C:\programming\L4HProject\tests\ui.e2e\Comprehensive_Visa_E2E_Tests.cs:line 602
--- End of stack trace from previous location ---
  Failed 🇲🇽→🇺🇸 Mexican Permanent Resident → N-400 Naturalization [11 s]
  Error Message:
   System.TimeoutException : Timeout 10000ms exceeded.
Call log:
  - waiting for Locator("input[name='email']") to be visible
  Stack Trace:
     at Microsoft.Playwright.Transport.Connection.InnerSendMessageToServerAsync[T](ChannelOwnerBase object, String method, Dictionary`2 dictionary, Boolean keepNulls) in /_/src/Playwright/Transport/Connection.cs:line 209
   at Microsoft.Playwright.Transport.Connection.WrapApiCallAsync[T](Func`1 action, Boolean isInternal)
   at Microsoft.Playwright.Core.Frame.WaitForSelectorAsync(String selector, FrameWaitForSelectorOptions options) in /_/src/Playwright/Core/Frame.cs:line 527
   at L4H.UI.E2E.Tests.CitizenshipNaturalizationTests.RegisterPermanentResident(IPage page, String email, String firstName, String lastName, String nationality) in C:\programming\L4HProject\tests\ui.e2e\CitizenshipNaturalizationTests.cs:line 47
   at L4H.UI.E2E.Tests.CitizenshipNaturalizationTests.Mexican_PermanentResident_N400_Naturalization_Test() in C:\programming\L4HProject\tests\ui.e2e\CitizenshipNaturalizationTests.cs:line 232
   at L4H.UI.E2E.Tests.CitizenshipNaturalizationTests.Mexican_PermanentResident_N400_Naturalization_Test() in C:\programming\L4HProject\tests\ui.e2e\CitizenshipNaturalizationTests.cs:line 266
--- End of stack trace from previous location ---
  Standard Output Messages:
 Registering Permanent Resident for citizenship: n400-mexico-060a09e1@law4hire.com
 CONSOLE [debug]: [vite] connecting...
 CONSOLE [debug]: [vite] connected.
 CONSOLE [info]: %cDownload the React DevTools for a better development experience: https://reactjs.org/link/react-devtools font-weight:bold
 CONSOLE [warning]: i18next::languageUtils: rejecting language code not found in supportedLngs: en
 CONSOLE [warning]: i18next::languageUtils: rejecting language code not found in supportedLngs: en-US
 CONSOLE [warning]: i18next::languageUtils: rejecting language code not found in supportedLngs: en
 CONSOLE [warning]: i18next::languageUtils: rejecting language code not found in supportedLngs: en-US
 CONSOLE [warning]: i18next::languageUtils: rejecting language code not found in supportedLngs: en
 CONSOLE [warning]: i18next::languageUtils: rejecting language code not found in supportedLngs: en-US
 CONSOLE [warning]: i18next::languageUtils: rejecting language code not found in supportedLngs: en
 CONSOLE [warning]: i18next::languageUtils: rejecting language code not found in supportedLngs: en-US
 CONSOLE [warning]: i18next::languageUtils: rejecting language code not found in supportedLngs: en
 CONSOLE [warning]: i18next::languageUtils: rejecting language code not found in supportedLngs: en-US
 CONSOLE [info]: Language changed to: en-US
 CONSOLE [info]: Language changed to: en-US
 CONSOLE [log]: i18next: languageChanged en-US
 CONSOLE [log]: i18next: initialized {debug: true, initImmediate: true, ns: Array(1), defaultNS: common, fallbackLng: Array(1)}
 CONSOLE [info]: i18next initialized with options: {debug: true, initImmediate: true, ns: Array(1), defaultNS: common, fallbackLng: Array(1)}
 CONSOLE [info]: i18next initialized with language: en-US
 CONSOLE [warning]: i18next::languageUtils: rejecting language code not found in supportedLngs: en
 CONSOLE [warning]: i18next::languageUtils: rejecting language code not found in supportedLngs: en-US
 CONSOLE [warning]: i18next::languageUtils: rejecting language code not found in supportedLngs: en
 CONSOLE [warning]: i18next::languageUtils: rejecting language code not found in supportedLngs: en-US
 CONSOLE [warning]: i18next::languageUtils: rejecting language code not found in supportedLngs: en
 CONSOLE [warning]: i18next::languageUtils: rejecting language code not found in supportedLngs: en-US
 CONSOLE [warning]: i18next::languageUtils: rejecting language code not found in supportedLngs: en
 CONSOLE [warning]: i18next::languageUtils: rejecting language code not found in supportedLngs: en-US
 CONSOLE [info]: Language changed to: en-US
 CONSOLE [info]: Language changed to: en-US
 CONSOLE [log]: i18next: languageChanged en-US
 CONSOLE [warning]: i18next: init: i18next is already initialized. You should call init just once!
 CONSOLE [log]: i18next: initialized {debug: true, initImmediate: true, ns: Array(1), defaultNS: common, fallbackLng: Array(1)}
 CONSOLE [info]: i18next initialized with options: {debug: true, initImmediate: true, ns: Array(1), defaultNS: common, fallbackLng: Array(1)}
 CONSOLE [warning]: <Router basename="/law4hire"> is not able to match the URL "/register" because it does not start with the basename, so the <Router> won't render anything.
 CONSOLE [warning]: <Router basename="/law4hire"> is not able to match the URL "/register" because it does not start with the basename, so the <Router> won't render anything.
 CONSOLE [warning]: ⚠️ React Router Future Flag Warning: React Router will begin wrapping state updates in `React.startTransition` in v7. You can use the `v7_startTransition` future flag to opt-in early. For more information, see https://reactrouter.com/v6/upgrading/future#v7_starttransition.
 CONSOLE [warning]: ⚠️ React Router Future Flag Warning: Relative route resolution within Splat routes is changing in v7. You can use the `v7_relativeSplatPath` future flag to opt-in early. For more information, see https://reactrouter.com/v6/upgrading/future#v7_relativesplatpath.



Passed!  - Failed:     0, Passed:   220, Skipped:     0, Total:   220, Duration: 2 m 1 s - L4H.Api.Tests.dll (net9.0)
  Failed 🌐 Urdu (ur-PK) Localization Test [11 s]
  Error Message:
   System.TimeoutException : Timeout 10000ms exceeded.
Call log:
  - waiting for Locator("input[name='email']") to be visible
  Stack Trace:
     at Microsoft.Playwright.Transport.Connection.InnerSendMessageToServerAsync[T](ChannelOwnerBase object, String method, Dictionary`2 dictionary, Boolean keepNulls) in /_/src/Playwright/Transport/Connection.cs:line 209
   at Microsoft.Playwright.Transport.Connection.WrapApiCallAsync[T](Func`1 action, Boolean isInternal)
   at Microsoft.Playwright.Core.Frame.WaitForSelectorAsync(String selector, FrameWaitForSelectorOptions options) in /_/src/Playwright/Core/Frame.cs:line 527
   at L4H.UI.E2E.Tests.ComprehensiveVisualStudioUITests.RegisterUser(IPage page, String email, String firstName, String lastName, String nationality, String dateOfBirth) in C:\programming\L4HProject\tests\ui.e2e\ComprehensiveVisualStudioUITests.cs:line 51
   at L4H.UI.E2E.Tests.ComprehensiveVisualStudioUITests.Urdu_Localization_Test() in C:\programming\L4HProject\tests\ui.e2e\ComprehensiveVisualStudioUITests.cs:line 855
   at L4H.UI.E2E.Tests.ComprehensiveVisualStudioUITests.Urdu_Localization_Test() in C:\programming\L4HProject\tests\ui.e2e\ComprehensiveVisualStudioUITests.cs:line 866
--- End of stack trace from previous location ---
  Standard Output Messages:
 Registering user: urdu-test-1527960b@law4hire.com
 CONSOLE [debug]: [vite] connecting...
 CONSOLE [debug]: [vite] connected.
 CONSOLE [info]: %cDownload the React DevTools for a better development experience: https://reactjs.org/link/react-devtools font-weight:bold
 CONSOLE [warning]: i18next::languageUtils: rejecting language code not found in supportedLngs: en
 CONSOLE [warning]: i18next::languageUtils: rejecting language code not found in supportedLngs: en-US
 CONSOLE [warning]: i18next::languageUtils: rejecting language code not found in supportedLngs: en
 CONSOLE [warning]: i18next::languageUtils: rejecting language code not found in supportedLngs: en-US
 CONSOLE [warning]: i18next::languageUtils: rejecting language code not found in supportedLngs: en
 CONSOLE [warning]: i18next::languageUtils: rejecting language code not found in supportedLngs: en-US
 CONSOLE [warning]: i18next::languageUtils: rejecting language code not found in supportedLngs: en
 CONSOLE [warning]: i18next::languageUtils: rejecting language code not found in supportedLngs: en-US
 CONSOLE [warning]: i18next::languageUtils: rejecting language code not found in supportedLngs: en
 CONSOLE [warning]: i18next::languageUtils: rejecting language code not found in supportedLngs: en-US
 CONSOLE [info]: Language changed to: en-US
 CONSOLE [info]: Language changed to: en-US
 CONSOLE [log]: i18next: languageChanged en-US
 CONSOLE [log]: i18next: initialized {debug: true, initImmediate: true, ns: Array(1), defaultNS: common, fallbackLng: Array(1)}
 CONSOLE [info]: i18next initialized with options: {debug: true, initImmediate: true, ns: Array(1), defaultNS: common, fallbackLng: Array(1)}
 CONSOLE [info]: i18next initialized with language: en-US
 CONSOLE [warning]: i18next::languageUtils: rejecting language code not found in supportedLngs: en
 CONSOLE [warning]: i18next::languageUtils: rejecting language code not found in supportedLngs: en-US
 CONSOLE [warning]: i18next::languageUtils: rejecting language code not found in supportedLngs: en
 CONSOLE [warning]: i18next::languageUtils: rejecting language code not found in supportedLngs: en-US
 CONSOLE [warning]: i18next::languageUtils: rejecting language code not found in supportedLngs: en
 CONSOLE [warning]: i18next::languageUtils: rejecting language code not found in supportedLngs: en-US
 CONSOLE [warning]: i18next::languageUtils: rejecting language code not found in supportedLngs: en
 CONSOLE [warning]: i18next::languageUtils: rejecting language code not found in supportedLngs: en-US
 CONSOLE [info]: Language changed to: en-US
 CONSOLE [info]: Language changed to: en-US
 CONSOLE [log]: i18next: languageChanged en-US
 CONSOLE [warning]: i18next: init: i18next is already initialized. You should call init just once!
 CONSOLE [log]: i18next: initialized {debug: true, initImmediate: true, ns: Array(1), defaultNS: common, fallbackLng: Array(1)}
 CONSOLE [info]: i18next initialized with options: {debug: true, initImmediate: true, ns: Array(1), defaultNS: common, fallbackLng: Array(1)}
 CONSOLE [warning]: <Router basename="/law4hire"> is not able to match the URL "/register" because it does not start with the basename, so the <Router> won't render anything.
 CONSOLE [warning]: <Router basename="/law4hire"> is not able to match the URL "/register" because it does not start with the basename, so the <Router> won't render anything.
 CONSOLE [warning]: ⚠️ React Router Future Flag Warning: React Router will begin wrapping state updates in `React.startTransition` in v7. You can use the `v7_startTransition` future flag to opt-in early. For more information, see https://reactrouter.com/v6/upgrading/future#v7_starttransition.
 CONSOLE [warning]: ⚠️ React Router Future Flag Warning: Relative route resolution within Splat routes is changing in v7. You can use the `v7_relativeSplatPath` future flag to opt-in early. For more information, see https://reactrouter.com/v6/upgrading/future#v7_relativesplatpath.


  Failed 🇨🇳 Chinese Simplified (zh-CN) Localization Test [11 s]
  Error Message:
   System.TimeoutException : Timeout 10000ms exceeded.
Call log:
  - waiting for Locator("input[name='email']") to be visible
  Stack Trace:
     at Microsoft.Playwright.Transport.Connection.InnerSendMessageToServerAsync[T](ChannelOwnerBase object, String method, Dictionary`2 dictionary, Boolean keepNulls) in /_/src/Playwright/Transport/Connection.cs:line 209
   at Microsoft.Playwright.Transport.Connection.WrapApiCallAsync[T](Func`1 action, Boolean isInternal)
   at Microsoft.Playwright.Core.Frame.WaitForSelectorAsync(String selector, FrameWaitForSelectorOptions options) in /_/src/Playwright/Core/Frame.cs:line 527
   at L4H.UI.E2E.Tests.LocalizationComprehensiveTests.RegisterUserForLanguage(IPage page, String languageCode, LanguageInfo langInfo) in C:\programming\L4HProject\tests\ui.e2e\LocalizationComprehensiveTests.cs:line 73
   at L4H.UI.E2E.Tests.LocalizationComprehensiveTests.ChineseSimplified_Localization_Test() in C:\programming\L4HProject\tests\ui.e2e\LocalizationComprehensiveTests.cs:line 281
   at L4H.UI.E2E.Tests.LocalizationComprehensiveTests.ChineseSimplified_Localization_Test() in C:\programming\L4HProject\tests\ui.e2e\LocalizationComprehensiveTests.cs:line 293
--- End of stack trace from previous location ---
  Standard Output Messages:
 Registering user for Chinese Simplified (zh-CN): zh-CN-test-24f12511@testing.com
 CONSOLE [debug]: [vite] connecting...
 CONSOLE [debug]: [vite] connected.
 CONSOLE [info]: %cDownload the React DevTools for a better development experience: https://reactjs.org/link/react-devtools font-weight:bold
 CONSOLE [warning]: i18next::languageUtils: rejecting language code not found in supportedLngs: en
 CONSOLE [warning]: i18next::languageUtils: rejecting language code not found in supportedLngs: en-US
 CONSOLE [warning]: i18next::languageUtils: rejecting language code not found in supportedLngs: en
 CONSOLE [warning]: i18next::languageUtils: rejecting language code not found in supportedLngs: en-US
 CONSOLE [warning]: i18next::languageUtils: rejecting language code not found in supportedLngs: en
 CONSOLE [warning]: i18next::languageUtils: rejecting language code not found in supportedLngs: en-US
 CONSOLE [warning]: i18next::languageUtils: rejecting language code not found in supportedLngs: en
 CONSOLE [warning]: i18next::languageUtils: rejecting language code not found in supportedLngs: en-US
 CONSOLE [warning]: i18next::languageUtils: rejecting language code not found in supportedLngs: en
 CONSOLE [warning]: i18next::languageUtils: rejecting language code not found in supportedLngs: en-US
 CONSOLE [info]: Language changed to: en-US
 CONSOLE [info]: Language changed to: en-US
 CONSOLE [log]: i18next: languageChanged en-US
 CONSOLE [log]: i18next: initialized {debug: true, initImmediate: true, ns: Array(1), defaultNS: common, fallbackLng: Array(1)}
 CONSOLE [info]: i18next initialized with options: {debug: true, initImmediate: true, ns: Array(1), defaultNS: common, fallbackLng: Array(1)}
 CONSOLE [info]: i18next initialized with language: en-US
 CONSOLE [warning]: i18next::languageUtils: rejecting language code not found in supportedLngs: en
 CONSOLE [warning]: i18next::languageUtils: rejecting language code not found in supportedLngs: en-US
 CONSOLE [warning]: i18next::languageUtils: rejecting language code not found in supportedLngs: en
 CONSOLE [warning]: i18next::languageUtils: rejecting language code not found in supportedLngs: en-US
 CONSOLE [warning]: i18next::languageUtils: rejecting language code not found in supportedLngs: en
 CONSOLE [warning]: i18next::languageUtils: rejecting language code not found in supportedLngs: en-US
 CONSOLE [warning]: i18next::languageUtils: rejecting language code not found in supportedLngs: en
 CONSOLE [warning]: i18next::languageUtils: rejecting language code not found in supportedLngs: en-US
 CONSOLE [info]: Language changed to: en-US
 CONSOLE [info]: Language changed to: en-US
 CONSOLE [log]: i18next: languageChanged en-US
 CONSOLE [warning]: i18next: init: i18next is already initialized. You should call init just once!
 CONSOLE [log]: i18next: initialized {debug: true, initImmediate: true, ns: Array(1), defaultNS: common, fallbackLng: Array(1)}
 CONSOLE [info]: i18next initialized with options: {debug: true, initImmediate: true, ns: Array(1), defaultNS: common, fallbackLng: Array(1)}
 CONSOLE [warning]: <Router basename="/law4hire"> is not able to match the URL "/register" because it does not start with the basename, so the <Router> won't render anything.
 CONSOLE [warning]: <Router basename="/law4hire"> is not able to match the URL "/register" because it does not start with the basename, so the <Router> won't render anything.
 CONSOLE [warning]: ⚠️ React Router Future Flag Warning: React Router will begin wrapping state updates in `React.startTransition` in v7. You can use the `v7_startTransition` future flag to opt-in early. For more information, see https://reactrouter.com/v6/upgrading/future#v7_starttransition.
 CONSOLE [warning]: ⚠️ React Router Future Flag Warning: Relative route resolution within Splat routes is changing in v7. You can use the `v7_relativeSplatPath` future flag to opt-in early. For more information, see https://reactrouter.com/v6/upgrading/future#v7_relativesplatpath.


  Failed L4H.UI.E2E.Tests.Comprehensive_Visa_E2E_Tests.E1_Visa_Treaty_Trader_Test [11 s]
  Error Message:
   System.TimeoutException : Timeout 10000ms exceeded.
Call log:
  - waiting for Locator("input[name='email']") to be visible
  Stack Trace:
     at Microsoft.Playwright.Transport.Connection.InnerSendMessageToServerAsync[T](ChannelOwnerBase object, String method, Dictionary`2 dictionary, Boolean keepNulls) in /_/src/Playwright/Transport/Connection.cs:line 209
   at Microsoft.Playwright.Transport.Connection.WrapApiCallAsync[T](Func`1 action, Boolean isInternal)
   at Microsoft.Playwright.Core.Frame.WaitForSelectorAsync(String selector, FrameWaitForSelectorOptions options) in /_/src/Playwright/Core/Frame.cs:line 527
   at L4H.UI.E2E.Tests.Comprehensive_Visa_E2E_Tests.RegisterUser(IPage page, String email, String firstName, String lastName) in C:\programming\L4HProject\tests\ui.e2e\Comprehensive_Visa_E2E_Tests.cs:line 36
   at L4H.UI.E2E.Tests.Comprehensive_Visa_E2E_Tests.E1_Visa_Treaty_Trader_Test() in C:\programming\L4HProject\tests\ui.e2e\Comprehensive_Visa_E2E_Tests.cs:line 495
   at L4H.UI.E2E.Tests.Comprehensive_Visa_E2E_Tests.E1_Visa_Treaty_Trader_Test() in C:\programming\L4HProject\tests\ui.e2e\Comprehensive_Visa_E2E_Tests.cs:line 513
--- End of stack trace from previous location ---
  Failed 📚 Citizenship Test Preparation - Civics Test [11 s]
  Error Message:
   System.TimeoutException : Timeout 10000ms exceeded.
Call log:
  - waiting for Locator("input[name='email']") to be visible
  Stack Trace:
     at Microsoft.Playwright.Transport.Connection.InnerSendMessageToServerAsync[T](ChannelOwnerBase object, String method, Dictionary`2 dictionary, Boolean keepNulls) in /_/src/Playwright/Transport/Connection.cs:line 209
   at Microsoft.Playwright.Transport.Connection.WrapApiCallAsync[T](Func`1 action, Boolean isInternal)
   at Microsoft.Playwright.Core.Frame.WaitForSelectorAsync(String selector, FrameWaitForSelectorOptions options) in /_/src/Playwright/Core/Frame.cs:line 527
   at L4H.UI.E2E.Tests.CitizenshipNaturalizationTests.RegisterPermanentResident(IPage page, String email, String firstName, String lastName, String nationality) in C:\programming\L4HProject\tests\ui.e2e\CitizenshipNaturalizationTests.cs:line 47
   at L4H.UI.E2E.Tests.CitizenshipNaturalizationTests.Citizenship_Civics_Test_Preparation() in C:\programming\L4HProject\tests\ui.e2e\CitizenshipNaturalizationTests.cs:line 591
   at L4H.UI.E2E.Tests.CitizenshipNaturalizationTests.Citizenship_Civics_Test_Preparation() in C:\programming\L4HProject\tests\ui.e2e\CitizenshipNaturalizationTests.cs:line 626
--- End of stack trace from previous location ---
  Standard Output Messages:
 Registering Permanent Resident for citizenship: civics-test-prep-ad450aa5@law4hire.com
 CONSOLE [debug]: [vite] connecting...
 CONSOLE [debug]: [vite] connected.
 CONSOLE [info]: %cDownload the React DevTools for a better development experience: https://reactjs.org/link/react-devtools font-weight:bold
 CONSOLE [warning]: i18next::languageUtils: rejecting language code not found in supportedLngs: en
 CONSOLE [warning]: i18next::languageUtils: rejecting language code not found in supportedLngs: en-US
 CONSOLE [warning]: i18next::languageUtils: rejecting language code not found in supportedLngs: en
 CONSOLE [warning]: i18next::languageUtils: rejecting language code not found in supportedLngs: en-US
 CONSOLE [warning]: i18next::languageUtils: rejecting language code not found in supportedLngs: en
 CONSOLE [warning]: i18next::languageUtils: rejecting language code not found in supportedLngs: en-US
 CONSOLE [warning]: i18next::languageUtils: rejecting language code not found in supportedLngs: en
 CONSOLE [warning]: i18next::languageUtils: rejecting language code not found in supportedLngs: en-US
 CONSOLE [warning]: i18next::languageUtils: rejecting language code not found in supportedLngs: en
 CONSOLE [warning]: i18next::languageUtils: rejecting language code not found in supportedLngs: en-US
 CONSOLE [info]: Language changed to: en-US
 CONSOLE [info]: Language changed to: en-US
 CONSOLE [log]: i18next: languageChanged en-US
 CONSOLE [log]: i18next: initialized {debug: true, initImmediate: true, ns: Array(1), defaultNS: common, fallbackLng: Array(1)}
 CONSOLE [info]: i18next initialized with options: {debug: true, initImmediate: true, ns: Array(1), defaultNS: common, fallbackLng: Array(1)}
 CONSOLE [info]: i18next initialized with language: en-US
 CONSOLE [warning]: i18next::languageUtils: rejecting language code not found in supportedLngs: en
 CONSOLE [warning]: i18next::languageUtils: rejecting language code not found in supportedLngs: en-US
 CONSOLE [warning]: i18next::languageUtils: rejecting language code not found in supportedLngs: en
 CONSOLE [warning]: i18next::languageUtils: rejecting language code not found in supportedLngs: en-US
 CONSOLE [warning]: i18next::languageUtils: rejecting language code not found in supportedLngs: en
 CONSOLE [warning]: i18next::languageUtils: rejecting language code not found in supportedLngs: en-US
 CONSOLE [warning]: i18next::languageUtils: rejecting language code not found in supportedLngs: en
 CONSOLE [warning]: i18next::languageUtils: rejecting language code not found in supportedLngs: en-US
 CONSOLE [info]: Language changed to: en-US
 CONSOLE [info]: Language changed to: en-US
 CONSOLE [log]: i18next: languageChanged en-US
 CONSOLE [warning]: i18next: init: i18next is already initialized. You should call init just once!
 CONSOLE [log]: i18next: initialized {debug: true, initImmediate: true, ns: Array(1), defaultNS: common, fallbackLng: Array(1)}
 CONSOLE [info]: i18next initialized with options: {debug: true, initImmediate: true, ns: Array(1), defaultNS: common, fallbackLng: Array(1)}
 CONSOLE [warning]: <Router basename="/law4hire"> is not able to match the URL "/register" because it does not start with the basename, so the <Router> won't render anything.
 CONSOLE [warning]: <Router basename="/law4hire"> is not able to match the URL "/register" because it does not start with the basename, so the <Router> won't render anything.
 CONSOLE [warning]: ⚠️ React Router Future Flag Warning: React Router will begin wrapping state updates in `React.startTransition` in v7. You can use the `v7_startTransition` future flag to opt-in early. For more information, see https://reactrouter.com/v6/upgrading/future#v7_starttransition.
 CONSOLE [warning]: ⚠️ React Router Future Flag Warning: Relative route resolution within Splat routes is changing in v7. You can use the `v7_relativeSplatPath` future flag to opt-in early. For more information, see https://reactrouter.com/v6/upgrading/future#v7_relativesplatpath.


  Failed 🇺🇸 US Citizen → IR-4 Adoption (Child to be Adopted in US) [11 s]
  Error Message:
   System.TimeoutException : Timeout 10000ms exceeded.
Call log:
  - waiting for Locator("input[name='email']") to be visible
  Stack Trace:
     at Microsoft.Playwright.Transport.Connection.InnerSendMessageToServerAsync[T](ChannelOwnerBase object, String method, Dictionary`2 dictionary, Boolean keepNulls) in /_/src/Playwright/Transport/Connection.cs:line 209
   at Microsoft.Playwright.Transport.Connection.WrapApiCallAsync[T](Func`1 action, Boolean isInternal)
   at Microsoft.Playwright.Core.Frame.WaitForSelectorAsync(String selector, FrameWaitForSelectorOptions options) in /_/src/Playwright/Core/Frame.cs:line 527
   at L4H.UI.E2E.Tests.ComprehensiveVisualStudioUITests.RegisterUser(IPage page, String email, String firstName, String lastName, String nationality, String dateOfBirth) in C:\programming\L4HProject\tests\ui.e2e\ComprehensiveVisualStudioUITests.cs:line 51
   at L4H.UI.E2E.Tests.ComprehensiveVisualStudioUITests.USCitizen_IR4_Adoption_Child_To_US_Test() in C:\programming\L4HProject\tests\ui.e2e\ComprehensiveVisualStudioUITests.cs:line 605
   at L4H.UI.E2E.Tests.ComprehensiveVisualStudioUITests.USCitizen_IR4_Adoption_Child_To_US_Test() in C:\programming\L4HProject\tests\ui.e2e\ComprehensiveVisualStudioUITests.cs:line 627
--- End of stack trace from previous location ---
  Standard Output Messages:
 Registering user: ir4-adoption-23922b32@testing.com
 CONSOLE [debug]: [vite] connecting...
 CONSOLE [debug]: [vite] connected.
 CONSOLE [info]: %cDownload the React DevTools for a better development experience: https://reactjs.org/link/react-devtools font-weight:bold
 CONSOLE [warning]: i18next::languageUtils: rejecting language code not found in supportedLngs: en
 CONSOLE [warning]: i18next::languageUtils: rejecting language code not found in supportedLngs: en-US
 CONSOLE [warning]: i18next::languageUtils: rejecting language code not found in supportedLngs: en
 CONSOLE [warning]: i18next::languageUtils: rejecting language code not found in supportedLngs: en-US
 CONSOLE [warning]: i18next::languageUtils: rejecting language code not found in supportedLngs: en
 CONSOLE [warning]: i18next::languageUtils: rejecting language code not found in supportedLngs: en-US
 CONSOLE [warning]: i18next::languageUtils: rejecting language code not found in supportedLngs: en
 CONSOLE [warning]: i18next::languageUtils: rejecting language code not found in supportedLngs: en-US
 CONSOLE [warning]: i18next::languageUtils: rejecting language code not found in supportedLngs: en
 CONSOLE [warning]: i18next::languageUtils: rejecting language code not found in supportedLngs: en-US
 CONSOLE [info]: Language changed to: en-US
 CONSOLE [info]: Language changed to: en-US
 CONSOLE [log]: i18next: languageChanged en-US
 CONSOLE [log]: i18next: initialized {debug: true, initImmediate: true, ns: Array(1), defaultNS: common, fallbackLng: Array(1)}
 CONSOLE [info]: i18next initialized with options: {debug: true, initImmediate: true, ns: Array(1), defaultNS: common, fallbackLng: Array(1)}
 CONSOLE [info]: i18next initialized with language: en-US
 CONSOLE [warning]: i18next::languageUtils: rejecting language code not found in supportedLngs: en
 CONSOLE [warning]: i18next::languageUtils: rejecting language code not found in supportedLngs: en-US
 CONSOLE [warning]: i18next::languageUtils: rejecting language code not found in supportedLngs: en
 CONSOLE [warning]: i18next::languageUtils: rejecting language code not found in supportedLngs: en-US
 CONSOLE [warning]: i18next::languageUtils: rejecting language code not found in supportedLngs: en
 CONSOLE [warning]: i18next::languageUtils: rejecting language code not found in supportedLngs: en-US
 CONSOLE [warning]: i18next::languageUtils: rejecting language code not found in supportedLngs: en
 CONSOLE [warning]: i18next::languageUtils: rejecting language code not found in supportedLngs: en-US
 CONSOLE [info]: Language changed to: en-US
 CONSOLE [info]: Language changed to: en-US
 CONSOLE [log]: i18next: languageChanged en-US
 CONSOLE [warning]: i18next: init: i18next is already initialized. You should call init just once!
 CONSOLE [log]: i18next: initialized {debug: true, initImmediate: true, ns: Array(1), defaultNS: common, fallbackLng: Array(1)}
 CONSOLE [info]: i18next initialized with options: {debug: true, initImmediate: true, ns: Array(1), defaultNS: common, fallbackLng: Array(1)}
 CONSOLE [warning]: <Router basename="/law4hire"> is not able to match the URL "/register" because it does not start with the basename, so the <Router> won't render anything.
 CONSOLE [warning]: <Router basename="/law4hire"> is not able to match the URL "/register" because it does not start with the basename, so the <Router> won't render anything.
 CONSOLE [warning]: ⚠️ React Router Future Flag Warning: React Router will begin wrapping state updates in `React.startTransition` in v7. You can use the `v7_startTransition` future flag to opt-in early. For more information, see https://reactrouter.com/v6/upgrading/future#v7_starttransition.
 CONSOLE [warning]: ⚠️ React Router Future Flag Warning: Relative route resolution within Splat routes is changing in v7. You can use the `v7_relativeSplatPath` future flag to opt-in early. For more information, see https://reactrouter.com/v6/upgrading/future#v7_relativesplatpath.


  Failed 🔤 Character Encoding Validation Test [11 s]
  Error Message:
   System.TimeoutException : Timeout 10000ms exceeded.
Call log:
  - waiting for Locator("input[name='email']") to be visible
  Stack Trace:
     at Microsoft.Playwright.Transport.Connection.InnerSendMessageToServerAsync[T](ChannelOwnerBase object, String method, Dictionary`2 dictionary, Boolean keepNulls) in /_/src/Playwright/Transport/Connection.cs:line 209
   at Microsoft.Playwright.Transport.Connection.WrapApiCallAsync[T](Func`1 action, Boolean isInternal)
   at Microsoft.Playwright.Core.Frame.WaitForSelectorAsync(String selector, FrameWaitForSelectorOptions options) in /_/src/Playwright/Core/Frame.cs:line 527
   at L4H.UI.E2E.Tests.LocalizationComprehensiveTests.RegisterUserForLanguage(IPage page, String languageCode, LanguageInfo langInfo) in C:\programming\L4HProject\tests\ui.e2e\LocalizationComprehensiveTests.cs:line 73
   at L4H.UI.E2E.Tests.LocalizationComprehensiveTests.Character_Encoding_Validation_Test() in C:\programming\L4HProject\tests\ui.e2e\LocalizationComprehensiveTests.cs:line 680
   at L4H.UI.E2E.Tests.LocalizationComprehensiveTests.Character_Encoding_Validation_Test() in C:\programming\L4HProject\tests\ui.e2e\LocalizationComprehensiveTests.cs:line 702
--- End of stack trace from previous location ---
  Standard Output Messages:
 Testing character encoding for Arabic
 Registering user for Arabic (ar-SA): ar-SA-test-91ca981f@testing.com
 CONSOLE [debug]: [vite] connecting...
 CONSOLE [debug]: [vite] connected.
 CONSOLE [info]: %cDownload the React DevTools for a better development experience: https://reactjs.org/link/react-devtools font-weight:bold
 CONSOLE [warning]: i18next::languageUtils: rejecting language code not found in supportedLngs: en
 CONSOLE [warning]: i18next::languageUtils: rejecting language code not found in supportedLngs: en-US
 CONSOLE [warning]: i18next::languageUtils: rejecting language code not found in supportedLngs: en
 CONSOLE [warning]: i18next::languageUtils: rejecting language code not found in supportedLngs: en-US
 CONSOLE [warning]: i18next::languageUtils: rejecting language code not found in supportedLngs: en
 CONSOLE [warning]: i18next::languageUtils: rejecting language code not found in supportedLngs: en-US
 CONSOLE [warning]: i18next::languageUtils: rejecting language code not found in supportedLngs: en
 CONSOLE [warning]: i18next::languageUtils: rejecting language code not found in supportedLngs: en-US
 CONSOLE [warning]: i18next::languageUtils: rejecting language code not found in supportedLngs: en
 CONSOLE [warning]: i18next::languageUtils: rejecting language code not found in supportedLngs: en-US
 CONSOLE [info]: Language changed to: en-US
 CONSOLE [info]: Language changed to: en-US
 CONSOLE [log]: i18next: languageChanged en-US
 CONSOLE [log]: i18next: initialized {debug: true, initImmediate: true, ns: Array(1), defaultNS: common, fallbackLng: Array(1)}
 CONSOLE [info]: i18next initialized with options: {debug: true, initImmediate: true, ns: Array(1), defaultNS: common, fallbackLng: Array(1)}
 CONSOLE [info]: i18next initialized with language: en-US
 CONSOLE [warning]: i18next::languageUtils: rejecting language code not found in supportedLngs: en
 CONSOLE [warning]: i18next::languageUtils: rejecting language code not found in supportedLngs: en-US
 CONSOLE [warning]: i18next::languageUtils: rejecting language code not found in supportedLngs: en
 CONSOLE [warning]: i18next::languageUtils: rejecting language code not found in supportedLngs: en-US
 CONSOLE [warning]: i18next::languageUtils: rejecting language code not found in supportedLngs: en
 CONSOLE [warning]: i18next::languageUtils: rejecting language code not found in supportedLngs: en-US
 CONSOLE [warning]: i18next::languageUtils: rejecting language code not found in supportedLngs: en
 CONSOLE [warning]: i18next::languageUtils: rejecting language code not found in supportedLngs: en-US
 CONSOLE [info]: Language changed to: en-US
 CONSOLE [info]: Language changed to: en-US
 CONSOLE [log]: i18next: languageChanged en-US
 CONSOLE [warning]: i18next: init: i18next is already initialized. You should call init just once!
 CONSOLE [log]: i18next: initialized {debug: true, initImmediate: true, ns: Array(1), defaultNS: common, fallbackLng: Array(1)}
 CONSOLE [info]: i18next initialized with options: {debug: true, initImmediate: true, ns: Array(1), defaultNS: common, fallbackLng: Array(1)}
 CONSOLE [warning]: <Router basename="/law4hire"> is not able to match the URL "/register" because it does not start with the basename, so the <Router> won't render anything.
 CONSOLE [warning]: <Router basename="/law4hire"> is not able to match the URL "/register" because it does not start with the basename, so the <Router> won't render anything.
 CONSOLE [warning]: ⚠️ React Router Future Flag Warning: React Router will begin wrapping state updates in `React.startTransition` in v7. You can use the `v7_startTransition` future flag to opt-in early. For more information, see https://reactrouter.com/v6/upgrading/future#v7_starttransition.
 CONSOLE [warning]: ⚠️ React Router Future Flag Warning: Relative route resolution within Splat routes is changing in v7. You can use the `v7_relativeSplatPath` future flag to opt-in early. For more information, see https://reactrouter.com/v6/upgrading/future#v7_relativesplatpath.


  Failed L4H.UI.E2E.Tests.Comprehensive_Visa_E2E_Tests.EB5_Visa_Investor_Test [11 s]
  Error Message:
   System.TimeoutException : Timeout 10000ms exceeded.
Call log:
  - waiting for Locator("input[name='email']") to be visible
  Stack Trace:
     at Microsoft.Playwright.Transport.Connection.InnerSendMessageToServerAsync[T](ChannelOwnerBase object, String method, Dictionary`2 dictionary, Boolean keepNulls) in /_/src/Playwright/Transport/Connection.cs:line 209
   at Microsoft.Playwright.Transport.Connection.WrapApiCallAsync[T](Func`1 action, Boolean isInternal)
   at Microsoft.Playwright.Core.Frame.WaitForSelectorAsync(String selector, FrameWaitForSelectorOptions options) in /_/src/Playwright/Core/Frame.cs:line 527
   at L4H.UI.E2E.Tests.Comprehensive_Visa_E2E_Tests.RegisterUser(IPage page, String email, String firstName, String lastName) in C:\programming\L4HProject\tests\ui.e2e\Comprehensive_Visa_E2E_Tests.cs:line 36
   at L4H.UI.E2E.Tests.Comprehensive_Visa_E2E_Tests.EB5_Visa_Investor_Test() in C:\programming\L4HProject\tests\ui.e2e\Comprehensive_Visa_E2E_Tests.cs:line 463
   at L4H.UI.E2E.Tests.Comprehensive_Visa_E2E_Tests.EB5_Visa_Investor_Test() in C:\programming\L4HProject\tests\ui.e2e\Comprehensive_Visa_E2E_Tests.cs:line 480
--- End of stack trace from previous location ---
  Failed ❌ Ineligible for Citizenship - Criminal History [11 s]
  Error Message:
   System.TimeoutException : Timeout 10000ms exceeded.
Call log:
  - waiting for Locator("input[name='email']") to be visible
  Stack Trace:
     at Microsoft.Playwright.Transport.Connection.InnerSendMessageToServerAsync[T](ChannelOwnerBase object, String method, Dictionary`2 dictionary, Boolean keepNulls) in /_/src/Playwright/Transport/Connection.cs:line 209
   at Microsoft.Playwright.Transport.Connection.WrapApiCallAsync[T](Func`1 action, Boolean isInternal)
   at Microsoft.Playwright.Core.Frame.WaitForSelectorAsync(String selector, FrameWaitForSelectorOptions options) in /_/src/Playwright/Core/Frame.cs:line 527
   at L4H.UI.E2E.Tests.CitizenshipNaturalizationTests.RegisterPermanentResident(IPage page, String email, String firstName, String lastName, String nationality) in C:\programming\L4HProject\tests\ui.e2e\CitizenshipNaturalizationTests.cs:line 47
   at L4H.UI.E2E.Tests.CitizenshipNaturalizationTests.Ineligible_Citizenship_CriminalHistory_Test() in C:\programming\L4HProject\tests\ui.e2e\CitizenshipNaturalizationTests.cs:line 499
   at L4H.UI.E2E.Tests.CitizenshipNaturalizationTests.Ineligible_Citizenship_CriminalHistory_Test() in C:\programming\L4HProject\tests\ui.e2e\CitizenshipNaturalizationTests.cs:line 536
--- End of stack trace from previous location ---
  Standard Output Messages:
 Registering Permanent Resident for citizenship: ineligible-criminal-9475273d@law4hire.com
 CONSOLE [debug]: [vite] connecting...
 CONSOLE [debug]: [vite] connected.
 CONSOLE [info]: %cDownload the React DevTools for a better development experience: https://reactjs.org/link/react-devtools font-weight:bold
 CONSOLE [warning]: i18next::languageUtils: rejecting language code not found in supportedLngs: en
 CONSOLE [warning]: i18next::languageUtils: rejecting language code not found in supportedLngs: en-US
 CONSOLE [warning]: i18next::languageUtils: rejecting language code not found in supportedLngs: en
 CONSOLE [warning]: i18next::languageUtils: rejecting language code not found in supportedLngs: en-US
 CONSOLE [warning]: i18next::languageUtils: rejecting language code not found in supportedLngs: en
 CONSOLE [warning]: i18next::languageUtils: rejecting language code not found in supportedLngs: en-US
 CONSOLE [warning]: i18next::languageUtils: rejecting language code not found in supportedLngs: en
 CONSOLE [warning]: i18next::languageUtils: rejecting language code not found in supportedLngs: en-US
 CONSOLE [warning]: i18next::languageUtils: rejecting language code not found in supportedLngs: en
 CONSOLE [warning]: i18next::languageUtils: rejecting language code not found in supportedLngs: en-US
 CONSOLE [info]: Language changed to: en-US
 CONSOLE [info]: Language changed to: en-US
 CONSOLE [log]: i18next: languageChanged en-US
 CONSOLE [log]: i18next: initialized {debug: true, initImmediate: true, ns: Array(1), defaultNS: common, fallbackLng: Array(1)}
 CONSOLE [info]: i18next initialized with options: {debug: true, initImmediate: true, ns: Array(1), defaultNS: common, fallbackLng: Array(1)}
 CONSOLE [info]: i18next initialized with language: en-US
 CONSOLE [warning]: i18next::languageUtils: rejecting language code not found in supportedLngs: en
 CONSOLE [warning]: i18next::languageUtils: rejecting language code not found in supportedLngs: en-US
 CONSOLE [warning]: i18next::languageUtils: rejecting language code not found in supportedLngs: en
 CONSOLE [warning]: i18next::languageUtils: rejecting language code not found in supportedLngs: en-US
 CONSOLE [warning]: i18next::languageUtils: rejecting language code not found in supportedLngs: en
 CONSOLE [warning]: i18next::languageUtils: rejecting language code not found in supportedLngs: en-US
 CONSOLE [warning]: i18next::languageUtils: rejecting language code not found in supportedLngs: en
 CONSOLE [warning]: i18next::languageUtils: rejecting language code not found in supportedLngs: en-US
 CONSOLE [info]: Language changed to: en-US
 CONSOLE [info]: Language changed to: en-US
 CONSOLE [log]: i18next: languageChanged en-US
 CONSOLE [warning]: i18next: init: i18next is already initialized. You should call init just once!
 CONSOLE [log]: i18next: initialized {debug: true, initImmediate: true, ns: Array(1), defaultNS: common, fallbackLng: Array(1)}
 CONSOLE [info]: i18next initialized with options: {debug: true, initImmediate: true, ns: Array(1), defaultNS: common, fallbackLng: Array(1)}
 CONSOLE [warning]: <Router basename="/law4hire"> is not able to match the URL "/register" because it does not start with the basename, so the <Router> won't render anything.
 CONSOLE [warning]: <Router basename="/law4hire"> is not able to match the URL "/register" because it does not start with the basename, so the <Router> won't render anything.
 CONSOLE [warning]: ⚠️ React Router Future Flag Warning: React Router will begin wrapping state updates in `React.startTransition` in v7. You can use the `v7_startTransition` future flag to opt-in early. For more information, see https://reactrouter.com/v6/upgrading/future#v7_starttransition.
 CONSOLE [warning]: ⚠️ React Router Future Flag Warning: Relative route resolution within Splat routes is changing in v7. You can use the `v7_relativeSplatPath` future flag to opt-in early. For more information, see https://reactrouter.com/v6/upgrading/future#v7_relativesplatpath.


  Failed L4H.UI.E2E.Tests.L4H_E2E_Tests.Cannlaw_Comprehensive_Localization_Test [31 s]
  Error Message:
   System.TimeoutException : Timeout 30000ms exceeded.
Call log:
  - waiting for Locator("body") to be visible
  -   locator resolved to hidden <body>…</body>
  -   locator resolved to hidden <body>…</body>
  -   locator resolved to hidden <body>…</body>
  -   locator resolved to hidden <body>…</body>
  -   locator resolved to hidden <body>…</body>
  -   locator resolved to hidden <body>…</body>
  -   locator resolved to hidden <body>…</body>
  -   locator resolved to hidden <body>…</body>
  -   locator resolved to hidden <body>…</body>
  -   locator resolved to hidden <body>…</body>
  -   locator resolved to hidden <body>…</body>
  -   locator resolved to hidden <body>…</body>
  -   locator resolved to hidden <body>…</body>
  -   locator resolved to hidden <body>…</body>
  -   locator resolved to hidden <body>…</body>
  -   locator resolved to hidden <body>…</body>
  -   locator resolved to hidden <body>…</body>
  -   locator resolved to hidden <body>…</body>
  -   locator resolved to hidden <body>…</body>
  -   locator resolved to hidden <body>…</body>
  -   locator resolved to hidden <body>…</body>
  -   locator resolved to hidden <body>…</body>
  -   locator resolved to hidden <body>…</body>
  -   locator resolved to hidden <body>…</body>
  -   locator resolved to hidden <body>…</body>
  -   locator resolved to hidden <body>…</body>
  -   locator resolved to hidden <body>…</body>
  -   locator resolved to hidden <body>…</body>
  -   locator resolved to hidden <body>…</body>
  -   locator resolved to hidden <body>…</body>
  -   locator resolved to hidden <body>…</body>
  -   locator resolved to hidden <body>…</body>
  -   locator resolved to hidden <body>…</body>
  -   locator resolved to hidden <body>…</body>
  -   locator resolved to hidden <body>…</body>
  -   locator resolved to hidden <body>…</body>
  -   locator resolved to hidden <body>…</body>
  -   locator resolved to hidden <body>…</body>
  -   locator resolved to hidden <body>…</body>
  -   locator resolved to hidden <body>…</body>
  -   locator resolved to hidden <body>…</body>
  -   locator resolved to hidden <body>…</body>
  -   locator resolved to hidden <body>…</body>
  -   locator resolved to hidden <body>…</body>
  -   locator resolved to hidden <body>…</body>
  -   locator resolved to hidden <body>…</body>
  -   locator resolved to hidden <body>…</body>
  -   locator resolved to hidden <body>…</body>
  -   locator resolved to hidden <body>…</body>
  -   locator resolved to hidden <body>…</body>
  -   locator resolved to hidden <body>…</body>
  -   locator resolved to hidden <body>…</body>
  -   locator resolved to hidden <body>…</body>
  -   locator resolved to hidden <body>…</body>
  -   locator resolved to hidden <body>…</body>
  -   locator resolved to hidden <body>…</body>
  -   locator resolved to hidden <body>…</body>
  -   locator resolved to hidden <body>…</body>
  -   locator resolved to hidden <body>…</body>
  -   locator resolved to hidden <body>…</body>
  -   locator resolved to hidden <body>…</body>
  -   locator resolved to hidden <body>…</body>
  -   locator resolved to hidden <body>…</body>
  Stack Trace:
     at Microsoft.Playwright.Transport.Connection.InnerSendMessageToServerAsync[T](ChannelOwnerBase object, String method, Dictionary`2 dictionary, Boolean keepNulls) in /_/src/Playwright/Transport/Connection.cs:line 209
   at Microsoft.Playwright.Transport.Connection.WrapApiCallAsync[T](Func`1 action, Boolean isInternal)
   at Microsoft.Playwright.Core.Frame.WaitForSelectorAsync(String selector, FrameWaitForSelectorOptions options) in /_/src/Playwright/Core/Frame.cs:line 527
   at L4H.UI.E2E.Tests.L4H_E2E_Tests.TestPageLocalization(IPage page, String url, String pageName, String[] expectedTranslationKeys) in C:\programming\L4HProject\tests\ui.e2e\L4H_E2E_Tests.cs:line 181
   at L4H.UI.E2E.Tests.L4H_E2E_Tests.Cannlaw_Comprehensive_Localization_Test() in C:\programming\L4HProject\tests\ui.e2e\L4H_E2E_Tests.cs:line 129
   at L4H.UI.E2E.Tests.L4H_E2E_Tests.Cannlaw_Comprehensive_Localization_Test() in C:\programming\L4HProject\tests\ui.e2e\L4H_E2E_Tests.cs:line 171
--- End of stack trace from previous location ---
  Failed 🇺🇸 US Citizen Child → N-600 Certificate of Citizenship [11 s]
  Error Message:
   System.TimeoutException : Timeout 10000ms exceeded.
Call log:
  - waiting for Locator("input[name='email']") to be visible
  Stack Trace:
     at Microsoft.Playwright.Transport.Connection.InnerSendMessageToServerAsync[T](ChannelOwnerBase object, String method, Dictionary`2 dictionary, Boolean keepNulls) in /_/src/Playwright/Transport/Connection.cs:line 209
   at Microsoft.Playwright.Transport.Connection.WrapApiCallAsync[T](Func`1 action, Boolean isInternal)
   at Microsoft.Playwright.Core.Frame.WaitForSelectorAsync(String selector, FrameWaitForSelectorOptions options) in /_/src/Playwright/Core/Frame.cs:line 527
   at L4H.UI.E2E.Tests.ComprehensiveVisualStudioUITests.RegisterUser(IPage page, String email, String firstName, String lastName, String nationality, String dateOfBirth) in C:\programming\L4HProject\tests\ui.e2e\ComprehensiveVisualStudioUITests.cs:line 51
   at L4H.UI.E2E.Tests.ComprehensiveVisualStudioUITests.USCitizenChild_N600_Certificate_Test() in C:\programming\L4HProject\tests\ui.e2e\ComprehensiveVisualStudioUITests.cs:line 672
   at L4H.UI.E2E.Tests.ComprehensiveVisualStudioUITests.USCitizenChild_N600_Certificate_Test() in C:\programming\L4HProject\tests\ui.e2e\ComprehensiveVisualStudioUITests.cs:line 692
--- End of stack trace from previous location ---
  Standard Output Messages:
 Registering user: n600-certificate-3f41a415@testing.com
 CONSOLE [debug]: [vite] connecting...
 CONSOLE [debug]: [vite] connected.
 CONSOLE [info]: %cDownload the React DevTools for a better development experience: https://reactjs.org/link/react-devtools font-weight:bold
 CONSOLE [warning]: i18next::languageUtils: rejecting language code not found in supportedLngs: en
 CONSOLE [warning]: i18next::languageUtils: rejecting language code not found in supportedLngs: en-US
 CONSOLE [warning]: i18next::languageUtils: rejecting language code not found in supportedLngs: en
 CONSOLE [warning]: i18next::languageUtils: rejecting language code not found in supportedLngs: en-US
 CONSOLE [warning]: i18next::languageUtils: rejecting language code not found in supportedLngs: en
 CONSOLE [warning]: i18next::languageUtils: rejecting language code not found in supportedLngs: en-US
 CONSOLE [warning]: i18next::languageUtils: rejecting language code not found in supportedLngs: en
 CONSOLE [warning]: i18next::languageUtils: rejecting language code not found in supportedLngs: en-US
 CONSOLE [warning]: i18next::languageUtils: rejecting language code not found in supportedLngs: en
 CONSOLE [warning]: i18next::languageUtils: rejecting language code not found in supportedLngs: en-US
 CONSOLE [info]: Language changed to: en-US
 CONSOLE [info]: Language changed to: en-US
 CONSOLE [log]: i18next: languageChanged en-US
 CONSOLE [log]: i18next: initialized {debug: true, initImmediate: true, ns: Array(1), defaultNS: common, fallbackLng: Array(1)}
 CONSOLE [info]: i18next initialized with options: {debug: true, initImmediate: true, ns: Array(1), defaultNS: common, fallbackLng: Array(1)}
 CONSOLE [info]: i18next initialized with language: en-US
 CONSOLE [warning]: i18next::languageUtils: rejecting language code not found in supportedLngs: en
 CONSOLE [warning]: i18next::languageUtils: rejecting language code not found in supportedLngs: en-US
 CONSOLE [warning]: i18next::languageUtils: rejecting language code not found in supportedLngs: en
 CONSOLE [warning]: i18next::languageUtils: rejecting language code not found in supportedLngs: en-US
 CONSOLE [warning]: i18next::languageUtils: rejecting language code not found in supportedLngs: en
 CONSOLE [warning]: i18next::languageUtils: rejecting language code not found in supportedLngs: en-US
 CONSOLE [warning]: i18next::languageUtils: rejecting language code not found in supportedLngs: en
 CONSOLE [warning]: i18next::languageUtils: rejecting language code not found in supportedLngs: en-US
 CONSOLE [info]: Language changed to: en-US
 CONSOLE [info]: Language changed to: en-US
 CONSOLE [log]: i18next: languageChanged en-US
 CONSOLE [warning]: i18next: init: i18next is already initialized. You should call init just once!
 CONSOLE [log]: i18next: initialized {debug: true, initImmediate: true, ns: Array(1), defaultNS: common, fallbackLng: Array(1)}
 CONSOLE [info]: i18next initialized with options: {debug: true, initImmediate: true, ns: Array(1), defaultNS: common, fallbackLng: Array(1)}
 CONSOLE [warning]: <Router basename="/law4hire"> is not able to match the URL "/register" because it does not start with the basename, so the <Router> won't render anything.
 CONSOLE [warning]: <Router basename="/law4hire"> is not able to match the URL "/register" because it does not start with the basename, so the <Router> won't render anything.
 CONSOLE [warning]: ⚠️ React Router Future Flag Warning: React Router will begin wrapping state updates in `React.startTransition` in v7. You can use the `v7_startTransition` future flag to opt-in early. For more information, see https://reactrouter.com/v6/upgrading/future#v7_starttransition.
 CONSOLE [warning]: ⚠️ React Router Future Flag Warning: Relative route resolution within Splat routes is changing in v7. You can use the `v7_relativeSplatPath` future flag to opt-in early. For more information, see https://reactrouter.com/v6/upgrading/future#v7_relativesplatpath.


  Failed 🇵🇰 Urdu (ur-PK) Localization Test [11 s]
  Error Message:
   System.TimeoutException : Timeout 10000ms exceeded.
Call log:
  - waiting for Locator("input[name='email']") to be visible
  Stack Trace:
     at Microsoft.Playwright.Transport.Connection.InnerSendMessageToServerAsync[T](ChannelOwnerBase object, String method, Dictionary`2 dictionary, Boolean keepNulls) in /_/src/Playwright/Transport/Connection.cs:line 209
   at Microsoft.Playwright.Transport.Connection.WrapApiCallAsync[T](Func`1 action, Boolean isInternal)
   at Microsoft.Playwright.Core.Frame.WaitForSelectorAsync(String selector, FrameWaitForSelectorOptions options) in /_/src/Playwright/Core/Frame.cs:line 527
   at L4H.UI.E2E.Tests.LocalizationComprehensiveTests.RegisterUserForLanguage(IPage page, String languageCode, LanguageInfo langInfo) in C:\programming\L4HProject\tests\ui.e2e\LocalizationComprehensiveTests.cs:line 73
   at L4H.UI.E2E.Tests.LocalizationComprehensiveTests.Urdu_Localization_Test() in C:\programming\L4HProject\tests\ui.e2e\LocalizationComprehensiveTests.cs:line 474
   at L4H.UI.E2E.Tests.LocalizationComprehensiveTests.Urdu_Localization_Test() in C:\programming\L4HProject\tests\ui.e2e\LocalizationComprehensiveTests.cs:line 487
--- End of stack trace from previous location ---
  Standard Output Messages:
 Registering user for Urdu (ur-PK): ur-PK-test-a8d78822@testing.com
 CONSOLE [debug]: [vite] connecting...
 CONSOLE [debug]: [vite] connected.
 CONSOLE [info]: %cDownload the React DevTools for a better development experience: https://reactjs.org/link/react-devtools font-weight:bold
 CONSOLE [warning]: i18next::languageUtils: rejecting language code not found in supportedLngs: en
 CONSOLE [warning]: i18next::languageUtils: rejecting language code not found in supportedLngs: en-US
 CONSOLE [warning]: i18next::languageUtils: rejecting language code not found in supportedLngs: en
 CONSOLE [warning]: i18next::languageUtils: rejecting language code not found in supportedLngs: en-US
 CONSOLE [warning]: i18next::languageUtils: rejecting language code not found in supportedLngs: en
 CONSOLE [warning]: i18next::languageUtils: rejecting language code not found in supportedLngs: en-US
 CONSOLE [warning]: i18next::languageUtils: rejecting language code not found in supportedLngs: en
 CONSOLE [warning]: i18next::languageUtils: rejecting language code not found in supportedLngs: en-US
 CONSOLE [warning]: i18next::languageUtils: rejecting language code not found in supportedLngs: en
 CONSOLE [warning]: i18next::languageUtils: rejecting language code not found in supportedLngs: en-US
 CONSOLE [info]: Language changed to: en-US
 CONSOLE [info]: Language changed to: en-US
 CONSOLE [log]: i18next: languageChanged en-US
 CONSOLE [log]: i18next: initialized {debug: true, initImmediate: true, ns: Array(1), defaultNS: common, fallbackLng: Array(1)}
 CONSOLE [info]: i18next initialized with options: {debug: true, initImmediate: true, ns: Array(1), defaultNS: common, fallbackLng: Array(1)}
 CONSOLE [info]: i18next initialized with language: en-US
 CONSOLE [warning]: i18next::languageUtils: rejecting language code not found in supportedLngs: en
 CONSOLE [warning]: i18next::languageUtils: rejecting language code not found in supportedLngs: en-US
 CONSOLE [warning]: i18next::languageUtils: rejecting language code not found in supportedLngs: en
 CONSOLE [warning]: i18next::languageUtils: rejecting language code not found in supportedLngs: en-US
 CONSOLE [warning]: i18next::languageUtils: rejecting language code not found in supportedLngs: en
 CONSOLE [warning]: i18next::languageUtils: rejecting language code not found in supportedLngs: en-US
 CONSOLE [warning]: i18next::languageUtils: rejecting language code not found in supportedLngs: en
 CONSOLE [warning]: i18next::languageUtils: rejecting language code not found in supportedLngs: en-US
 CONSOLE [info]: Language changed to: en-US
 CONSOLE [info]: Language changed to: en-US
 CONSOLE [log]: i18next: languageChanged en-US
 CONSOLE [warning]: i18next: init: i18next is already initialized. You should call init just once!
 CONSOLE [log]: i18next: initialized {debug: true, initImmediate: true, ns: Array(1), defaultNS: common, fallbackLng: Array(1)}
 CONSOLE [info]: i18next initialized with options: {debug: true, initImmediate: true, ns: Array(1), defaultNS: common, fallbackLng: Array(1)}
 CONSOLE [warning]: <Router basename="/law4hire"> is not able to match the URL "/register" because it does not start with the basename, so the <Router> won't render anything.
 CONSOLE [warning]: <Router basename="/law4hire"> is not able to match the URL "/register" because it does not start with the basename, so the <Router> won't render anything.
 CONSOLE [warning]: ⚠️ React Router Future Flag Warning: React Router will begin wrapping state updates in `React.startTransition` in v7. You can use the `v7_startTransition` future flag to opt-in early. For more information, see https://reactrouter.com/v6/upgrading/future#v7_starttransition.
 CONSOLE [warning]: ⚠️ React Router Future Flag Warning: Relative route resolution within Splat routes is changing in v7. You can use the `v7_relativeSplatPath` future flag to opt-in early. For more information, see https://reactrouter.com/v6/upgrading/future#v7_relativesplatpath.


  Failed L4H.UI.E2E.Tests.Comprehensive_Visa_E2E_Tests.H1B_Visa_Specialty_Occupation_Test [11 s]
  Error Message:
   System.TimeoutException : Timeout 10000ms exceeded.
Call log:
  - waiting for Locator("input[name='email']") to be visible
  Stack Trace:
     at Microsoft.Playwright.Transport.Connection.InnerSendMessageToServerAsync[T](ChannelOwnerBase object, String method, Dictionary`2 dictionary, Boolean keepNulls) in /_/src/Playwright/Transport/Connection.cs:line 209
   at Microsoft.Playwright.Transport.Connection.WrapApiCallAsync[T](Func`1 action, Boolean isInternal)
   at Microsoft.Playwright.Core.Frame.WaitForSelectorAsync(String selector, FrameWaitForSelectorOptions options) in /_/src/Playwright/Core/Frame.cs:line 527
   at L4H.UI.E2E.Tests.Comprehensive_Visa_E2E_Tests.RegisterUser(IPage page, String email, String firstName, String lastName) in C:\programming\L4HProject\tests\ui.e2e\Comprehensive_Visa_E2E_Tests.cs:line 36
   at L4H.UI.E2E.Tests.Comprehensive_Visa_E2E_Tests.H1B_Visa_Specialty_Occupation_Test() in C:\programming\L4HProject\tests\ui.e2e\Comprehensive_Visa_E2E_Tests.cs:line 243
   at L4H.UI.E2E.Tests.Comprehensive_Visa_E2E_Tests.H1B_Visa_Specialty_Occupation_Test() in C:\programming\L4HProject\tests\ui.e2e\Comprehensive_Visa_E2E_Tests.cs:line 262
--- End of stack trace from previous location ---
  Failed 🌐 Portuguese (pt-BR) Localization Test [11 s]
  Error Message:
   System.TimeoutException : Timeout 10000ms exceeded.
Call log:
  - waiting for Locator("input[name='email']") to be visible
  Stack Trace:
     at Microsoft.Playwright.Transport.Connection.InnerSendMessageToServerAsync[T](ChannelOwnerBase object, String method, Dictionary`2 dictionary, Boolean keepNulls) in /_/src/Playwright/Transport/Connection.cs:line 209
   at Microsoft.Playwright.Transport.Connection.WrapApiCallAsync[T](Func`1 action, Boolean isInternal)
   at Microsoft.Playwright.Core.Frame.WaitForSelectorAsync(String selector, FrameWaitForSelectorOptions options) in /_/src/Playwright/Core/Frame.cs:line 527
   at L4H.UI.E2E.Tests.ComprehensiveVisualStudioUITests.RegisterUser(IPage page, String email, String firstName, String lastName, String nationality, String dateOfBirth) in C:\programming\L4HProject\tests\ui.e2e\ComprehensiveVisualStudioUITests.cs:line 51
   at L4H.UI.E2E.Tests.ComprehensiveVisualStudioUITests.Portuguese_Localization_Test() in C:\programming\L4HProject\tests\ui.e2e\ComprehensiveVisualStudioUITests.cs:line 823
   at L4H.UI.E2E.Tests.ComprehensiveVisualStudioUITests.Portuguese_Localization_Test() in C:\programming\L4HProject\tests\ui.e2e\ComprehensiveVisualStudioUITests.cs:line 829
--- End of stack trace from previous location ---
  Standard Output Messages:
 Registering user: portuguese-test-a1f2c3b8@law4hire.com
 CONSOLE [debug]: [vite] connecting...
 CONSOLE [debug]: [vite] connected.
 CONSOLE [info]: %cDownload the React DevTools for a better development experience: https://reactjs.org/link/react-devtools font-weight:bold
 CONSOLE [warning]: i18next::languageUtils: rejecting language code not found in supportedLngs: en
 CONSOLE [warning]: i18next::languageUtils: rejecting language code not found in supportedLngs: en-US
 CONSOLE [warning]: i18next::languageUtils: rejecting language code not found in supportedLngs: en
 CONSOLE [warning]: i18next::languageUtils: rejecting language code not found in supportedLngs: en-US
 CONSOLE [warning]: i18next::languageUtils: rejecting language code not found in supportedLngs: en
 CONSOLE [warning]: i18next::languageUtils: rejecting language code not found in supportedLngs: en-US
 CONSOLE [warning]: i18next::languageUtils: rejecting language code not found in supportedLngs: en
 CONSOLE [warning]: i18next::languageUtils: rejecting language code not found in supportedLngs: en-US
 CONSOLE [warning]: i18next::languageUtils: rejecting language code not found in supportedLngs: en
 CONSOLE [warning]: i18next::languageUtils: rejecting language code not found in supportedLngs: en-US
 CONSOLE [info]: Language changed to: en-US
 CONSOLE [info]: Language changed to: en-US
 CONSOLE [log]: i18next: languageChanged en-US
 CONSOLE [log]: i18next: initialized {debug: true, initImmediate: true, ns: Array(1), defaultNS: common, fallbackLng: Array(1)}
 CONSOLE [info]: i18next initialized with options: {debug: true, initImmediate: true, ns: Array(1), defaultNS: common, fallbackLng: Array(1)}
 CONSOLE [info]: i18next initialized with language: en-US
 CONSOLE [warning]: i18next::languageUtils: rejecting language code not found in supportedLngs: en
 CONSOLE [warning]: i18next::languageUtils: rejecting language code not found in supportedLngs: en-US
 CONSOLE [warning]: i18next::languageUtils: rejecting language code not found in supportedLngs: en
 CONSOLE [warning]: i18next::languageUtils: rejecting language code not found in supportedLngs: en-US
 CONSOLE [warning]: i18next::languageUtils: rejecting language code not found in supportedLngs: en
 CONSOLE [warning]: i18next::languageUtils: rejecting language code not found in supportedLngs: en-US
 CONSOLE [warning]: i18next::languageUtils: rejecting language code not found in supportedLngs: en
 CONSOLE [warning]: i18next::languageUtils: rejecting language code not found in supportedLngs: en-US
 CONSOLE [info]: Language changed to: en-US
 CONSOLE [info]: Language changed to: en-US
 CONSOLE [log]: i18next: languageChanged en-US
 CONSOLE [warning]: i18next: init: i18next is already initialized. You should call init just once!
 CONSOLE [log]: i18next: initialized {debug: true, initImmediate: true, ns: Array(1), defaultNS: common, fallbackLng: Array(1)}
 CONSOLE [info]: i18next initialized with options: {debug: true, initImmediate: true, ns: Array(1), defaultNS: common, fallbackLng: Array(1)}
 CONSOLE [warning]: <Router basename="/law4hire"> is not able to match the URL "/register" because it does not start with the basename, so the <Router> won't render anything.
 CONSOLE [warning]: <Router basename="/law4hire"> is not able to match the URL "/register" because it does not start with the basename, so the <Router> won't render anything.
 CONSOLE [warning]: ⚠️ React Router Future Flag Warning: React Router will begin wrapping state updates in `React.startTransition` in v7. You can use the `v7_startTransition` future flag to opt-in early. For more information, see https://reactrouter.com/v6/upgrading/future#v7_starttransition.
 CONSOLE [warning]: ⚠️ React Router Future Flag Warning: Relative route resolution within Splat routes is changing in v7. You can use the `v7_relativeSplatPath` future flag to opt-in early. For more information, see https://reactrouter.com/v6/upgrading/future#v7_relativesplatpath.


  Failed 🇪🇸 Spanish (es-ES) Localization Test [11 s]
  Error Message:
   System.TimeoutException : Timeout 10000ms exceeded.
Call log:
  - waiting for Locator("input[name='email']") to be visible
  Stack Trace:
     at Microsoft.Playwright.Transport.Connection.InnerSendMessageToServerAsync[T](ChannelOwnerBase object, String method, Dictionary`2 dictionary, Boolean keepNulls) in /_/src/Playwright/Transport/Connection.cs:line 209
   at Microsoft.Playwright.Transport.Connection.WrapApiCallAsync[T](Func`1 action, Boolean isInternal)
   at Microsoft.Playwright.Core.Frame.WaitForSelectorAsync(String selector, FrameWaitForSelectorOptions options) in /_/src/Playwright/Core/Frame.cs:line 527
   at L4H.UI.E2E.Tests.LocalizationComprehensiveTests.RegisterUserForLanguage(IPage page, String languageCode, LanguageInfo langInfo) in C:\programming\L4HProject\tests\ui.e2e\LocalizationComprehensiveTests.cs:line 73
   at L4H.UI.E2E.Tests.LocalizationComprehensiveTests.Spanish_Localization_Test() in C:\programming\L4HProject\tests\ui.e2e\LocalizationComprehensiveTests.cs:line 324
   at L4H.UI.E2E.Tests.LocalizationComprehensiveTests.Spanish_Localization_Test() in C:\programming\L4HProject\tests\ui.e2e\LocalizationComprehensiveTests.cs:line 335
--- End of stack trace from previous location ---
  Standard Output Messages:
 Registering user for Spanish (es-ES): es-ES-test-4311472d@testing.com
 CONSOLE [debug]: [vite] connecting...
 CONSOLE [debug]: [vite] connected.
 CONSOLE [info]: %cDownload the React DevTools for a better development experience: https://reactjs.org/link/react-devtools font-weight:bold
 CONSOLE [warning]: i18next::languageUtils: rejecting language code not found in supportedLngs: en
 CONSOLE [warning]: i18next::languageUtils: rejecting language code not found in supportedLngs: en-US
 CONSOLE [warning]: i18next::languageUtils: rejecting language code not found in supportedLngs: en
 CONSOLE [warning]: i18next::languageUtils: rejecting language code not found in supportedLngs: en-US
 CONSOLE [warning]: i18next::languageUtils: rejecting language code not found in supportedLngs: en
 CONSOLE [warning]: i18next::languageUtils: rejecting language code not found in supportedLngs: en-US
 CONSOLE [warning]: i18next::languageUtils: rejecting language code not found in supportedLngs: en
 CONSOLE [warning]: i18next::languageUtils: rejecting language code not found in supportedLngs: en-US
 CONSOLE [warning]: i18next::languageUtils: rejecting language code not found in supportedLngs: en
 CONSOLE [warning]: i18next::languageUtils: rejecting language code not found in supportedLngs: en-US
 CONSOLE [info]: Language changed to: en-US
 CONSOLE [info]: Language changed to: en-US
 CONSOLE [log]: i18next: languageChanged en-US
 CONSOLE [log]: i18next: initialized {debug: true, initImmediate: true, ns: Array(1), defaultNS: common, fallbackLng: Array(1)}
 CONSOLE [info]: i18next initialized with options: {debug: true, initImmediate: true, ns: Array(1), defaultNS: common, fallbackLng: Array(1)}
 CONSOLE [info]: i18next initialized with language: en-US
 CONSOLE [warning]: i18next::languageUtils: rejecting language code not found in supportedLngs: en
 CONSOLE [warning]: i18next::languageUtils: rejecting language code not found in supportedLngs: en-US
 CONSOLE [warning]: i18next::languageUtils: rejecting language code not found in supportedLngs: en
 CONSOLE [warning]: i18next::languageUtils: rejecting language code not found in supportedLngs: en-US
 CONSOLE [warning]: i18next::languageUtils: rejecting language code not found in supportedLngs: en
 CONSOLE [warning]: i18next::languageUtils: rejecting language code not found in supportedLngs: en-US
 CONSOLE [warning]: i18next::languageUtils: rejecting language code not found in supportedLngs: en
 CONSOLE [warning]: i18next::languageUtils: rejecting language code not found in supportedLngs: en-US
 CONSOLE [info]: Language changed to: en-US
 CONSOLE [info]: Language changed to: en-US
 CONSOLE [log]: i18next: languageChanged en-US
 CONSOLE [warning]: i18next: init: i18next is already initialized. You should call init just once!
 CONSOLE [log]: i18next: initialized {debug: true, initImmediate: true, ns: Array(1), defaultNS: common, fallbackLng: Array(1)}
 CONSOLE [info]: i18next initialized with options: {debug: true, initImmediate: true, ns: Array(1), defaultNS: common, fallbackLng: Array(1)}
 CONSOLE [warning]: <Router basename="/law4hire"> is not able to match the URL "/register" because it does not start with the basename, so the <Router> won't render anything.
 CONSOLE [warning]: <Router basename="/law4hire"> is not able to match the URL "/register" because it does not start with the basename, so the <Router> won't render anything.
 CONSOLE [warning]: ⚠️ React Router Future Flag Warning: React Router will begin wrapping state updates in `React.startTransition` in v7. You can use the `v7_startTransition` future flag to opt-in early. For more information, see https://reactrouter.com/v6/upgrading/future#v7_starttransition.
 CONSOLE [warning]: ⚠️ React Router Future Flag Warning: Relative route resolution within Splat routes is changing in v7. You can use the `v7_relativeSplatPath` future flag to opt-in early. For more information, see https://reactrouter.com/v6/upgrading/future#v7_relativesplatpath.


  Failed L4H.UI.E2E.Tests.Comprehensive_Visa_E2E_Tests.A1_Visa_Diplomatic_Test [11 s]
  Error Message:
   System.TimeoutException : Timeout 10000ms exceeded.
Call log:
  - waiting for Locator("input[name='email']") to be visible
  Stack Trace:
     at Microsoft.Playwright.Transport.Connection.InnerSendMessageToServerAsync[T](ChannelOwnerBase object, String method, Dictionary`2 dictionary, Boolean keepNulls) in /_/src/Playwright/Transport/Connection.cs:line 209
   at Microsoft.Playwright.Transport.Connection.WrapApiCallAsync[T](Func`1 action, Boolean isInternal)
   at Microsoft.Playwright.Core.Frame.WaitForSelectorAsync(String selector, FrameWaitForSelectorOptions options) in /_/src/Playwright/Core/Frame.cs:line 527
   at L4H.UI.E2E.Tests.Comprehensive_Visa_E2E_Tests.RegisterUser(IPage page, String email, String firstName, String lastName) in C:\programming\L4HProject\tests\ui.e2e\Comprehensive_Visa_E2E_Tests.cs:line 36
   at L4H.UI.E2E.Tests.Comprehensive_Visa_E2E_Tests.A1_Visa_Diplomatic_Test() in C:\programming\L4HProject\tests\ui.e2e\Comprehensive_Visa_E2E_Tests.cs:line 398
   at L4H.UI.E2E.Tests.Comprehensive_Visa_E2E_Tests.A1_Visa_Diplomatic_Test() in C:\programming\L4HProject\tests\ui.e2e\Comprehensive_Visa_E2E_Tests.cs:line 416
--- End of stack trace from previous location ---
  Failed ✉️ User Creation with testing.com Domain [10 s]
  Error Message:
   System.TimeoutException : Timeout 10000ms exceeded.
Call log:
  - waiting for Locator("input[name='email']") to be visible
  Stack Trace:
     at Microsoft.Playwright.Transport.Connection.InnerSendMessageToServerAsync[T](ChannelOwnerBase object, String method, Dictionary`2 dictionary, Boolean keepNulls) in /_/src/Playwright/Transport/Connection.cs:line 209
   at Microsoft.Playwright.Transport.Connection.WrapApiCallAsync[T](Func`1 action, Boolean isInternal)
   at Microsoft.Playwright.Core.Frame.WaitForSelectorAsync(String selector, FrameWaitForSelectorOptions options) in /_/src/Playwright/Core/Frame.cs:line 527
   at L4H.UI.E2E.Tests.ComprehensiveVisualStudioUITests.RegisterUser(IPage page, String email, String firstName, String lastName, String nationality, String dateOfBirth) in C:\programming\L4HProject\tests\ui.e2e\ComprehensiveVisualStudioUITests.cs:line 51
   at L4H.UI.E2E.Tests.ComprehensiveVisualStudioUITests.User_Creation_Testing_Domain_Test() in C:\programming\L4HProject\tests\ui.e2e\ComprehensiveVisualStudioUITests.cs:line 880
   at L4H.UI.E2E.Tests.ComprehensiveVisualStudioUITests.User_Creation_Testing_Domain_Test() in C:\programming\L4HProject\tests\ui.e2e\ComprehensiveVisualStudioUITests.cs:line 890
--- End of stack trace from previous location ---
  Standard Output Messages:
 Registering user: domain-test-ef43df1d@testing.com
 CONSOLE [debug]: [vite] connecting...
 CONSOLE [debug]: [vite] connected.
 CONSOLE [info]: %cDownload the React DevTools for a better development experience: https://reactjs.org/link/react-devtools font-weight:bold
 CONSOLE [warning]: i18next::languageUtils: rejecting language code not found in supportedLngs: en
 CONSOLE [warning]: i18next::languageUtils: rejecting language code not found in supportedLngs: en-US
 CONSOLE [warning]: i18next::languageUtils: rejecting language code not found in supportedLngs: en
 CONSOLE [warning]: i18next::languageUtils: rejecting language code not found in supportedLngs: en-US
 CONSOLE [warning]: i18next::languageUtils: rejecting language code not found in supportedLngs: en
 CONSOLE [warning]: i18next::languageUtils: rejecting language code not found in supportedLngs: en-US
 CONSOLE [warning]: i18next::languageUtils: rejecting language code not found in supportedLngs: en
 CONSOLE [warning]: i18next::languageUtils: rejecting language code not found in supportedLngs: en-US
 CONSOLE [warning]: i18next::languageUtils: rejecting language code not found in supportedLngs: en
 CONSOLE [warning]: i18next::languageUtils: rejecting language code not found in supportedLngs: en-US
 CONSOLE [info]: Language changed to: en-US
 CONSOLE [info]: Language changed to: en-US
 CONSOLE [log]: i18next: languageChanged en-US
 CONSOLE [log]: i18next: initialized {debug: true, initImmediate: true, ns: Array(1), defaultNS: common, fallbackLng: Array(1)}
 CONSOLE [info]: i18next initialized with options: {debug: true, initImmediate: true, ns: Array(1), defaultNS: common, fallbackLng: Array(1)}
 CONSOLE [info]: i18next initialized with language: en-US
 CONSOLE [warning]: i18next::languageUtils: rejecting language code not found in supportedLngs: en
 CONSOLE [warning]: i18next::languageUtils: rejecting language code not found in supportedLngs: en-US
 CONSOLE [warning]: i18next::languageUtils: rejecting language code not found in supportedLngs: en
 CONSOLE [warning]: i18next::languageUtils: rejecting language code not found in supportedLngs: en-US
 CONSOLE [warning]: i18next::languageUtils: rejecting language code not found in supportedLngs: en
 CONSOLE [warning]: i18next::languageUtils: rejecting language code not found in supportedLngs: en-US
 CONSOLE [warning]: i18next::languageUtils: rejecting language code not found in supportedLngs: en
 CONSOLE [warning]: i18next::languageUtils: rejecting language code not found in supportedLngs: en-US
 CONSOLE [info]: Language changed to: en-US
 CONSOLE [info]: Language changed to: en-US
 CONSOLE [log]: i18next: languageChanged en-US
 CONSOLE [warning]: i18next: init: i18next is already initialized. You should call init just once!
 CONSOLE [log]: i18next: initialized {debug: true, initImmediate: true, ns: Array(1), defaultNS: common, fallbackLng: Array(1)}
 CONSOLE [info]: i18next initialized with options: {debug: true, initImmediate: true, ns: Array(1), defaultNS: common, fallbackLng: Array(1)}
 CONSOLE [warning]: <Router basename="/law4hire"> is not able to match the URL "/register" because it does not start with the basename, so the <Router> won't render anything.
 CONSOLE [warning]: <Router basename="/law4hire"> is not able to match the URL "/register" because it does not start with the basename, so the <Router> won't render anything.
 CONSOLE [warning]: ⚠️ React Router Future Flag Warning: React Router will begin wrapping state updates in `React.startTransition` in v7. You can use the `v7_startTransition` future flag to opt-in early. For more information, see https://reactrouter.com/v6/upgrading/future#v7_starttransition.
 CONSOLE [warning]: ⚠️ React Router Future Flag Warning: Relative route resolution within Splat routes is changing in v7. You can use the `v7_relativeSplatPath` future flag to opt-in early. For more information, see https://reactrouter.com/v6/upgrading/future#v7_relativesplatpath.


  Failed 🇮🇹 Italian (it-IT) Localization Test [11 s]
  Error Message:
   System.TimeoutException : Timeout 10000ms exceeded.
Call log:
  - waiting for Locator("input[name='email']") to be visible
  Stack Trace:
     at Microsoft.Playwright.Transport.Connection.InnerSendMessageToServerAsync[T](ChannelOwnerBase object, String method, Dictionary`2 dictionary, Boolean keepNulls) in /_/src/Playwright/Transport/Connection.cs:line 209
   at Microsoft.Playwright.Transport.Connection.WrapApiCallAsync[T](Func`1 action, Boolean isInternal)
   at Microsoft.Playwright.Core.Frame.WaitForSelectorAsync(String selector, FrameWaitForSelectorOptions options) in /_/src/Playwright/Core/Frame.cs:line 527
   at L4H.UI.E2E.Tests.LocalizationComprehensiveTests.RegisterUserForLanguage(IPage page, String languageCode, LanguageInfo langInfo) in C:\programming\L4HProject\tests\ui.e2e\LocalizationComprehensiveTests.cs:line 73
   at L4H.UI.E2E.Tests.LocalizationComprehensiveTests.Italian_Localization_Test() in C:\programming\L4HProject\tests\ui.e2e\LocalizationComprehensiveTests.cs:line 409
   at L4H.UI.E2E.Tests.LocalizationComprehensiveTests.Italian_Localization_Test() in C:\programming\L4HProject\tests\ui.e2e\LocalizationComprehensiveTests.cs:line 420
--- End of stack trace from previous location ---
  Standard Output Messages:
 Registering user for Italian (it-IT): it-IT-test-5873f0af@testing.com
 CONSOLE [debug]: [vite] connecting...
 CONSOLE [debug]: [vite] connected.
 CONSOLE [info]: %cDownload the React DevTools for a better development experience: https://reactjs.org/link/react-devtools font-weight:bold
 CONSOLE [warning]: i18next::languageUtils: rejecting language code not found in supportedLngs: en
 CONSOLE [warning]: i18next::languageUtils: rejecting language code not found in supportedLngs: en-US
 CONSOLE [warning]: i18next::languageUtils: rejecting language code not found in supportedLngs: en
 CONSOLE [warning]: i18next::languageUtils: rejecting language code not found in supportedLngs: en-US
 CONSOLE [warning]: i18next::languageUtils: rejecting language code not found in supportedLngs: en
 CONSOLE [warning]: i18next::languageUtils: rejecting language code not found in supportedLngs: en-US
 CONSOLE [warning]: i18next::languageUtils: rejecting language code not found in supportedLngs: en
 CONSOLE [warning]: i18next::languageUtils: rejecting language code not found in supportedLngs: en-US
 CONSOLE [warning]: i18next::languageUtils: rejecting language code not found in supportedLngs: en
 CONSOLE [warning]: i18next::languageUtils: rejecting language code not found in supportedLngs: en-US
 CONSOLE [info]: Language changed to: en-US
 CONSOLE [info]: Language changed to: en-US
 CONSOLE [log]: i18next: languageChanged en-US
 CONSOLE [log]: i18next: initialized {debug: true, initImmediate: true, ns: Array(1), defaultNS: common, fallbackLng: Array(1)}
 CONSOLE [info]: i18next initialized with options: {debug: true, initImmediate: true, ns: Array(1), defaultNS: common, fallbackLng: Array(1)}
 CONSOLE [info]: i18next initialized with language: en-US
 CONSOLE [warning]: i18next::languageUtils: rejecting language code not found in supportedLngs: en
 CONSOLE [warning]: i18next::languageUtils: rejecting language code not found in supportedLngs: en-US
 CONSOLE [warning]: i18next::languageUtils: rejecting language code not found in supportedLngs: en
 CONSOLE [warning]: i18next::languageUtils: rejecting language code not found in supportedLngs: en-US
 CONSOLE [warning]: i18next::languageUtils: rejecting language code not found in supportedLngs: en
 CONSOLE [warning]: i18next::languageUtils: rejecting language code not found in supportedLngs: en-US
 CONSOLE [warning]: i18next::languageUtils: rejecting language code not found in supportedLngs: en
 CONSOLE [warning]: i18next::languageUtils: rejecting language code not found in supportedLngs: en-US
 CONSOLE [info]: Language changed to: en-US
 CONSOLE [info]: Language changed to: en-US
 CONSOLE [log]: i18next: languageChanged en-US
 CONSOLE [warning]: i18next: init: i18next is already initialized. You should call init just once!
 CONSOLE [log]: i18next: initialized {debug: true, initImmediate: true, ns: Array(1), defaultNS: common, fallbackLng: Array(1)}
 CONSOLE [info]: i18next initialized with options: {debug: true, initImmediate: true, ns: Array(1), defaultNS: common, fallbackLng: Array(1)}
 CONSOLE [warning]: <Router basename="/law4hire"> is not able to match the URL "/register" because it does not start with the basename, so the <Router> won't render anything.
 CONSOLE [warning]: <Router basename="/law4hire"> is not able to match the URL "/register" because it does not start with the basename, so the <Router> won't render anything.
 CONSOLE [warning]: ⚠️ React Router Future Flag Warning: React Router will begin wrapping state updates in `React.startTransition` in v7. You can use the `v7_startTransition` future flag to opt-in early. For more information, see https://reactrouter.com/v6/upgrading/future#v7_starttransition.
 CONSOLE [warning]: ⚠️ React Router Future Flag Warning: Relative route resolution within Splat routes is changing in v7. You can use the `v7_relativeSplatPath` future flag to opt-in early. For more information, see https://reactrouter.com/v6/upgrading/future#v7_relativesplatpath.


  Failed L4H.UI.E2E.Tests.Comprehensive_Visa_E2E_Tests.TN_Visa_NAFTA_Professional_Mexican_Test [11 s]
  Error Message:
   System.TimeoutException : Timeout 10000ms exceeded.
Call log:
  - waiting for Locator("input[name='email']") to be visible
  Stack Trace:
     at Microsoft.Playwright.Transport.Connection.InnerSendMessageToServerAsync[T](ChannelOwnerBase object, String method, Dictionary`2 dictionary, Boolean keepNulls) in /_/src/Playwright/Transport/Connection.cs:line 209
   at Microsoft.Playwright.Transport.Connection.WrapApiCallAsync[T](Func`1 action, Boolean isInternal)
   at Microsoft.Playwright.Core.Frame.WaitForSelectorAsync(String selector, FrameWaitForSelectorOptions options) in /_/src/Playwright/Core/Frame.cs:line 527
   at L4H.UI.E2E.Tests.Comprehensive_Visa_E2E_Tests.RegisterUser(IPage page, String email, String firstName, String lastName) in C:\programming\L4HProject\tests\ui.e2e\Comprehensive_Visa_E2E_Tests.cs:line 36
   at L4H.UI.E2E.Tests.Comprehensive_Visa_E2E_Tests.TN_Visa_NAFTA_Professional_Mexican_Test() in C:\programming\L4HProject\tests\ui.e2e\Comprehensive_Visa_E2E_Tests.cs:line 613
   at L4H.UI.E2E.Tests.Comprehensive_Visa_E2E_Tests.TN_Visa_NAFTA_Professional_Mexican_Test() in C:\programming\L4HProject\tests\ui.e2e\Comprehensive_Visa_E2E_Tests.cs:line 632
--- End of stack trace from previous location ---
  Failed 🌐 Chinese Simplified (zh-CN) Localization Test [11 s]
  Error Message:
   System.TimeoutException : Timeout 10000ms exceeded.
Call log:
  - waiting for Locator("input[name='email']") to be visible
  Stack Trace:
     at Microsoft.Playwright.Transport.Connection.InnerSendMessageToServerAsync[T](ChannelOwnerBase object, String method, Dictionary`2 dictionary, Boolean keepNulls) in /_/src/Playwright/Transport/Connection.cs:line 209
   at Microsoft.Playwright.Transport.Connection.WrapApiCallAsync[T](Func`1 action, Boolean isInternal)
   at Microsoft.Playwright.Core.Frame.WaitForSelectorAsync(String selector, FrameWaitForSelectorOptions options) in /_/src/Playwright/Core/Frame.cs:line 527
   at L4H.UI.E2E.Tests.ComprehensiveVisualStudioUITests.RegisterUser(IPage page, String email, String firstName, String lastName, String nationality, String dateOfBirth) in C:\programming\L4HProject\tests\ui.e2e\ComprehensiveVisualStudioUITests.cs:line 51
   at L4H.UI.E2E.Tests.ComprehensiveVisualStudioUITests.ChineseSimplified_Localization_Test() in C:\programming\L4HProject\tests\ui.e2e\ComprehensiveVisualStudioUITests.cs:line 727
   at L4H.UI.E2E.Tests.ComprehensiveVisualStudioUITests.ChineseSimplified_Localization_Test() in C:\programming\L4HProject\tests\ui.e2e\ComprehensiveVisualStudioUITests.cs:line 733
--- End of stack trace from previous location ---
  Standard Output Messages:
 Registering user: chinese-test-d926c271@law4hire.com
 CONSOLE [debug]: [vite] connecting...
 CONSOLE [debug]: [vite] connected.
 CONSOLE [info]: %cDownload the React DevTools for a better development experience: https://reactjs.org/link/react-devtools font-weight:bold
 CONSOLE [warning]: i18next::languageUtils: rejecting language code not found in supportedLngs: en
 CONSOLE [warning]: i18next::languageUtils: rejecting language code not found in supportedLngs: en-US
 CONSOLE [warning]: i18next::languageUtils: rejecting language code not found in supportedLngs: en
 CONSOLE [warning]: i18next::languageUtils: rejecting language code not found in supportedLngs: en-US
 CONSOLE [warning]: i18next::languageUtils: rejecting language code not found in supportedLngs: en
 CONSOLE [warning]: i18next::languageUtils: rejecting language code not found in supportedLngs: en-US
 CONSOLE [warning]: i18next::languageUtils: rejecting language code not found in supportedLngs: en
 CONSOLE [warning]: i18next::languageUtils: rejecting language code not found in supportedLngs: en-US
 CONSOLE [warning]: i18next::languageUtils: rejecting language code not found in supportedLngs: en
 CONSOLE [warning]: i18next::languageUtils: rejecting language code not found in supportedLngs: en-US
 CONSOLE [info]: Language changed to: en-US
 CONSOLE [info]: Language changed to: en-US
 CONSOLE [log]: i18next: languageChanged en-US
 CONSOLE [log]: i18next: initialized {debug: true, initImmediate: true, ns: Array(1), defaultNS: common, fallbackLng: Array(1)}
 CONSOLE [info]: i18next initialized with options: {debug: true, initImmediate: true, ns: Array(1), defaultNS: common, fallbackLng: Array(1)}
 CONSOLE [info]: i18next initialized with language: en-US
 CONSOLE [warning]: i18next::languageUtils: rejecting language code not found in supportedLngs: en
 CONSOLE [warning]: i18next::languageUtils: rejecting language code not found in supportedLngs: en-US
 CONSOLE [warning]: i18next::languageUtils: rejecting language code not found in supportedLngs: en
 CONSOLE [warning]: i18next::languageUtils: rejecting language code not found in supportedLngs: en-US
 CONSOLE [warning]: i18next::languageUtils: rejecting language code not found in supportedLngs: en
 CONSOLE [warning]: i18next::languageUtils: rejecting language code not found in supportedLngs: en-US
 CONSOLE [warning]: i18next::languageUtils: rejecting language code not found in supportedLngs: en
 CONSOLE [warning]: i18next::languageUtils: rejecting language code not found in supportedLngs: en-US
 CONSOLE [info]: Language changed to: en-US
 CONSOLE [info]: Language changed to: en-US
 CONSOLE [log]: i18next: languageChanged en-US
 CONSOLE [warning]: i18next: init: i18next is already initialized. You should call init just once!
 CONSOLE [log]: i18next: initialized {debug: true, initImmediate: true, ns: Array(1), defaultNS: common, fallbackLng: Array(1)}
 CONSOLE [info]: i18next initialized with options: {debug: true, initImmediate: true, ns: Array(1), defaultNS: common, fallbackLng: Array(1)}
 CONSOLE [warning]: <Router basename="/law4hire"> is not able to match the URL "/register" because it does not start with the basename, so the <Router> won't render anything.
 CONSOLE [warning]: <Router basename="/law4hire"> is not able to match the URL "/register" because it does not start with the basename, so the <Router> won't render anything.
 CONSOLE [warning]: ⚠️ React Router Future Flag Warning: React Router will begin wrapping state updates in `React.startTransition` in v7. You can use the `v7_startTransition` future flag to opt-in early. For more information, see https://reactrouter.com/v6/upgrading/future#v7_starttransition.
 CONSOLE [warning]: ⚠️ React Router Future Flag Warning: Relative route resolution within Splat routes is changing in v7. You can use the `v7_relativeSplatPath` future flag to opt-in early. For more information, see https://reactrouter.com/v6/upgrading/future#v7_relativesplatpath.


  Failed 🇰🇷 Korean (ko-KR) Localization Test [11 s]
  Error Message:
   System.TimeoutException : Timeout 10000ms exceeded.
Call log:
  - waiting for Locator("input[name='email']") to be visible
  Stack Trace:
     at Microsoft.Playwright.Transport.Connection.InnerSendMessageToServerAsync[T](ChannelOwnerBase object, String method, Dictionary`2 dictionary, Boolean keepNulls) in /_/src/Playwright/Transport/Connection.cs:line 209
   at Microsoft.Playwright.Transport.Connection.WrapApiCallAsync[T](Func`1 action, Boolean isInternal)
   at Microsoft.Playwright.Core.Frame.WaitForSelectorAsync(String selector, FrameWaitForSelectorOptions options) in /_/src/Playwright/Core/Frame.cs:line 527
   at L4H.UI.E2E.Tests.LocalizationComprehensiveTests.RegisterUserForLanguage(IPage page, String languageCode, LanguageInfo langInfo) in C:\programming\L4HProject\tests\ui.e2e\LocalizationComprehensiveTests.cs:line 73
   at L4H.UI.E2E.Tests.LocalizationComprehensiveTests.Korean_Localization_Test() in C:\programming\L4HProject\tests\ui.e2e\LocalizationComprehensiveTests.cs:line 452
   at L4H.UI.E2E.Tests.LocalizationComprehensiveTests.Korean_Localization_Test() in C:\programming\L4HProject\tests\ui.e2e\LocalizationComprehensiveTests.cs:line 464
--- End of stack trace from previous location ---
  Standard Output Messages:
 Registering user for Korean (ko-KR): ko-KR-test-01415f1a@testing.com
 CONSOLE [debug]: [vite] connecting...
 CONSOLE [debug]: [vite] connected.
 CONSOLE [info]: %cDownload the React DevTools for a better development experience: https://reactjs.org/link/react-devtools font-weight:bold
 CONSOLE [warning]: i18next::languageUtils: rejecting language code not found in supportedLngs: en
 CONSOLE [warning]: i18next::languageUtils: rejecting language code not found in supportedLngs: en-US
 CONSOLE [warning]: i18next::languageUtils: rejecting language code not found in supportedLngs: en
 CONSOLE [warning]: i18next::languageUtils: rejecting language code not found in supportedLngs: en-US
 CONSOLE [warning]: i18next::languageUtils: rejecting language code not found in supportedLngs: en
 CONSOLE [warning]: i18next::languageUtils: rejecting language code not found in supportedLngs: en-US
 CONSOLE [warning]: i18next::languageUtils: rejecting language code not found in supportedLngs: en
 CONSOLE [warning]: i18next::languageUtils: rejecting language code not found in supportedLngs: en-US
 CONSOLE [warning]: i18next::languageUtils: rejecting language code not found in supportedLngs: en
 CONSOLE [warning]: i18next::languageUtils: rejecting language code not found in supportedLngs: en-US
 CONSOLE [info]: Language changed to: en-US
 CONSOLE [info]: Language changed to: en-US
 CONSOLE [log]: i18next: languageChanged en-US
 CONSOLE [log]: i18next: initialized {debug: true, initImmediate: true, ns: Array(1), defaultNS: common, fallbackLng: Array(1)}
 CONSOLE [info]: i18next initialized with options: {debug: true, initImmediate: true, ns: Array(1), defaultNS: common, fallbackLng: Array(1)}
 CONSOLE [info]: i18next initialized with language: en-US
 CONSOLE [warning]: i18next::languageUtils: rejecting language code not found in supportedLngs: en
 CONSOLE [warning]: i18next::languageUtils: rejecting language code not found in supportedLngs: en-US
 CONSOLE [warning]: i18next::languageUtils: rejecting language code not found in supportedLngs: en
 CONSOLE [warning]: i18next::languageUtils: rejecting language code not found in supportedLngs: en-US
 CONSOLE [warning]: i18next::languageUtils: rejecting language code not found in supportedLngs: en
 CONSOLE [warning]: i18next::languageUtils: rejecting language code not found in supportedLngs: en-US
 CONSOLE [warning]: i18next::languageUtils: rejecting language code not found in supportedLngs: en
 CONSOLE [warning]: i18next::languageUtils: rejecting language code not found in supportedLngs: en-US
 CONSOLE [info]: Language changed to: en-US
 CONSOLE [info]: Language changed to: en-US
 CONSOLE [log]: i18next: languageChanged en-US
 CONSOLE [warning]: i18next: init: i18next is already initialized. You should call init just once!
 CONSOLE [log]: i18next: initialized {debug: true, initImmediate: true, ns: Array(1), defaultNS: common, fallbackLng: Array(1)}
 CONSOLE [info]: i18next initialized with options: {debug: true, initImmediate: true, ns: Array(1), defaultNS: common, fallbackLng: Array(1)}
 CONSOLE [warning]: <Router basename="/law4hire"> is not able to match the URL "/register" because it does not start with the basename, so the <Router> won't render anything.
 CONSOLE [warning]: <Router basename="/law4hire"> is not able to match the URL "/register" because it does not start with the basename, so the <Router> won't render anything.
 CONSOLE [warning]: ⚠️ React Router Future Flag Warning: React Router will begin wrapping state updates in `React.startTransition` in v7. You can use the `v7_startTransition` future flag to opt-in early. For more information, see https://reactrouter.com/v6/upgrading/future#v7_starttransition.
 CONSOLE [warning]: ⚠️ React Router Future Flag Warning: Relative route resolution within Splat routes is changing in v7. You can use the `v7_relativeSplatPath` future flag to opt-in early. For more information, see https://reactrouter.com/v6/upgrading/future#v7_relativesplatpath.


  Failed L4H.UI.E2E.Tests.Comprehensive_Visa_E2E_Tests.K1_Visa_Fiance_Test [11 s]
  Error Message:
   System.TimeoutException : Timeout 10000ms exceeded.
Call log:
  - waiting for Locator("input[name='email']") to be visible
  Stack Trace:
     at Microsoft.Playwright.Transport.Connection.InnerSendMessageToServerAsync[T](ChannelOwnerBase object, String method, Dictionary`2 dictionary, Boolean keepNulls) in /_/src/Playwright/Transport/Connection.cs:line 209
   at Microsoft.Playwright.Transport.Connection.WrapApiCallAsync[T](Func`1 action, Boolean isInternal)
   at Microsoft.Playwright.Core.Frame.WaitForSelectorAsync(String selector, FrameWaitForSelectorOptions options) in /_/src/Playwright/Core/Frame.cs:line 527
   at L4H.UI.E2E.Tests.Comprehensive_Visa_E2E_Tests.RegisterUser(IPage page, String email, String firstName, String lastName) in C:\programming\L4HProject\tests\ui.e2e\Comprehensive_Visa_E2E_Tests.cs:line 36
   at L4H.UI.E2E.Tests.Comprehensive_Visa_E2E_Tests.K1_Visa_Fiance_Test() in C:\programming\L4HProject\tests\ui.e2e\Comprehensive_Visa_E2E_Tests.cs:line 431
   at L4H.UI.E2E.Tests.Comprehensive_Visa_E2E_Tests.K1_Visa_Fiance_Test() in C:\programming\L4HProject\tests\ui.e2e\Comprehensive_Visa_E2E_Tests.cs:line 448
--- End of stack trace from previous location ---
  Failed 🌐 Russian (ru-RU) Localization Test [11 s]
  Error Message:
   System.TimeoutException : Timeout 10000ms exceeded.
Call log:
  - waiting for Locator("input[name='email']") to be visible
  Stack Trace:
     at Microsoft.Playwright.Transport.Connection.InnerSendMessageToServerAsync[T](ChannelOwnerBase object, String method, Dictionary`2 dictionary, Boolean keepNulls) in /_/src/Playwright/Transport/Connection.cs:line 209
   at Microsoft.Playwright.Transport.Connection.WrapApiCallAsync[T](Func`1 action, Boolean isInternal)
   at Microsoft.Playwright.Core.Frame.WaitForSelectorAsync(String selector, FrameWaitForSelectorOptions options) in /_/src/Playwright/Core/Frame.cs:line 527
   at L4H.UI.E2E.Tests.ComprehensiveVisualStudioUITests.RegisterUser(IPage page, String email, String firstName, String lastName, String nationality, String dateOfBirth) in C:\programming\L4HProject\tests\ui.e2e\ComprehensiveVisualStudioUITests.cs:line 51
   at L4H.UI.E2E.Tests.ComprehensiveVisualStudioUITests.Russian_Localization_Test() in C:\programming\L4HProject\tests\ui.e2e\ComprehensiveVisualStudioUITests.cs:line 839
   at L4H.UI.E2E.Tests.ComprehensiveVisualStudioUITests.Russian_Localization_Test() in C:\programming\L4HProject\tests\ui.e2e\ComprehensiveVisualStudioUITests.cs:line 845
--- End of stack trace from previous location ---
  Standard Output Messages:
 Registering user: russian-test-dd51c142@testing.com
 CONSOLE [debug]: [vite] connecting...
 CONSOLE [debug]: [vite] connected.
 CONSOLE [info]: %cDownload the React DevTools for a better development experience: https://reactjs.org/link/react-devtools font-weight:bold
 CONSOLE [warning]: i18next::languageUtils: rejecting language code not found in supportedLngs: en
 CONSOLE [warning]: i18next::languageUtils: rejecting language code not found in supportedLngs: en-US
 CONSOLE [warning]: i18next::languageUtils: rejecting language code not found in supportedLngs: en
 CONSOLE [warning]: i18next::languageUtils: rejecting language code not found in supportedLngs: en-US
 CONSOLE [warning]: i18next::languageUtils: rejecting language code not found in supportedLngs: en
 CONSOLE [warning]: i18next::languageUtils: rejecting language code not found in supportedLngs: en-US
 CONSOLE [warning]: i18next::languageUtils: rejecting language code not found in supportedLngs: en
 CONSOLE [warning]: i18next::languageUtils: rejecting language code not found in supportedLngs: en-US
 CONSOLE [warning]: i18next::languageUtils: rejecting language code not found in supportedLngs: en
 CONSOLE [warning]: i18next::languageUtils: rejecting language code not found in supportedLngs: en-US
 CONSOLE [info]: Language changed to: en-US
 CONSOLE [info]: Language changed to: en-US
 CONSOLE [log]: i18next: languageChanged en-US
 CONSOLE [log]: i18next: initialized {debug: true, initImmediate: true, ns: Array(1), defaultNS: common, fallbackLng: Array(1)}
 CONSOLE [info]: i18next initialized with options: {debug: true, initImmediate: true, ns: Array(1), defaultNS: common, fallbackLng: Array(1)}
 CONSOLE [info]: i18next initialized with language: en-US
 CONSOLE [warning]: i18next::languageUtils: rejecting language code not found in supportedLngs: en
 CONSOLE [warning]: i18next::languageUtils: rejecting language code not found in supportedLngs: en-US
 CONSOLE [warning]: i18next::languageUtils: rejecting language code not found in supportedLngs: en
 CONSOLE [warning]: i18next::languageUtils: rejecting language code not found in supportedLngs: en-US
 CONSOLE [warning]: i18next::languageUtils: rejecting language code not found in supportedLngs: en
 CONSOLE [warning]: i18next::languageUtils: rejecting language code not found in supportedLngs: en-US
 CONSOLE [warning]: i18next::languageUtils: rejecting language code not found in supportedLngs: en
 CONSOLE [warning]: i18next::languageUtils: rejecting language code not found in supportedLngs: en-US
 CONSOLE [info]: Language changed to: en-US
 CONSOLE [info]: Language changed to: en-US
 CONSOLE [log]: i18next: languageChanged en-US
 CONSOLE [warning]: i18next: init: i18next is already initialized. You should call init just once!
 CONSOLE [log]: i18next: initialized {debug: true, initImmediate: true, ns: Array(1), defaultNS: common, fallbackLng: Array(1)}
 CONSOLE [info]: i18next initialized with options: {debug: true, initImmediate: true, ns: Array(1), defaultNS: common, fallbackLng: Array(1)}
 CONSOLE [warning]: <Router basename="/law4hire"> is not able to match the URL "/register" because it does not start with the basename, so the <Router> won't render anything.
 CONSOLE [warning]: <Router basename="/law4hire"> is not able to match the URL "/register" because it does not start with the basename, so the <Router> won't render anything.
 CONSOLE [warning]: ⚠️ React Router Future Flag Warning: React Router will begin wrapping state updates in `React.startTransition` in v7. You can use the `v7_startTransition` future flag to opt-in early. For more information, see https://reactrouter.com/v6/upgrading/future#v7_starttransition.
 CONSOLE [warning]: ⚠️ React Router Future Flag Warning: Relative route resolution within Splat routes is changing in v7. You can use the `v7_relativeSplatPath` future flag to opt-in early. For more information, see https://reactrouter.com/v6/upgrading/future#v7_relativesplatpath.


  Failed 🌐 French (fr-FR) Localization Test [11 s]
  Error Message:
   System.TimeoutException : Timeout 10000ms exceeded.
Call log:
  - waiting for Locator("input[name='email']") to be visible
  Stack Trace:
     at Microsoft.Playwright.Transport.Connection.InnerSendMessageToServerAsync[T](ChannelOwnerBase object, String method, Dictionary`2 dictionary, Boolean keepNulls) in /_/src/Playwright/Transport/Connection.cs:line 209
   at Microsoft.Playwright.Transport.Connection.WrapApiCallAsync[T](Func`1 action, Boolean isInternal)
   at Microsoft.Playwright.Core.Frame.WaitForSelectorAsync(String selector, FrameWaitForSelectorOptions options) in /_/src/Playwright/Core/Frame.cs:line 527
   at L4H.UI.E2E.Tests.ComprehensiveVisualStudioUITests.RegisterUser(IPage page, String email, String firstName, String lastName, String nationality, String dateOfBirth) in C:\programming\L4HProject\tests\ui.e2e\ComprehensiveVisualStudioUITests.cs:line 51
   at L4H.UI.E2E.Tests.ComprehensiveVisualStudioUITests.French_Localization_Test() in C:\programming\L4HProject\tests\ui.e2e\ComprehensiveVisualStudioUITests.cs:line 759
   at L4H.UI.E2E.Tests.ComprehensiveVisualStudioUITests.French_Localization_Test() in C:\programming\L4HProject\tests\ui.e2e\ComprehensiveVisualStudioUITests.cs:line 765
--- End of stack trace from previous location ---
  Standard Output Messages:
 Registering user: french-test-33fcd905@law4hire.com
 CONSOLE [debug]: [vite] connecting...
 CONSOLE [debug]: [vite] connected.
 CONSOLE [info]: %cDownload the React DevTools for a better development experience: https://reactjs.org/link/react-devtools font-weight:bold
 CONSOLE [warning]: i18next::languageUtils: rejecting language code not found in supportedLngs: en
 CONSOLE [warning]: i18next::languageUtils: rejecting language code not found in supportedLngs: en-US
 CONSOLE [warning]: i18next::languageUtils: rejecting language code not found in supportedLngs: en
 CONSOLE [warning]: i18next::languageUtils: rejecting language code not found in supportedLngs: en-US
 CONSOLE [warning]: i18next::languageUtils: rejecting language code not found in supportedLngs: en
 CONSOLE [warning]: i18next::languageUtils: rejecting language code not found in supportedLngs: en-US
 CONSOLE [warning]: i18next::languageUtils: rejecting language code not found in supportedLngs: en
 CONSOLE [warning]: i18next::languageUtils: rejecting language code not found in supportedLngs: en-US
 CONSOLE [warning]: i18next::languageUtils: rejecting language code not found in supportedLngs: en
 CONSOLE [warning]: i18next::languageUtils: rejecting language code not found in supportedLngs: en-US
 CONSOLE [info]: Language changed to: en-US
 CONSOLE [info]: Language changed to: en-US
 CONSOLE [log]: i18next: languageChanged en-US
 CONSOLE [log]: i18next: initialized {debug: true, initImmediate: true, ns: Array(1), defaultNS: common, fallbackLng: Array(1)}
 CONSOLE [info]: i18next initialized with options: {debug: true, initImmediate: true, ns: Array(1), defaultNS: common, fallbackLng: Array(1)}
 CONSOLE [info]: i18next initialized with language: en-US
 CONSOLE [warning]: i18next::languageUtils: rejecting language code not found in supportedLngs: en
 CONSOLE [warning]: i18next::languageUtils: rejecting language code not found in supportedLngs: en-US
 CONSOLE [warning]: i18next::languageUtils: rejecting language code not found in supportedLngs: en
 CONSOLE [warning]: i18next::languageUtils: rejecting language code not found in supportedLngs: en-US
 CONSOLE [warning]: i18next::languageUtils: rejecting language code not found in supportedLngs: en
 CONSOLE [warning]: i18next::languageUtils: rejecting language code not found in supportedLngs: en-US
 CONSOLE [warning]: i18next::languageUtils: rejecting language code not found in supportedLngs: en
 CONSOLE [warning]: i18next::languageUtils: rejecting language code not found in supportedLngs: en-US
 CONSOLE [info]: Language changed to: en-US
 CONSOLE [info]: Language changed to: en-US
 CONSOLE [log]: i18next: languageChanged en-US
 CONSOLE [warning]: i18next: init: i18next is already initialized. You should call init just once!
 CONSOLE [log]: i18next: initialized {debug: true, initImmediate: true, ns: Array(1), defaultNS: common, fallbackLng: Array(1)}
 CONSOLE [info]: i18next initialized with options: {debug: true, initImmediate: true, ns: Array(1), defaultNS: common, fallbackLng: Array(1)}
 CONSOLE [warning]: <Router basename="/law4hire"> is not able to match the URL "/register" because it does not start with the basename, so the <Router> won't render anything.
 CONSOLE [warning]: <Router basename="/law4hire"> is not able to match the URL "/register" because it does not start with the basename, so the <Router> won't render anything.
 CONSOLE [warning]: ⚠️ React Router Future Flag Warning: React Router will begin wrapping state updates in `React.startTransition` in v7. You can use the `v7_startTransition` future flag to opt-in early. For more information, see https://reactrouter.com/v6/upgrading/future#v7_starttransition.
 CONSOLE [warning]: ⚠️ React Router Future Flag Warning: Relative route resolution within Splat routes is changing in v7. You can use the `v7_relativeSplatPath` future flag to opt-in early. For more information, see https://reactrouter.com/v6/upgrading/future#v7_relativesplatpath.


  Failed 🇨🇱 Chile → TN Professional (NAFTA) [11 s]
  Error Message:
   System.TimeoutException : Timeout 10000ms exceeded.
Call log:
  - waiting for Locator("input[name='email']") to be visible
  Stack Trace:
     at Microsoft.Playwright.Transport.Connection.InnerSendMessageToServerAsync[T](ChannelOwnerBase object, String method, Dictionary`2 dictionary, Boolean keepNulls) in /_/src/Playwright/Transport/Connection.cs:line 209
   at Microsoft.Playwright.Transport.Connection.WrapApiCallAsync[T](Func`1 action, Boolean isInternal)
   at Microsoft.Playwright.Core.Frame.WaitForSelectorAsync(String selector, FrameWaitForSelectorOptions options) in /_/src/Playwright/Core/Frame.cs:line 527
   at L4H.UI.E2E.Tests.ComprehensiveVisualStudioUITests.RegisterUser(IPage page, String email, String firstName, String lastName, String nationality, String dateOfBirth) in C:\programming\L4HProject\tests\ui.e2e\ComprehensiveVisualStudioUITests.cs:line 51
   at L4H.UI.E2E.Tests.ComprehensiveVisualStudioUITests.Chile_TN_Professional_Test() in C:\programming\L4HProject\tests\ui.e2e\ComprehensiveVisualStudioUITests.cs:line 336
   at L4H.UI.E2E.Tests.ComprehensiveVisualStudioUITests.Chile_TN_Professional_Test() in C:\programming\L4HProject\tests\ui.e2e\ComprehensiveVisualStudioUITests.cs:line 354
--- End of stack trace from previous location ---
  Standard Output Messages:
 Registering user: tn-chile-61cc6e7b@law4hire.com
 CONSOLE [debug]: [vite] connecting...
 CONSOLE [debug]: [vite] connected.
 CONSOLE [info]: %cDownload the React DevTools for a better development experience: https://reactjs.org/link/react-devtools font-weight:bold
 CONSOLE [warning]: i18next::languageUtils: rejecting language code not found in supportedLngs: en
 CONSOLE [warning]: i18next::languageUtils: rejecting language code not found in supportedLngs: en-US
 CONSOLE [warning]: i18next::languageUtils: rejecting language code not found in supportedLngs: en
 CONSOLE [warning]: i18next::languageUtils: rejecting language code not found in supportedLngs: en-US
 CONSOLE [warning]: i18next::languageUtils: rejecting language code not found in supportedLngs: en
 CONSOLE [warning]: i18next::languageUtils: rejecting language code not found in supportedLngs: en-US
 CONSOLE [warning]: i18next::languageUtils: rejecting language code not found in supportedLngs: en
 CONSOLE [warning]: i18next::languageUtils: rejecting language code not found in supportedLngs: en-US
 CONSOLE [warning]: i18next::languageUtils: rejecting language code not found in supportedLngs: en
 CONSOLE [warning]: i18next::languageUtils: rejecting language code not found in supportedLngs: en-US
 CONSOLE [info]: Language changed to: en-US
 CONSOLE [info]: Language changed to: en-US
 CONSOLE [log]: i18next: languageChanged en-US
 CONSOLE [log]: i18next: initialized {debug: true, initImmediate: true, ns: Array(1), defaultNS: common, fallbackLng: Array(1)}
 CONSOLE [info]: i18next initialized with options: {debug: true, initImmediate: true, ns: Array(1), defaultNS: common, fallbackLng: Array(1)}
 CONSOLE [info]: i18next initialized with language: en-US
 CONSOLE [warning]: i18next::languageUtils: rejecting language code not found in supportedLngs: en
 CONSOLE [warning]: i18next::languageUtils: rejecting language code not found in supportedLngs: en-US
 CONSOLE [warning]: i18next::languageUtils: rejecting language code not found in supportedLngs: en
 CONSOLE [warning]: i18next::languageUtils: rejecting language code not found in supportedLngs: en-US
 CONSOLE [warning]: i18next::languageUtils: rejecting language code not found in supportedLngs: en
 CONSOLE [warning]: i18next::languageUtils: rejecting language code not found in supportedLngs: en-US
 CONSOLE [warning]: i18next::languageUtils: rejecting language code not found in supportedLngs: en
 CONSOLE [warning]: i18next::languageUtils: rejecting language code not found in supportedLngs: en-US
 CONSOLE [info]: Language changed to: en-US
 CONSOLE [info]: Language changed to: en-US
 CONSOLE [log]: i18next: languageChanged en-US
 CONSOLE [warning]: i18next: init: i18next is already initialized. You should call init just once!
 CONSOLE [log]: i18next: initialized {debug: true, initImmediate: true, ns: Array(1), defaultNS: common, fallbackLng: Array(1)}
 CONSOLE [info]: i18next initialized with options: {debug: true, initImmediate: true, ns: Array(1), defaultNS: common, fallbackLng: Array(1)}
 CONSOLE [warning]: <Router basename="/law4hire"> is not able to match the URL "/register" because it does not start with the basename, so the <Router> won't render anything.
 CONSOLE [warning]: <Router basename="/law4hire"> is not able to match the URL "/register" because it does not start with the basename, so the <Router> won't render anything.
 CONSOLE [warning]: ⚠️ React Router Future Flag Warning: React Router will begin wrapping state updates in `React.startTransition` in v7. You can use the `v7_startTransition` future flag to opt-in early. For more information, see https://reactrouter.com/v6/upgrading/future#v7_starttransition.
 CONSOLE [warning]: ⚠️ React Router Future Flag Warning: Relative route resolution within Splat routes is changing in v7. You can use the `v7_relativeSplatPath` future flag to opt-in early. For more information, see https://reactrouter.com/v6/upgrading/future#v7_relativesplatpath.


  Failed 🌐 Hindi (hi-IN) Localization Test [10 s]
  Error Message:
   System.TimeoutException : Timeout 10000ms exceeded.
Call log:
  - waiting for Locator("input[name='email']") to be visible
  Stack Trace:
     at Microsoft.Playwright.Transport.Connection.InnerSendMessageToServerAsync[T](ChannelOwnerBase object, String method, Dictionary`2 dictionary, Boolean keepNulls) in /_/src/Playwright/Transport/Connection.cs:line 209
   at Microsoft.Playwright.Transport.Connection.WrapApiCallAsync[T](Func`1 action, Boolean isInternal)
   at Microsoft.Playwright.Core.Frame.WaitForSelectorAsync(String selector, FrameWaitForSelectorOptions options) in /_/src/Playwright/Core/Frame.cs:line 527
   at L4H.UI.E2E.Tests.ComprehensiveVisualStudioUITests.RegisterUser(IPage page, String email, String firstName, String lastName, String nationality, String dateOfBirth) in C:\programming\L4HProject\tests\ui.e2e\ComprehensiveVisualStudioUITests.cs:line 51
   at L4H.UI.E2E.Tests.ComprehensiveVisualStudioUITests.Hindi_Localization_Test() in C:\programming\L4HProject\tests\ui.e2e\ComprehensiveVisualStudioUITests.cs:line 775
   at L4H.UI.E2E.Tests.ComprehensiveVisualStudioUITests.Hindi_Localization_Test() in C:\programming\L4HProject\tests\ui.e2e\ComprehensiveVisualStudioUITests.cs:line 781
--- End of stack trace from previous location ---
  Standard Output Messages:
 Registering user: hindi-test-e2e079b3@testing.com
 CONSOLE [debug]: [vite] connecting...
 CONSOLE [debug]: [vite] connected.
 CONSOLE [info]: %cDownload the React DevTools for a better development experience: https://reactjs.org/link/react-devtools font-weight:bold
 CONSOLE [warning]: i18next::languageUtils: rejecting language code not found in supportedLngs: en
 CONSOLE [warning]: i18next::languageUtils: rejecting language code not found in supportedLngs: en-US
 CONSOLE [warning]: i18next::languageUtils: rejecting language code not found in supportedLngs: en
 CONSOLE [warning]: i18next::languageUtils: rejecting language code not found in supportedLngs: en-US
 CONSOLE [warning]: i18next::languageUtils: rejecting language code not found in supportedLngs: en
 CONSOLE [warning]: i18next::languageUtils: rejecting language code not found in supportedLngs: en-US
 CONSOLE [warning]: i18next::languageUtils: rejecting language code not found in supportedLngs: en
 CONSOLE [warning]: i18next::languageUtils: rejecting language code not found in supportedLngs: en-US
 CONSOLE [warning]: i18next::languageUtils: rejecting language code not found in supportedLngs: en
 CONSOLE [warning]: i18next::languageUtils: rejecting language code not found in supportedLngs: en-US
 CONSOLE [info]: Language changed to: en-US
 CONSOLE [info]: Language changed to: en-US
 CONSOLE [log]: i18next: languageChanged en-US
 CONSOLE [log]: i18next: initialized {debug: true, initImmediate: true, ns: Array(1), defaultNS: common, fallbackLng: Array(1)}
 CONSOLE [info]: i18next initialized with options: {debug: true, initImmediate: true, ns: Array(1), defaultNS: common, fallbackLng: Array(1)}
 CONSOLE [info]: i18next initialized with language: en-US
 CONSOLE [warning]: i18next::languageUtils: rejecting language code not found in supportedLngs: en
 CONSOLE [warning]: i18next::languageUtils: rejecting language code not found in supportedLngs: en-US
 CONSOLE [warning]: i18next::languageUtils: rejecting language code not found in supportedLngs: en
 CONSOLE [warning]: i18next::languageUtils: rejecting language code not found in supportedLngs: en-US
 CONSOLE [warning]: i18next::languageUtils: rejecting language code not found in supportedLngs: en
 CONSOLE [warning]: i18next::languageUtils: rejecting language code not found in supportedLngs: en-US
 CONSOLE [warning]: i18next::languageUtils: rejecting language code not found in supportedLngs: en
 CONSOLE [warning]: i18next::languageUtils: rejecting language code not found in supportedLngs: en-US
 CONSOLE [info]: Language changed to: en-US
 CONSOLE [info]: Language changed to: en-US
 CONSOLE [log]: i18next: languageChanged en-US
 CONSOLE [warning]: i18next: init: i18next is already initialized. You should call init just once!
 CONSOLE [log]: i18next: initialized {debug: true, initImmediate: true, ns: Array(1), defaultNS: common, fallbackLng: Array(1)}
 CONSOLE [info]: i18next initialized with options: {debug: true, initImmediate: true, ns: Array(1), defaultNS: common, fallbackLng: Array(1)}
 CONSOLE [warning]: <Router basename="/law4hire"> is not able to match the URL "/register" because it does not start with the basename, so the <Router> won't render anything.
 CONSOLE [warning]: <Router basename="/law4hire"> is not able to match the URL "/register" because it does not start with the basename, so the <Router> won't render anything.
 CONSOLE [warning]: ⚠️ React Router Future Flag Warning: React Router will begin wrapping state updates in `React.startTransition` in v7. You can use the `v7_startTransition` future flag to opt-in early. For more information, see https://reactrouter.com/v6/upgrading/future#v7_starttransition.
 CONSOLE [warning]: ⚠️ React Router Future Flag Warning: Relative route resolution within Splat routes is changing in v7. You can use the `v7_relativeSplatPath` future flag to opt-in early. For more information, see https://reactrouter.com/v6/upgrading/future#v7_relativesplatpath.


  Failed 🌐 Spanish (es-ES) Localization Test [10 s]
  Error Message:
   System.TimeoutException : Timeout 10000ms exceeded.
Call log:
  - waiting for Locator("input[name='email']") to be visible
  Stack Trace:
     at Microsoft.Playwright.Transport.Connection.InnerSendMessageToServerAsync[T](ChannelOwnerBase object, String method, Dictionary`2 dictionary, Boolean keepNulls) in /_/src/Playwright/Transport/Connection.cs:line 209
   at Microsoft.Playwright.Transport.Connection.WrapApiCallAsync[T](Func`1 action, Boolean isInternal)
   at Microsoft.Playwright.Core.Frame.WaitForSelectorAsync(String selector, FrameWaitForSelectorOptions options) in /_/src/Playwright/Core/Frame.cs:line 527
   at L4H.UI.E2E.Tests.ComprehensiveVisualStudioUITests.RegisterUser(IPage page, String email, String firstName, String lastName, String nationality, String dateOfBirth) in C:\programming\L4HProject\tests\ui.e2e\ComprehensiveVisualStudioUITests.cs:line 51
   at L4H.UI.E2E.Tests.ComprehensiveVisualStudioUITests.Spanish_Localization_Test() in C:\programming\L4HProject\tests\ui.e2e\ComprehensiveVisualStudioUITests.cs:line 743
   at L4H.UI.E2E.Tests.ComprehensiveVisualStudioUITests.Spanish_Localization_Test() in C:\programming\L4HProject\tests\ui.e2e\ComprehensiveVisualStudioUITests.cs:line 749
--- End of stack trace from previous location ---
  Standard Output Messages:
 Registering user: spanish-test-56a6aa69@testing.com
 CONSOLE [debug]: [vite] connecting...
 CONSOLE [debug]: [vite] connected.
 CONSOLE [info]: %cDownload the React DevTools for a better development experience: https://reactjs.org/link/react-devtools font-weight:bold
 CONSOLE [warning]: i18next::languageUtils: rejecting language code not found in supportedLngs: en
 CONSOLE [warning]: i18next::languageUtils: rejecting language code not found in supportedLngs: en-US
 CONSOLE [warning]: i18next::languageUtils: rejecting language code not found in supportedLngs: en
 CONSOLE [warning]: i18next::languageUtils: rejecting language code not found in supportedLngs: en-US
 CONSOLE [warning]: i18next::languageUtils: rejecting language code not found in supportedLngs: en
 CONSOLE [warning]: i18next::languageUtils: rejecting language code not found in supportedLngs: en-US
 CONSOLE [warning]: i18next::languageUtils: rejecting language code not found in supportedLngs: en
 CONSOLE [warning]: i18next::languageUtils: rejecting language code not found in supportedLngs: en-US
 CONSOLE [warning]: i18next::languageUtils: rejecting language code not found in supportedLngs: en
 CONSOLE [warning]: i18next::languageUtils: rejecting language code not found in supportedLngs: en-US
 CONSOLE [info]: Language changed to: en-US
 CONSOLE [info]: Language changed to: en-US
 CONSOLE [log]: i18next: languageChanged en-US
 CONSOLE [log]: i18next: initialized {debug: true, initImmediate: true, ns: Array(1), defaultNS: common, fallbackLng: Array(1)}
 CONSOLE [info]: i18next initialized with options: {debug: true, initImmediate: true, ns: Array(1), defaultNS: common, fallbackLng: Array(1)}
 CONSOLE [info]: i18next initialized with language: en-US
 CONSOLE [warning]: i18next::languageUtils: rejecting language code not found in supportedLngs: en
 CONSOLE [warning]: i18next::languageUtils: rejecting language code not found in supportedLngs: en-US
 CONSOLE [warning]: i18next::languageUtils: rejecting language code not found in supportedLngs: en
 CONSOLE [warning]: i18next::languageUtils: rejecting language code not found in supportedLngs: en-US
 CONSOLE [warning]: i18next::languageUtils: rejecting language code not found in supportedLngs: en
 CONSOLE [warning]: i18next::languageUtils: rejecting language code not found in supportedLngs: en-US
 CONSOLE [warning]: i18next::languageUtils: rejecting language code not found in supportedLngs: en
 CONSOLE [warning]: i18next::languageUtils: rejecting language code not found in supportedLngs: en-US
 CONSOLE [info]: Language changed to: en-US
 CONSOLE [info]: Language changed to: en-US
 CONSOLE [log]: i18next: languageChanged en-US
 CONSOLE [warning]: i18next: init: i18next is already initialized. You should call init just once!
 CONSOLE [log]: i18next: initialized {debug: true, initImmediate: true, ns: Array(1), defaultNS: common, fallbackLng: Array(1)}
 CONSOLE [info]: i18next initialized with options: {debug: true, initImmediate: true, ns: Array(1), defaultNS: common, fallbackLng: Array(1)}
 CONSOLE [warning]: <Router basename="/law4hire"> is not able to match the URL "/register" because it does not start with the basename, so the <Router> won't render anything.
 CONSOLE [warning]: <Router basename="/law4hire"> is not able to match the URL "/register" because it does not start with the basename, so the <Router> won't render anything.
 CONSOLE [warning]: ⚠️ React Router Future Flag Warning: React Router will begin wrapping state updates in `React.startTransition` in v7. You can use the `v7_startTransition` future flag to opt-in early. For more information, see https://reactrouter.com/v6/upgrading/future#v7_starttransition.
 CONSOLE [warning]: ⚠️ React Router Future Flag Warning: Relative route resolution within Splat routes is changing in v7. You can use the `v7_relativeSplatPath` future flag to opt-in early. For more information, see https://reactrouter.com/v6/upgrading/future#v7_relativesplatpath.


  Failed 🌐 Japanese (ja-JP) Localization Test [11 s]
  Error Message:
   System.TimeoutException : Timeout 10000ms exceeded.
Call log:
  - waiting for Locator("input[name='email']") to be visible
  Stack Trace:
     at Microsoft.Playwright.Transport.Connection.InnerSendMessageToServerAsync[T](ChannelOwnerBase object, String method, Dictionary`2 dictionary, Boolean keepNulls) in /_/src/Playwright/Transport/Connection.cs:line 209
   at Microsoft.Playwright.Transport.Connection.WrapApiCallAsync[T](Func`1 action, Boolean isInternal)
   at Microsoft.Playwright.Core.Frame.WaitForSelectorAsync(String selector, FrameWaitForSelectorOptions options) in /_/src/Playwright/Core/Frame.cs:line 527
   at L4H.UI.E2E.Tests.ComprehensiveVisualStudioUITests.RegisterUser(IPage page, String email, String firstName, String lastName, String nationality, String dateOfBirth) in C:\programming\L4HProject\tests\ui.e2e\ComprehensiveVisualStudioUITests.cs:line 51
   at L4H.UI.E2E.Tests.ComprehensiveVisualStudioUITests.Japanese_Localization_Test() in C:\programming\L4HProject\tests\ui.e2e\ComprehensiveVisualStudioUITests.cs:line 791
   at L4H.UI.E2E.Tests.ComprehensiveVisualStudioUITests.Japanese_Localization_Test() in C:\programming\L4HProject\tests\ui.e2e\ComprehensiveVisualStudioUITests.cs:line 797
--- End of stack trace from previous location ---
  Standard Output Messages:
 Registering user: japanese-test-3c9882ac@law4hire.com
 CONSOLE [debug]: [vite] connecting...
 CONSOLE [debug]: [vite] connected.
 CONSOLE [info]: %cDownload the React DevTools for a better development experience: https://reactjs.org/link/react-devtools font-weight:bold
 CONSOLE [warning]: i18next::languageUtils: rejecting language code not found in supportedLngs: en
 CONSOLE [warning]: i18next::languageUtils: rejecting language code not found in supportedLngs: en-US
 CONSOLE [warning]: i18next::languageUtils: rejecting language code not found in supportedLngs: en
 CONSOLE [warning]: i18next::languageUtils: rejecting language code not found in supportedLngs: en-US
 CONSOLE [warning]: i18next::languageUtils: rejecting language code not found in supportedLngs: en
 CONSOLE [warning]: i18next::languageUtils: rejecting language code not found in supportedLngs: en-US
 CONSOLE [warning]: i18next::languageUtils: rejecting language code not found in supportedLngs: en
 CONSOLE [warning]: i18next::languageUtils: rejecting language code not found in supportedLngs: en-US
 CONSOLE [warning]: i18next::languageUtils: rejecting language code not found in supportedLngs: en
 CONSOLE [warning]: i18next::languageUtils: rejecting language code not found in supportedLngs: en-US
 CONSOLE [info]: Language changed to: en-US
 CONSOLE [info]: Language changed to: en-US
 CONSOLE [log]: i18next: languageChanged en-US
 CONSOLE [log]: i18next: initialized {debug: true, initImmediate: true, ns: Array(1), defaultNS: common, fallbackLng: Array(1)}
 CONSOLE [info]: i18next initialized with options: {debug: true, initImmediate: true, ns: Array(1), defaultNS: common, fallbackLng: Array(1)}
 CONSOLE [info]: i18next initialized with language: en-US
 CONSOLE [warning]: i18next::languageUtils: rejecting language code not found in supportedLngs: en
 CONSOLE [warning]: i18next::languageUtils: rejecting language code not found in supportedLngs: en-US
 CONSOLE [warning]: i18next::languageUtils: rejecting language code not found in supportedLngs: en
 CONSOLE [warning]: i18next::languageUtils: rejecting language code not found in supportedLngs: en-US
 CONSOLE [warning]: i18next::languageUtils: rejecting language code not found in supportedLngs: en
 CONSOLE [warning]: i18next::languageUtils: rejecting language code not found in supportedLngs: en-US
 CONSOLE [warning]: i18next::languageUtils: rejecting language code not found in supportedLngs: en
 CONSOLE [warning]: i18next::languageUtils: rejecting language code not found in supportedLngs: en-US
 CONSOLE [info]: Language changed to: en-US
 CONSOLE [info]: Language changed to: en-US
 CONSOLE [log]: i18next: languageChanged en-US
 CONSOLE [warning]: i18next: init: i18next is already initialized. You should call init just once!
 CONSOLE [log]: i18next: initialized {debug: true, initImmediate: true, ns: Array(1), defaultNS: common, fallbackLng: Array(1)}
 CONSOLE [info]: i18next initialized with options: {debug: true, initImmediate: true, ns: Array(1), defaultNS: common, fallbackLng: Array(1)}
 CONSOLE [warning]: <Router basename="/law4hire"> is not able to match the URL "/register" because it does not start with the basename, so the <Router> won't render anything.
 CONSOLE [warning]: <Router basename="/law4hire"> is not able to match the URL "/register" because it does not start with the basename, so the <Router> won't render anything.
 CONSOLE [warning]: ⚠️ React Router Future Flag Warning: React Router will begin wrapping state updates in `React.startTransition` in v7. You can use the `v7_startTransition` future flag to opt-in early. For more information, see https://reactrouter.com/v6/upgrading/future#v7_starttransition.
 CONSOLE [warning]: ⚠️ React Router Future Flag Warning: Relative route resolution within Splat routes is changing in v7. You can use the `v7_relativeSplatPath` future flag to opt-in early. For more information, see https://reactrouter.com/v6/upgrading/future#v7_relativesplatpath.


  Failed 🔄 Interview Progress Preservation [11 s]
  Error Message:
   System.TimeoutException : Timeout 10000ms exceeded.
Call log:
  - waiting for Locator("input[name='email']") to be visible
  Stack Trace:
     at Microsoft.Playwright.Transport.Connection.InnerSendMessageToServerAsync[T](ChannelOwnerBase object, String method, Dictionary`2 dictionary, Boolean keepNulls) in /_/src/Playwright/Transport/Connection.cs:line 209
   at Microsoft.Playwright.Transport.Connection.WrapApiCallAsync[T](Func`1 action, Boolean isInternal)
   at Microsoft.Playwright.Core.Frame.WaitForSelectorAsync(String selector, FrameWaitForSelectorOptions options) in /_/src/Playwright/Core/Frame.cs:line 527
   at L4H.UI.E2E.Tests.ComprehensiveVisualStudioUITests.RegisterUser(IPage page, String email, String firstName, String lastName, String nationality, String dateOfBirth) in C:\programming\L4HProject\tests\ui.e2e\ComprehensiveVisualStudioUITests.cs:line 51
   at L4H.UI.E2E.Tests.ComprehensiveVisualStudioUITests.Interview_Progress_Preservation_Test() in C:\programming\L4HProject\tests\ui.e2e\ComprehensiveVisualStudioUITests.cs:line 985
   at L4H.UI.E2E.Tests.ComprehensiveVisualStudioUITests.Interview_Progress_Preservation_Test() in C:\programming\L4HProject\tests\ui.e2e\ComprehensiveVisualStudioUITests.cs:line 1006
--- End of stack trace from previous location ---
  Standard Output Messages:
 Registering user: progress-test-a5d14e0b@law4hire.com
 CONSOLE [debug]: [vite] connecting...
 CONSOLE [debug]: [vite] connected.
 CONSOLE [info]: %cDownload the React DevTools for a better development experience: https://reactjs.org/link/react-devtools font-weight:bold
 CONSOLE [warning]: i18next::languageUtils: rejecting language code not found in supportedLngs: en
 CONSOLE [warning]: i18next::languageUtils: rejecting language code not found in supportedLngs: en-US
 CONSOLE [warning]: i18next::languageUtils: rejecting language code not found in supportedLngs: en
 CONSOLE [warning]: i18next::languageUtils: rejecting language code not found in supportedLngs: en-US
 CONSOLE [warning]: i18next::languageUtils: rejecting language code not found in supportedLngs: en
 CONSOLE [warning]: i18next::languageUtils: rejecting language code not found in supportedLngs: en-US
 CONSOLE [warning]: i18next::languageUtils: rejecting language code not found in supportedLngs: en
 CONSOLE [warning]: i18next::languageUtils: rejecting language code not found in supportedLngs: en-US
 CONSOLE [warning]: i18next::languageUtils: rejecting language code not found in supportedLngs: en
 CONSOLE [warning]: i18next::languageUtils: rejecting language code not found in supportedLngs: en-US
 CONSOLE [info]: Language changed to: en-US
 CONSOLE [info]: Language changed to: en-US
 CONSOLE [log]: i18next: languageChanged en-US
 CONSOLE [log]: i18next: initialized {debug: true, initImmediate: true, ns: Array(1), defaultNS: common, fallbackLng: Array(1)}
 CONSOLE [info]: i18next initialized with options: {debug: true, initImmediate: true, ns: Array(1), defaultNS: common, fallbackLng: Array(1)}
 CONSOLE [info]: i18next initialized with language: en-US
 CONSOLE [warning]: i18next::languageUtils: rejecting language code not found in supportedLngs: en
 CONSOLE [warning]: i18next::languageUtils: rejecting language code not found in supportedLngs: en-US
 CONSOLE [warning]: i18next::languageUtils: rejecting language code not found in supportedLngs: en
 CONSOLE [warning]: i18next::languageUtils: rejecting language code not found in supportedLngs: en-US
 CONSOLE [warning]: i18next::languageUtils: rejecting language code not found in supportedLngs: en
 CONSOLE [warning]: i18next::languageUtils: rejecting language code not found in supportedLngs: en-US
 CONSOLE [warning]: i18next::languageUtils: rejecting language code not found in supportedLngs: en
 CONSOLE [warning]: i18next::languageUtils: rejecting language code not found in supportedLngs: en-US
 CONSOLE [info]: Language changed to: en-US
 CONSOLE [info]: Language changed to: en-US
 CONSOLE [log]: i18next: languageChanged en-US
 CONSOLE [warning]: i18next: init: i18next is already initialized. You should call init just once!
 CONSOLE [log]: i18next: initialized {debug: true, initImmediate: true, ns: Array(1), defaultNS: common, fallbackLng: Array(1)}
 CONSOLE [info]: i18next initialized with options: {debug: true, initImmediate: true, ns: Array(1), defaultNS: common, fallbackLng: Array(1)}
 CONSOLE [warning]: <Router basename="/law4hire"> is not able to match the URL "/register" because it does not start with the basename, so the <Router> won't render anything.
 CONSOLE [warning]: <Router basename="/law4hire"> is not able to match the URL "/register" because it does not start with the basename, so the <Router> won't render anything.
 CONSOLE [warning]: ⚠️ React Router Future Flag Warning: React Router will begin wrapping state updates in `React.startTransition` in v7. You can use the `v7_startTransition` future flag to opt-in early. For more information, see https://reactrouter.com/v6/upgrading/future#v7_starttransition.
 CONSOLE [warning]: ⚠️ React Router Future Flag Warning: Relative route resolution within Splat routes is changing in v7. You can use the `v7_relativeSplatPath` future flag to opt-in early. For more information, see https://reactrouter.com/v6/upgrading/future#v7_relativesplatpath.


  Failed 🇺🇸 US Citizen → IR-3 Adoption (Child Abroad) [10 s]
  Error Message:
   System.TimeoutException : Timeout 10000ms exceeded.
Call log:
  - waiting for Locator("input[name='email']") to be visible
  Stack Trace:
     at Microsoft.Playwright.Transport.Connection.InnerSendMessageToServerAsync[T](ChannelOwnerBase object, String method, Dictionary`2 dictionary, Boolean keepNulls) in /_/src/Playwright/Transport/Connection.cs:line 209
   at Microsoft.Playwright.Transport.Connection.WrapApiCallAsync[T](Func`1 action, Boolean isInternal)
   at Microsoft.Playwright.Core.Frame.WaitForSelectorAsync(String selector, FrameWaitForSelectorOptions options) in /_/src/Playwright/Core/Frame.cs:line 527
   at L4H.UI.E2E.Tests.ComprehensiveVisualStudioUITests.RegisterUser(IPage page, String email, String firstName, String lastName, String nationality, String dateOfBirth) in C:\programming\L4HProject\tests\ui.e2e\ComprehensiveVisualStudioUITests.cs:line 51
   at L4H.UI.E2E.Tests.ComprehensiveVisualStudioUITests.USCitizen_IR3_Adoption_Child_Abroad_Test() in C:\programming\L4HProject\tests\ui.e2e\ComprehensiveVisualStudioUITests.cs:line 574
   at L4H.UI.E2E.Tests.ComprehensiveVisualStudioUITests.USCitizen_IR3_Adoption_Child_Abroad_Test() in C:\programming\L4HProject\tests\ui.e2e\ComprehensiveVisualStudioUITests.cs:line 595
--- End of stack trace from previous location ---
  Standard Output Messages:
 Registering user: ir3-adoption-e1e09596@law4hire.com
 CONSOLE [debug]: [vite] connecting...
 CONSOLE [debug]: [vite] connected.
 CONSOLE [info]: %cDownload the React DevTools for a better development experience: https://reactjs.org/link/react-devtools font-weight:bold
 CONSOLE [warning]: i18next::languageUtils: rejecting language code not found in supportedLngs: en
 CONSOLE [warning]: i18next::languageUtils: rejecting language code not found in supportedLngs: en-US
 CONSOLE [warning]: i18next::languageUtils: rejecting language code not found in supportedLngs: en
 CONSOLE [warning]: i18next::languageUtils: rejecting language code not found in supportedLngs: en-US
 CONSOLE [warning]: i18next::languageUtils: rejecting language code not found in supportedLngs: en
 CONSOLE [warning]: i18next::languageUtils: rejecting language code not found in supportedLngs: en-US
 CONSOLE [warning]: i18next::languageUtils: rejecting language code not found in supportedLngs: en
 CONSOLE [warning]: i18next::languageUtils: rejecting language code not found in supportedLngs: en-US
 CONSOLE [warning]: i18next::languageUtils: rejecting language code not found in supportedLngs: en
 CONSOLE [warning]: i18next::languageUtils: rejecting language code not found in supportedLngs: en-US
 CONSOLE [info]: Language changed to: en-US
 CONSOLE [info]: Language changed to: en-US
 CONSOLE [log]: i18next: languageChanged en-US
 CONSOLE [log]: i18next: initialized {debug: true, initImmediate: true, ns: Array(1), defaultNS: common, fallbackLng: Array(1)}
 CONSOLE [info]: i18next initialized with options: {debug: true, initImmediate: true, ns: Array(1), defaultNS: common, fallbackLng: Array(1)}
 CONSOLE [info]: i18next initialized with language: en-US
 CONSOLE [warning]: i18next::languageUtils: rejecting language code not found in supportedLngs: en
 CONSOLE [warning]: i18next::languageUtils: rejecting language code not found in supportedLngs: en-US
 CONSOLE [warning]: i18next::languageUtils: rejecting language code not found in supportedLngs: en
 CONSOLE [warning]: i18next::languageUtils: rejecting language code not found in supportedLngs: en-US
 CONSOLE [warning]: i18next::languageUtils: rejecting language code not found in supportedLngs: en
 CONSOLE [warning]: i18next::languageUtils: rejecting language code not found in supportedLngs: en-US
 CONSOLE [warning]: i18next::languageUtils: rejecting language code not found in supportedLngs: en
 CONSOLE [warning]: i18next::languageUtils: rejecting language code not found in supportedLngs: en-US
 CONSOLE [info]: Language changed to: en-US
 CONSOLE [info]: Language changed to: en-US
 CONSOLE [log]: i18next: languageChanged en-US
 CONSOLE [warning]: i18next: init: i18next is already initialized. You should call init just once!
 CONSOLE [log]: i18next: initialized {debug: true, initImmediate: true, ns: Array(1), defaultNS: common, fallbackLng: Array(1)}
 CONSOLE [info]: i18next initialized with options: {debug: true, initImmediate: true, ns: Array(1), defaultNS: common, fallbackLng: Array(1)}
 CONSOLE [warning]: <Router basename="/law4hire"> is not able to match the URL "/register" because it does not start with the basename, so the <Router> won't render anything.
 CONSOLE [warning]: <Router basename="/law4hire"> is not able to match the URL "/register" because it does not start with the basename, so the <Router> won't render anything.
 CONSOLE [warning]: ⚠️ React Router Future Flag Warning: React Router will begin wrapping state updates in `React.startTransition` in v7. You can use the `v7_startTransition` future flag to opt-in early. For more information, see https://reactrouter.com/v6/upgrading/future#v7_starttransition.
 CONSOLE [warning]: ⚠️ React Router Future Flag Warning: Relative route resolution within Splat routes is changing in v7. You can use the `v7_relativeSplatPath` future flag to opt-in early. For more information, see https://reactrouter.com/v6/upgrading/future#v7_relativesplatpath.


  Failed 🇩🇪 Germany → E-2 Treaty Investor [11 s]
  Error Message:
   System.TimeoutException : Timeout 10000ms exceeded.
Call log:
  - waiting for Locator("input[name='email']") to be visible
  Stack Trace:
     at Microsoft.Playwright.Transport.Connection.InnerSendMessageToServerAsync[T](ChannelOwnerBase object, String method, Dictionary`2 dictionary, Boolean keepNulls) in /_/src/Playwright/Transport/Connection.cs:line 209
   at Microsoft.Playwright.Transport.Connection.WrapApiCallAsync[T](Func`1 action, Boolean isInternal)
   at Microsoft.Playwright.Core.Frame.WaitForSelectorAsync(String selector, FrameWaitForSelectorOptions options) in /_/src/Playwright/Core/Frame.cs:line 527
   at L4H.UI.E2E.Tests.ComprehensiveVisualStudioUITests.RegisterUser(IPage page, String email, String firstName, String lastName, String nationality, String dateOfBirth) in C:\programming\L4HProject\tests\ui.e2e\ComprehensiveVisualStudioUITests.cs:line 51
   at L4H.UI.E2E.Tests.ComprehensiveVisualStudioUITests.Germany_E2_Treaty_Investor_Test() in C:\programming\L4HProject\tests\ui.e2e\ComprehensiveVisualStudioUITests.cs:line 396
   at L4H.UI.E2E.Tests.ComprehensiveVisualStudioUITests.Germany_E2_Treaty_Investor_Test() in C:\programming\L4HProject\tests\ui.e2e\ComprehensiveVisualStudioUITests.cs:line 413
--- End of stack trace from previous location ---
  Standard Output Messages:
 Registering user: e2-germany-c332ef23@law4hire.com
 CONSOLE [debug]: [vite] connecting...
 CONSOLE [debug]: [vite] connected.
 CONSOLE [info]: %cDownload the React DevTools for a better development experience: https://reactjs.org/link/react-devtools font-weight:bold
 CONSOLE [warning]: i18next::languageUtils: rejecting language code not found in supportedLngs: en
 CONSOLE [warning]: i18next::languageUtils: rejecting language code not found in supportedLngs: en-US
 CONSOLE [warning]: i18next::languageUtils: rejecting language code not found in supportedLngs: en
 CONSOLE [warning]: i18next::languageUtils: rejecting language code not found in supportedLngs: en-US
 CONSOLE [warning]: i18next::languageUtils: rejecting language code not found in supportedLngs: en
 CONSOLE [warning]: i18next::languageUtils: rejecting language code not found in supportedLngs: en-US
 CONSOLE [warning]: i18next::languageUtils: rejecting language code not found in supportedLngs: en
 CONSOLE [warning]: i18next::languageUtils: rejecting language code not found in supportedLngs: en-US
 CONSOLE [warning]: i18next::languageUtils: rejecting language code not found in supportedLngs: en
 CONSOLE [warning]: i18next::languageUtils: rejecting language code not found in supportedLngs: en-US
 CONSOLE [info]: Language changed to: en-US
 CONSOLE [info]: Language changed to: en-US
 CONSOLE [log]: i18next: languageChanged en-US
 CONSOLE [log]: i18next: initialized {debug: true, initImmediate: true, ns: Array(1), defaultNS: common, fallbackLng: Array(1)}
 CONSOLE [info]: i18next initialized with options: {debug: true, initImmediate: true, ns: Array(1), defaultNS: common, fallbackLng: Array(1)}
 CONSOLE [info]: i18next initialized with language: en-US
 CONSOLE [warning]: i18next::languageUtils: rejecting language code not found in supportedLngs: en
 CONSOLE [warning]: i18next::languageUtils: rejecting language code not found in supportedLngs: en-US
 CONSOLE [warning]: i18next::languageUtils: rejecting language code not found in supportedLngs: en
 CONSOLE [warning]: i18next::languageUtils: rejecting language code not found in supportedLngs: en-US
 CONSOLE [warning]: i18next::languageUtils: rejecting language code not found in supportedLngs: en
 CONSOLE [warning]: i18next::languageUtils: rejecting language code not found in supportedLngs: en-US
 CONSOLE [warning]: i18next::languageUtils: rejecting language code not found in supportedLngs: en
 CONSOLE [warning]: i18next::languageUtils: rejecting language code not found in supportedLngs: en-US
 CONSOLE [info]: Language changed to: en-US
 CONSOLE [info]: Language changed to: en-US
 CONSOLE [log]: i18next: languageChanged en-US
 CONSOLE [warning]: i18next: init: i18next is already initialized. You should call init just once!
 CONSOLE [log]: i18next: initialized {debug: true, initImmediate: true, ns: Array(1), defaultNS: common, fallbackLng: Array(1)}
 CONSOLE [info]: i18next initialized with options: {debug: true, initImmediate: true, ns: Array(1), defaultNS: common, fallbackLng: Array(1)}
 CONSOLE [warning]: <Router basename="/law4hire"> is not able to match the URL "/register" because it does not start with the basename, so the <Router> won't render anything.
 CONSOLE [warning]: <Router basename="/law4hire"> is not able to match the URL "/register" because it does not start with the basename, so the <Router> won't render anything.
 CONSOLE [warning]: ⚠️ React Router Future Flag Warning: React Router will begin wrapping state updates in `React.startTransition` in v7. You can use the `v7_startTransition` future flag to opt-in early. For more information, see https://reactrouter.com/v6/upgrading/future#v7_starttransition.
 CONSOLE [warning]: ⚠️ React Router Future Flag Warning: Relative route resolution within Splat routes is changing in v7. You can use the `v7_relativeSplatPath` future flag to opt-in early. For more information, see https://reactrouter.com/v6/upgrading/future#v7_relativesplatpath.


  Failed 🌐 Arabic (ar-SA) Localization Test [11 s]
  Error Message:
   System.TimeoutException : Timeout 10000ms exceeded.
Call log:
  - waiting for Locator("input[name='email']") to be visible
  Stack Trace:
     at Microsoft.Playwright.Transport.Connection.InnerSendMessageToServerAsync[T](ChannelOwnerBase object, String method, Dictionary`2 dictionary, Boolean keepNulls) in /_/src/Playwright/Transport/Connection.cs:line 209
   at Microsoft.Playwright.Transport.Connection.WrapApiCallAsync[T](Func`1 action, Boolean isInternal)
   at Microsoft.Playwright.Core.Frame.WaitForSelectorAsync(String selector, FrameWaitForSelectorOptions options) in /_/src/Playwright/Core/Frame.cs:line 527
   at L4H.UI.E2E.Tests.ComprehensiveVisualStudioUITests.RegisterUser(IPage page, String email, String firstName, String lastName, String nationality, String dateOfBirth) in C:\programming\L4HProject\tests\ui.e2e\ComprehensiveVisualStudioUITests.cs:line 51
   at L4H.UI.E2E.Tests.ComprehensiveVisualStudioUITests.Arabic_Localization_Test() in C:\programming\L4HProject\tests\ui.e2e\ComprehensiveVisualStudioUITests.cs:line 706
   at L4H.UI.E2E.Tests.ComprehensiveVisualStudioUITests.Arabic_Localization_Test() in C:\programming\L4HProject\tests\ui.e2e\ComprehensiveVisualStudioUITests.cs:line 717
--- End of stack trace from previous location ---
  Standard Output Messages:
 Registering user: arabic-test-9d63671a@testing.com
 CONSOLE [debug]: [vite] connecting...
 CONSOLE [debug]: [vite] connected.
 CONSOLE [info]: %cDownload the React DevTools for a better development experience: https://reactjs.org/link/react-devtools font-weight:bold
 CONSOLE [warning]: i18next::languageUtils: rejecting language code not found in supportedLngs: en
 CONSOLE [warning]: i18next::languageUtils: rejecting language code not found in supportedLngs: en-US
 CONSOLE [warning]: i18next::languageUtils: rejecting language code not found in supportedLngs: en
 CONSOLE [warning]: i18next::languageUtils: rejecting language code not found in supportedLngs: en-US
 CONSOLE [warning]: i18next::languageUtils: rejecting language code not found in supportedLngs: en
 CONSOLE [warning]: i18next::languageUtils: rejecting language code not found in supportedLngs: en-US
 CONSOLE [warning]: i18next::languageUtils: rejecting language code not found in supportedLngs: en
 CONSOLE [warning]: i18next::languageUtils: rejecting language code not found in supportedLngs: en-US
 CONSOLE [warning]: i18next::languageUtils: rejecting language code not found in supportedLngs: en
 CONSOLE [warning]: i18next::languageUtils: rejecting language code not found in supportedLngs: en-US
 CONSOLE [info]: Language changed to: en-US
 CONSOLE [info]: Language changed to: en-US
 CONSOLE [log]: i18next: languageChanged en-US
 CONSOLE [log]: i18next: initialized {debug: true, initImmediate: true, ns: Array(1), defaultNS: common, fallbackLng: Array(1)}
 CONSOLE [info]: i18next initialized with options: {debug: true, initImmediate: true, ns: Array(1), defaultNS: common, fallbackLng: Array(1)}
 CONSOLE [info]: i18next initialized with language: en-US
 CONSOLE [warning]: i18next::languageUtils: rejecting language code not found in supportedLngs: en
 CONSOLE [warning]: i18next::languageUtils: rejecting language code not found in supportedLngs: en-US
 CONSOLE [warning]: i18next::languageUtils: rejecting language code not found in supportedLngs: en
 CONSOLE [warning]: i18next::languageUtils: rejecting language code not found in supportedLngs: en-US
 CONSOLE [warning]: i18next::languageUtils: rejecting language code not found in supportedLngs: en
 CONSOLE [warning]: i18next::languageUtils: rejecting language code not found in supportedLngs: en-US
 CONSOLE [warning]: i18next::languageUtils: rejecting language code not found in supportedLngs: en
 CONSOLE [warning]: i18next::languageUtils: rejecting language code not found in supportedLngs: en-US
 CONSOLE [info]: Language changed to: en-US
 CONSOLE [info]: Language changed to: en-US
 CONSOLE [log]: i18next: languageChanged en-US
 CONSOLE [warning]: i18next: init: i18next is already initialized. You should call init just once!
 CONSOLE [log]: i18next: initialized {debug: true, initImmediate: true, ns: Array(1), defaultNS: common, fallbackLng: Array(1)}
 CONSOLE [info]: i18next initialized with options: {debug: true, initImmediate: true, ns: Array(1), defaultNS: common, fallbackLng: Array(1)}
 CONSOLE [warning]: <Router basename="/law4hire"> is not able to match the URL "/register" because it does not start with the basename, so the <Router> won't render anything.
 CONSOLE [warning]: <Router basename="/law4hire"> is not able to match the URL "/register" because it does not start with the basename, so the <Router> won't render anything.
 CONSOLE [warning]: ⚠️ React Router Future Flag Warning: React Router will begin wrapping state updates in `React.startTransition` in v7. You can use the `v7_startTransition` future flag to opt-in early. For more information, see https://reactrouter.com/v6/upgrading/future#v7_starttransition.
 CONSOLE [warning]: ⚠️ React Router Future Flag Warning: Relative route resolution within Splat routes is changing in v7. You can use the `v7_relativeSplatPath` future flag to opt-in early. For more information, see https://reactrouter.com/v6/upgrading/future#v7_relativesplatpath.


  Failed 🇸🇦 Saudi Arabia → EB-5 Investor [11 s]
  Error Message:
   System.TimeoutException : Timeout 10000ms exceeded.
Call log:
  - waiting for Locator("input[name='email']") to be visible
  Stack Trace:
     at Microsoft.Playwright.Transport.Connection.InnerSendMessageToServerAsync[T](ChannelOwnerBase object, String method, Dictionary`2 dictionary, Boolean keepNulls) in /_/src/Playwright/Transport/Connection.cs:line 209
   at Microsoft.Playwright.Transport.Connection.WrapApiCallAsync[T](Func`1 action, Boolean isInternal)
   at Microsoft.Playwright.Core.Frame.WaitForSelectorAsync(String selector, FrameWaitForSelectorOptions options) in /_/src/Playwright/Core/Frame.cs:line 527
   at L4H.UI.E2E.Tests.ComprehensiveVisualStudioUITests.RegisterUser(IPage page, String email, String firstName, String lastName, String nationality, String dateOfBirth) in C:\programming\L4HProject\tests\ui.e2e\ComprehensiveVisualStudioUITests.cs:line 51
   at L4H.UI.E2E.Tests.ComprehensiveVisualStudioUITests.SaudiArabia_EB5_Investor_Test() in C:\programming\L4HProject\tests\ui.e2e\ComprehensiveVisualStudioUITests.cs:line 423
   at L4H.UI.E2E.Tests.ComprehensiveVisualStudioUITests.SaudiArabia_EB5_Investor_Test() in C:\programming\L4HProject\tests\ui.e2e\ComprehensiveVisualStudioUITests.cs:line 440
--- End of stack trace from previous location ---
  Standard Output Messages:
 Registering user: eb5-saudi-e3635568@testing.com
 CONSOLE [debug]: [vite] connecting...
 CONSOLE [debug]: [vite] connected.
 CONSOLE [info]: %cDownload the React DevTools for a better development experience: https://reactjs.org/link/react-devtools font-weight:bold
 CONSOLE [warning]: i18next::languageUtils: rejecting language code not found in supportedLngs: en
 CONSOLE [warning]: i18next::languageUtils: rejecting language code not found in supportedLngs: en-US
 CONSOLE [warning]: i18next::languageUtils: rejecting language code not found in supportedLngs: en
 CONSOLE [warning]: i18next::languageUtils: rejecting language code not found in supportedLngs: en-US
 CONSOLE [warning]: i18next::languageUtils: rejecting language code not found in supportedLngs: en
 CONSOLE [warning]: i18next::languageUtils: rejecting language code not found in supportedLngs: en-US
 CONSOLE [warning]: i18next::languageUtils: rejecting language code not found in supportedLngs: en
 CONSOLE [warning]: i18next::languageUtils: rejecting language code not found in supportedLngs: en-US
 CONSOLE [warning]: i18next::languageUtils: rejecting language code not found in supportedLngs: en
 CONSOLE [warning]: i18next::languageUtils: rejecting language code not found in supportedLngs: en-US
 CONSOLE [info]: Language changed to: en-US
 CONSOLE [info]: Language changed to: en-US
 CONSOLE [log]: i18next: languageChanged en-US
 CONSOLE [log]: i18next: initialized {debug: true, initImmediate: true, ns: Array(1), defaultNS: common, fallbackLng: Array(1)}
 CONSOLE [info]: i18next initialized with options: {debug: true, initImmediate: true, ns: Array(1), defaultNS: common, fallbackLng: Array(1)}
 CONSOLE [info]: i18next initialized with language: en-US
 CONSOLE [warning]: i18next::languageUtils: rejecting language code not found in supportedLngs: en
 CONSOLE [warning]: i18next::languageUtils: rejecting language code not found in supportedLngs: en-US
 CONSOLE [warning]: i18next::languageUtils: rejecting language code not found in supportedLngs: en
 CONSOLE [warning]: i18next::languageUtils: rejecting language code not found in supportedLngs: en-US
 CONSOLE [warning]: i18next::languageUtils: rejecting language code not found in supportedLngs: en
 CONSOLE [warning]: i18next::languageUtils: rejecting language code not found in supportedLngs: en-US
 CONSOLE [warning]: i18next::languageUtils: rejecting language code not found in supportedLngs: en
 CONSOLE [warning]: i18next::languageUtils: rejecting language code not found in supportedLngs: en-US
 CONSOLE [info]: Language changed to: en-US
 CONSOLE [info]: Language changed to: en-US
 CONSOLE [log]: i18next: languageChanged en-US
 CONSOLE [warning]: i18next: init: i18next is already initialized. You should call init just once!
 CONSOLE [log]: i18next: initialized {debug: true, initImmediate: true, ns: Array(1), defaultNS: common, fallbackLng: Array(1)}
 CONSOLE [info]: i18next initialized with options: {debug: true, initImmediate: true, ns: Array(1), defaultNS: common, fallbackLng: Array(1)}
 CONSOLE [warning]: <Router basename="/law4hire"> is not able to match the URL "/register" because it does not start with the basename, so the <Router> won't render anything.
 CONSOLE [warning]: <Router basename="/law4hire"> is not able to match the URL "/register" because it does not start with the basename, so the <Router> won't render anything.
 CONSOLE [warning]: ⚠️ React Router Future Flag Warning: React Router will begin wrapping state updates in `React.startTransition` in v7. You can use the `v7_startTransition` future flag to opt-in early. For more information, see https://reactrouter.com/v6/upgrading/future#v7_starttransition.
 CONSOLE [warning]: ⚠️ React Router Future Flag Warning: Relative route resolution within Splat routes is changing in v7. You can use the `v7_relativeSplatPath` future flag to opt-in early. For more information, see https://reactrouter.com/v6/upgrading/future#v7_relativesplatpath.


  Failed 🇧🇷 Brazil → F-1 Student [11 s]
  Error Message:
   System.TimeoutException : Timeout 10000ms exceeded.
Call log:
  - waiting for Locator("input[name='email']") to be visible
  Stack Trace:
     at Microsoft.Playwright.Transport.Connection.InnerSendMessageToServerAsync[T](ChannelOwnerBase object, String method, Dictionary`2 dictionary, Boolean keepNulls) in /_/src/Playwright/Transport/Connection.cs:line 209
   at Microsoft.Playwright.Transport.Connection.WrapApiCallAsync[T](Func`1 action, Boolean isInternal)
   at Microsoft.Playwright.Core.Frame.WaitForSelectorAsync(String selector, FrameWaitForSelectorOptions options) in /_/src/Playwright/Core/Frame.cs:line 527
   at L4H.UI.E2E.Tests.ComprehensiveVisualStudioUITests.RegisterUser(IPage page, String email, String firstName, String lastName, String nationality, String dateOfBirth) in C:\programming\L4HProject\tests\ui.e2e\ComprehensiveVisualStudioUITests.cs:line 51
   at L4H.UI.E2E.Tests.ComprehensiveVisualStudioUITests.Brazil_F1_Student_Test() in C:\programming\L4HProject\tests\ui.e2e\ComprehensiveVisualStudioUITests.cs:line 512
   at L4H.UI.E2E.Tests.ComprehensiveVisualStudioUITests.Brazil_F1_Student_Test() in C:\programming\L4HProject\tests\ui.e2e\ComprehensiveVisualStudioUITests.cs:line 529
--- End of stack trace from previous location ---
  Standard Output Messages:
 Registering user: f1-brazil-f9d2f170@law4hire.com
 CONSOLE [debug]: [vite] connecting...
 CONSOLE [debug]: [vite] connected.
 CONSOLE [info]: %cDownload the React DevTools for a better development experience: https://reactjs.org/link/react-devtools font-weight:bold
 CONSOLE [warning]: i18next::languageUtils: rejecting language code not found in supportedLngs: en
 CONSOLE [warning]: i18next::languageUtils: rejecting language code not found in supportedLngs: en-US
 CONSOLE [warning]: i18next::languageUtils: rejecting language code not found in supportedLngs: en
 CONSOLE [warning]: i18next::languageUtils: rejecting language code not found in supportedLngs: en-US
 CONSOLE [warning]: i18next::languageUtils: rejecting language code not found in supportedLngs: en
 CONSOLE [warning]: i18next::languageUtils: rejecting language code not found in supportedLngs: en-US
 CONSOLE [warning]: i18next::languageUtils: rejecting language code not found in supportedLngs: en
 CONSOLE [warning]: i18next::languageUtils: rejecting language code not found in supportedLngs: en-US
 CONSOLE [warning]: i18next::languageUtils: rejecting language code not found in supportedLngs: en
 CONSOLE [warning]: i18next::languageUtils: rejecting language code not found in supportedLngs: en-US
 CONSOLE [info]: Language changed to: en-US
 CONSOLE [info]: Language changed to: en-US
 CONSOLE [log]: i18next: languageChanged en-US
 CONSOLE [log]: i18next: initialized {debug: true, initImmediate: true, ns: Array(1), defaultNS: common, fallbackLng: Array(1)}
 CONSOLE [info]: i18next initialized with options: {debug: true, initImmediate: true, ns: Array(1), defaultNS: common, fallbackLng: Array(1)}
 CONSOLE [info]: i18next initialized with language: en-US
 CONSOLE [warning]: i18next::languageUtils: rejecting language code not found in supportedLngs: en
 CONSOLE [warning]: i18next::languageUtils: rejecting language code not found in supportedLngs: en-US
 CONSOLE [warning]: i18next::languageUtils: rejecting language code not found in supportedLngs: en
 CONSOLE [warning]: i18next::languageUtils: rejecting language code not found in supportedLngs: en-US
 CONSOLE [warning]: i18next::languageUtils: rejecting language code not found in supportedLngs: en
 CONSOLE [warning]: i18next::languageUtils: rejecting language code not found in supportedLngs: en-US
 CONSOLE [warning]: i18next::languageUtils: rejecting language code not found in supportedLngs: en
 CONSOLE [warning]: i18next::languageUtils: rejecting language code not found in supportedLngs: en-US
 CONSOLE [info]: Language changed to: en-US
 CONSOLE [info]: Language changed to: en-US
 CONSOLE [log]: i18next: languageChanged en-US
 CONSOLE [warning]: i18next: init: i18next is already initialized. You should call init just once!
 CONSOLE [log]: i18next: initialized {debug: true, initImmediate: true, ns: Array(1), defaultNS: common, fallbackLng: Array(1)}
 CONSOLE [info]: i18next initialized with options: {debug: true, initImmediate: true, ns: Array(1), defaultNS: common, fallbackLng: Array(1)}
 CONSOLE [warning]: <Router basename="/law4hire"> is not able to match the URL "/register" because it does not start with the basename, so the <Router> won't render anything.
 CONSOLE [warning]: <Router basename="/law4hire"> is not able to match the URL "/register" because it does not start with the basename, so the <Router> won't render anything.
 CONSOLE [warning]: ⚠️ React Router Future Flag Warning: React Router will begin wrapping state updates in `React.startTransition` in v7. You can use the `v7_startTransition` future flag to opt-in early. For more information, see https://reactrouter.com/v6/upgrading/future#v7_starttransition.
 CONSOLE [warning]: ⚠️ React Router Future Flag Warning: Relative route resolution within Splat routes is changing in v7. You can use the `v7_relativeSplatPath` future flag to opt-in early. For more information, see https://reactrouter.com/v6/upgrading/future#v7_relativesplatpath.


  Failed 🔐 Password Validation Test [31 s]
  Error Message:
   System.TimeoutException : Timeout 30000ms exceeded.
Call log:
  - waiting for Locator("input[name='email']") to be visible
  Stack Trace:
     at Microsoft.Playwright.Transport.Connection.InnerSendMessageToServerAsync[T](ChannelOwnerBase object, String method, Dictionary`2 dictionary, Boolean keepNulls) in /_/src/Playwright/Transport/Connection.cs:line 209
   at Microsoft.Playwright.Transport.Connection.WrapApiCallAsync[T](Func`1 action, Boolean isInternal)
   at Microsoft.Playwright.Core.Frame.WaitForSelectorAsync(String selector, FrameWaitForSelectorOptions options) in /_/src/Playwright/Core/Frame.cs:line 527
   at L4H.UI.E2E.Tests.ComprehensiveVisualStudioUITests.Password_Validation_Test() in C:\programming\L4HProject\tests\ui.e2e\ComprehensiveVisualStudioUITests.cs:line 920
   at L4H.UI.E2E.Tests.ComprehensiveVisualStudioUITests.Password_Validation_Test() in C:\programming\L4HProject\tests\ui.e2e\ComprehensiveVisualStudioUITests.cs:line 939
--- End of stack trace from previous location ---
  Standard Output Messages:
 CONSOLE [debug]: [vite] connecting...
 CONSOLE [debug]: [vite] connected.
 CONSOLE [info]: %cDownload the React DevTools for a better development experience: https://reactjs.org/link/react-devtools font-weight:bold
 CONSOLE [warning]: i18next::languageUtils: rejecting language code not found in supportedLngs: en
 CONSOLE [warning]: i18next::languageUtils: rejecting language code not found in supportedLngs: en-US
 CONSOLE [warning]: i18next::languageUtils: rejecting language code not found in supportedLngs: en
 CONSOLE [warning]: i18next::languageUtils: rejecting language code not found in supportedLngs: en-US
 CONSOLE [warning]: i18next::languageUtils: rejecting language code not found in supportedLngs: en
 CONSOLE [warning]: i18next::languageUtils: rejecting language code not found in supportedLngs: en-US
 CONSOLE [warning]: i18next::languageUtils: rejecting language code not found in supportedLngs: en
 CONSOLE [warning]: i18next::languageUtils: rejecting language code not found in supportedLngs: en-US
 CONSOLE [warning]: i18next::languageUtils: rejecting language code not found in supportedLngs: en
 CONSOLE [warning]: i18next::languageUtils: rejecting language code not found in supportedLngs: en-US
 CONSOLE [info]: Language changed to: en-US
 CONSOLE [info]: Language changed to: en-US
 CONSOLE [log]: i18next: languageChanged en-US
 CONSOLE [log]: i18next: initialized {debug: true, initImmediate: true, ns: Array(1), defaultNS: common, fallbackLng: Array(1)}
 CONSOLE [info]: i18next initialized with options: {debug: true, initImmediate: true, ns: Array(1), defaultNS: common, fallbackLng: Array(1)}
 CONSOLE [info]: i18next initialized with language: en-US
 CONSOLE [warning]: i18next::languageUtils: rejecting language code not found in supportedLngs: en
 CONSOLE [warning]: i18next::languageUtils: rejecting language code not found in supportedLngs: en-US
 CONSOLE [warning]: i18next::languageUtils: rejecting language code not found in supportedLngs: en
 CONSOLE [warning]: i18next::languageUtils: rejecting language code not found in supportedLngs: en-US
 CONSOLE [warning]: i18next::languageUtils: rejecting language code not found in supportedLngs: en
 CONSOLE [warning]: i18next::languageUtils: rejecting language code not found in supportedLngs: en-US
 CONSOLE [warning]: i18next::languageUtils: rejecting language code not found in supportedLngs: en
 CONSOLE [warning]: i18next::languageUtils: rejecting language code not found in supportedLngs: en-US
 CONSOLE [info]: Language changed to: en-US
 CONSOLE [info]: Language changed to: en-US
 CONSOLE [log]: i18next: languageChanged en-US
 CONSOLE [warning]: i18next: init: i18next is already initialized. You should call init just once!
 CONSOLE [log]: i18next: initialized {debug: true, initImmediate: true, ns: Array(1), defaultNS: common, fallbackLng: Array(1)}
 CONSOLE [info]: i18next initialized with options: {debug: true, initImmediate: true, ns: Array(1), defaultNS: common, fallbackLng: Array(1)}
 CONSOLE [warning]: <Router basename="/law4hire"> is not able to match the URL "/register" because it does not start with the basename, so the <Router> won't render anything.
 CONSOLE [warning]: <Router basename="/law4hire"> is not able to match the URL "/register" because it does not start with the basename, so the <Router> won't render anything.
 CONSOLE [warning]: ⚠️ React Router Future Flag Warning: React Router will begin wrapping state updates in `React.startTransition` in v7. You can use the `v7_startTransition` future flag to opt-in early. For more information, see https://reactrouter.com/v6/upgrading/future#v7_starttransition.
 CONSOLE [warning]: ⚠️ React Router Future Flag Warning: Relative route resolution within Splat routes is changing in v7. You can use the `v7_relativeSplatPath` future flag to opt-in early. For more information, see https://reactrouter.com/v6/upgrading/future#v7_relativesplatpath.


  Failed 🇫🇷 France → B-2 Tourist [11 s]
  Error Message:
   System.TimeoutException : Timeout 10000ms exceeded.
Call log:
  - waiting for Locator("input[name='email']") to be visible
  Stack Trace:
     at Microsoft.Playwright.Transport.Connection.InnerSendMessageToServerAsync[T](ChannelOwnerBase object, String method, Dictionary`2 dictionary, Boolean keepNulls) in /_/src/Playwright/Transport/Connection.cs:line 209
   at Microsoft.Playwright.Transport.Connection.WrapApiCallAsync[T](Func`1 action, Boolean isInternal)
   at Microsoft.Playwright.Core.Frame.WaitForSelectorAsync(String selector, FrameWaitForSelectorOptions options) in /_/src/Playwright/Core/Frame.cs:line 527
   at L4H.UI.E2E.Tests.ComprehensiveVisualStudioUITests.RegisterUser(IPage page, String email, String firstName, String lastName, String nationality, String dateOfBirth) in C:\programming\L4HProject\tests\ui.e2e\ComprehensiveVisualStudioUITests.cs:line 51
   at L4H.UI.E2E.Tests.ComprehensiveVisualStudioUITests.France_B2_Tourist_Test() in C:\programming\L4HProject\tests\ui.e2e\ComprehensiveVisualStudioUITests.cs:line 543
   at L4H.UI.E2E.Tests.ComprehensiveVisualStudioUITests.France_B2_Tourist_Test() in C:\programming\L4HProject\tests\ui.e2e\ComprehensiveVisualStudioUITests.cs:line 560
--- End of stack trace from previous location ---
  Standard Output Messages:
 Registering user: b2-france-48403926@testing.com
 CONSOLE [debug]: [vite] connecting...
 CONSOLE [debug]: [vite] connected.
 CONSOLE [info]: %cDownload the React DevTools for a better development experience: https://reactjs.org/link/react-devtools font-weight:bold
 CONSOLE [warning]: i18next::languageUtils: rejecting language code not found in supportedLngs: en
 CONSOLE [warning]: i18next::languageUtils: rejecting language code not found in supportedLngs: en-US
 CONSOLE [warning]: i18next::languageUtils: rejecting language code not found in supportedLngs: en
 CONSOLE [warning]: i18next::languageUtils: rejecting language code not found in supportedLngs: en-US
 CONSOLE [warning]: i18next::languageUtils: rejecting language code not found in supportedLngs: en
 CONSOLE [warning]: i18next::languageUtils: rejecting language code not found in supportedLngs: en-US
 CONSOLE [warning]: i18next::languageUtils: rejecting language code not found in supportedLngs: en
 CONSOLE [warning]: i18next::languageUtils: rejecting language code not found in supportedLngs: en-US
 CONSOLE [warning]: i18next::languageUtils: rejecting language code not found in supportedLngs: en
 CONSOLE [warning]: i18next::languageUtils: rejecting language code not found in supportedLngs: en-US
 CONSOLE [info]: Language changed to: en-US
 CONSOLE [info]: Language changed to: en-US
 CONSOLE [log]: i18next: languageChanged en-US
 CONSOLE [log]: i18next: initialized {debug: true, initImmediate: true, ns: Array(1), defaultNS: common, fallbackLng: Array(1)}
 CONSOLE [info]: i18next initialized with options: {debug: true, initImmediate: true, ns: Array(1), defaultNS: common, fallbackLng: Array(1)}
 CONSOLE [info]: i18next initialized with language: en-US
 CONSOLE [warning]: i18next::languageUtils: rejecting language code not found in supportedLngs: en
 CONSOLE [warning]: i18next::languageUtils: rejecting language code not found in supportedLngs: en-US
 CONSOLE [warning]: i18next::languageUtils: rejecting language code not found in supportedLngs: en
 CONSOLE [warning]: i18next::languageUtils: rejecting language code not found in supportedLngs: en-US
 CONSOLE [warning]: i18next::languageUtils: rejecting language code not found in supportedLngs: en
 CONSOLE [warning]: i18next::languageUtils: rejecting language code not found in supportedLngs: en-US
 CONSOLE [warning]: i18next::languageUtils: rejecting language code not found in supportedLngs: en
 CONSOLE [warning]: i18next::languageUtils: rejecting language code not found in supportedLngs: en-US
 CONSOLE [info]: Language changed to: en-US
 CONSOLE [info]: Language changed to: en-US
 CONSOLE [log]: i18next: languageChanged en-US
 CONSOLE [warning]: i18next: init: i18next is already initialized. You should call init just once!
 CONSOLE [log]: i18next: initialized {debug: true, initImmediate: true, ns: Array(1), defaultNS: common, fallbackLng: Array(1)}
 CONSOLE [info]: i18next initialized with options: {debug: true, initImmediate: true, ns: Array(1), defaultNS: common, fallbackLng: Array(1)}
 CONSOLE [warning]: <Router basename="/law4hire"> is not able to match the URL "/register" because it does not start with the basename, so the <Router> won't render anything.
 CONSOLE [warning]: <Router basename="/law4hire"> is not able to match the URL "/register" because it does not start with the basename, so the <Router> won't render anything.
 CONSOLE [warning]: ⚠️ React Router Future Flag Warning: React Router will begin wrapping state updates in `React.startTransition` in v7. You can use the `v7_startTransition` future flag to opt-in early. For more information, see https://reactrouter.com/v6/upgrading/future#v7_starttransition.
 CONSOLE [warning]: ⚠️ React Router Future Flag Warning: Relative route resolution within Splat routes is changing in v7. You can use the `v7_relativeSplatPath` future flag to opt-in early. For more information, see https://reactrouter.com/v6/upgrading/future#v7_relativesplatpath.


  Failed 🇦🇩 Andorra → O-1 Extraordinary Ability [11 s]
  Error Message:
   System.TimeoutException : Timeout 10000ms exceeded.
Call log:
  - waiting for Locator("input[name='email']") to be visible
  Stack Trace:
     at Microsoft.Playwright.Transport.Connection.InnerSendMessageToServerAsync[T](ChannelOwnerBase object, String method, Dictionary`2 dictionary, Boolean keepNulls) in /_/src/Playwright/Transport/Connection.cs:line 209
   at Microsoft.Playwright.Transport.Connection.WrapApiCallAsync[T](Func`1 action, Boolean isInternal)
   at Microsoft.Playwright.Core.Frame.WaitForSelectorAsync(String selector, FrameWaitForSelectorOptions options) in /_/src/Playwright/Core/Frame.cs:line 527
   at L4H.UI.E2E.Tests.ComprehensiveVisualStudioUITests.RegisterUser(IPage page, String email, String firstName, String lastName, String nationality, String dateOfBirth) in C:\programming\L4HProject\tests\ui.e2e\ComprehensiveVisualStudioUITests.cs:line 51
   at L4H.UI.E2E.Tests.ComprehensiveVisualStudioUITests.Andorra_O1_Extraordinary_Ability_Test() in C:\programming\L4HProject\tests\ui.e2e\ComprehensiveVisualStudioUITests.cs:line 308
   at L4H.UI.E2E.Tests.ComprehensiveVisualStudioUITests.Andorra_O1_Extraordinary_Ability_Test() in C:\programming\L4HProject\tests\ui.e2e\ComprehensiveVisualStudioUITests.cs:line 326
--- End of stack trace from previous location ---
  Standard Output Messages:
 Registering user: o1-andorra-188ae524@testing.com
 CONSOLE [debug]: [vite] connecting...
 CONSOLE [debug]: [vite] connected.
 CONSOLE [info]: %cDownload the React DevTools for a better development experience: https://reactjs.org/link/react-devtools font-weight:bold
 CONSOLE [warning]: i18next::languageUtils: rejecting language code not found in supportedLngs: en
 CONSOLE [warning]: i18next::languageUtils: rejecting language code not found in supportedLngs: en-US
 CONSOLE [warning]: i18next::languageUtils: rejecting language code not found in supportedLngs: en
 CONSOLE [warning]: i18next::languageUtils: rejecting language code not found in supportedLngs: en-US
 CONSOLE [warning]: i18next::languageUtils: rejecting language code not found in supportedLngs: en
 CONSOLE [warning]: i18next::languageUtils: rejecting language code not found in supportedLngs: en-US
 CONSOLE [warning]: i18next::languageUtils: rejecting language code not found in supportedLngs: en
 CONSOLE [warning]: i18next::languageUtils: rejecting language code not found in supportedLngs: en-US
 CONSOLE [warning]: i18next::languageUtils: rejecting language code not found in supportedLngs: en
 CONSOLE [warning]: i18next::languageUtils: rejecting language code not found in supportedLngs: en-US
 CONSOLE [info]: Language changed to: en-US
 CONSOLE [info]: Language changed to: en-US
 CONSOLE [log]: i18next: languageChanged en-US
 CONSOLE [log]: i18next: initialized {debug: true, initImmediate: true, ns: Array(1), defaultNS: common, fallbackLng: Array(1)}
 CONSOLE [info]: i18next initialized with options: {debug: true, initImmediate: true, ns: Array(1), defaultNS: common, fallbackLng: Array(1)}
 CONSOLE [info]: i18next initialized with language: en-US
 CONSOLE [warning]: i18next::languageUtils: rejecting language code not found in supportedLngs: en
 CONSOLE [warning]: i18next::languageUtils: rejecting language code not found in supportedLngs: en-US
 CONSOLE [warning]: i18next::languageUtils: rejecting language code not found in supportedLngs: en
 CONSOLE [warning]: i18next::languageUtils: rejecting language code not found in supportedLngs: en-US
 CONSOLE [warning]: i18next::languageUtils: rejecting language code not found in supportedLngs: en
 CONSOLE [warning]: i18next::languageUtils: rejecting language code not found in supportedLngs: en-US
 CONSOLE [warning]: i18next::languageUtils: rejecting language code not found in supportedLngs: en
 CONSOLE [warning]: i18next::languageUtils: rejecting language code not found in supportedLngs: en-US
 CONSOLE [info]: Language changed to: en-US
 CONSOLE [info]: Language changed to: en-US
 CONSOLE [log]: i18next: languageChanged en-US
 CONSOLE [warning]: i18next: init: i18next is already initialized. You should call init just once!
 CONSOLE [log]: i18next: initialized {debug: true, initImmediate: true, ns: Array(1), defaultNS: common, fallbackLng: Array(1)}
 CONSOLE [info]: i18next initialized with options: {debug: true, initImmediate: true, ns: Array(1), defaultNS: common, fallbackLng: Array(1)}
 CONSOLE [warning]: <Router basename="/law4hire"> is not able to match the URL "/register" because it does not start with the basename, so the <Router> won't render anything.
 CONSOLE [warning]: <Router basename="/law4hire"> is not able to match the URL "/register" because it does not start with the basename, so the <Router> won't render anything.
 CONSOLE [warning]: ⚠️ React Router Future Flag Warning: React Router will begin wrapping state updates in `React.startTransition` in v7. You can use the `v7_startTransition` future flag to opt-in early. For more information, see https://reactrouter.com/v6/upgrading/future#v7_starttransition.
 CONSOLE [warning]: ⚠️ React Router Future Flag Warning: Relative route resolution within Splat routes is changing in v7. You can use the `v7_relativeSplatPath` future flag to opt-in early. For more information, see https://reactrouter.com/v6/upgrading/future#v7_relativesplatpath.



Failed!  - Failed:    85, Passed:     1, Skipped:     2, Total:    88, Duration: 5 m 59 s - L4H.UI.E2E.Tests.dll (net9.0)

Workload updates are available. Run `dotnet workload list` for more information.
